Archive member included to satisfy reference by file (symbol)

c:/program files (x86)/stm32cubeide_1.11.2/stm32cubeide/plugins/com.st.stm32cube.ide.mcu.externaltools.gnu-tools-for-stm32.10.3-2021.10.win32_1.0.100.202210260954/tools/bin/../lib/gcc/arm-none-eabi/10.3.1/../../../../arm-none-eabi/lib/thumb/v7e-m+fp/hard\libc.a(lib_a-exit.o)
                              c:/program files (x86)/stm32cubeide_1.11.2/stm32cubeide/plugins/com.st.stm32cube.ide.mcu.externaltools.gnu-tools-for-stm32.10.3-2021.10.win32_1.0.100.202210260954/tools/bin/../lib/gcc/arm-none-eabi/10.3.1/../../../../arm-none-eabi/lib/thumb/v7e-m+fp/hard/crt0.o (exit)
c:/program files (x86)/stm32cubeide_1.11.2/stm32cubeide/plugins/com.st.stm32cube.ide.mcu.externaltools.gnu-tools-for-stm32.10.3-2021.10.win32_1.0.100.202210260954/tools/bin/../lib/gcc/arm-none-eabi/10.3.1/../../../../arm-none-eabi/lib/thumb/v7e-m+fp/hard\libc.a(lib_a-impure.o)
                              c:/program files (x86)/stm32cubeide_1.11.2/stm32cubeide/plugins/com.st.stm32cube.ide.mcu.externaltools.gnu-tools-for-stm32.10.3-2021.10.win32_1.0.100.202210260954/tools/bin/../lib/gcc/arm-none-eabi/10.3.1/../../../../arm-none-eabi/lib/thumb/v7e-m+fp/hard\libc.a(lib_a-exit.o) (_global_impure_ptr)
c:/program files (x86)/stm32cubeide_1.11.2/stm32cubeide/plugins/com.st.stm32cube.ide.mcu.externaltools.gnu-tools-for-stm32.10.3-2021.10.win32_1.0.100.202210260954/tools/bin/../lib/gcc/arm-none-eabi/10.3.1/../../../../arm-none-eabi/lib/thumb/v7e-m+fp/hard\libc.a(lib_a-init.o)
                              c:/program files (x86)/stm32cubeide_1.11.2/stm32cubeide/plugins/com.st.stm32cube.ide.mcu.externaltools.gnu-tools-for-stm32.10.3-2021.10.win32_1.0.100.202210260954/tools/bin/../lib/gcc/arm-none-eabi/10.3.1/../../../../arm-none-eabi/lib/thumb/v7e-m+fp/hard/crt0.o (__libc_init_array)
c:/program files (x86)/stm32cubeide_1.11.2/stm32cubeide/plugins/com.st.stm32cube.ide.mcu.externaltools.gnu-tools-for-stm32.10.3-2021.10.win32_1.0.100.202210260954/tools/bin/../lib/gcc/arm-none-eabi/10.3.1/../../../../arm-none-eabi/lib/thumb/v7e-m+fp/hard\libc.a(lib_a-memset.o)
                              c:/program files (x86)/stm32cubeide_1.11.2/stm32cubeide/plugins/com.st.stm32cube.ide.mcu.externaltools.gnu-tools-for-stm32.10.3-2021.10.win32_1.0.100.202210260954/tools/bin/../lib/gcc/arm-none-eabi/10.3.1/../../../../arm-none-eabi/lib/thumb/v7e-m+fp/hard/crt0.o (memset)
c:/program files (x86)/stm32cubeide_1.11.2/stm32cubeide/plugins/com.st.stm32cube.ide.mcu.externaltools.gnu-tools-for-stm32.10.3-2021.10.win32_1.0.100.202210260954/tools/bin/../lib/gcc/arm-none-eabi/10.3.1/../../../../arm-none-eabi/lib/thumb/v7e-m+fp/hard\libc.a(lib_a-__call_atexit.o)
                              c:/program files (x86)/stm32cubeide_1.11.2/stm32cubeide/plugins/com.st.stm32cube.ide.mcu.externaltools.gnu-tools-for-stm32.10.3-2021.10.win32_1.0.100.202210260954/tools/bin/../lib/gcc/arm-none-eabi/10.3.1/../../../../arm-none-eabi/lib/thumb/v7e-m+fp/hard\libc.a(lib_a-exit.o) (__call_exitprocs)
c:/program files (x86)/stm32cubeide_1.11.2/stm32cubeide/plugins/com.st.stm32cube.ide.mcu.externaltools.gnu-tools-for-stm32.10.3-2021.10.win32_1.0.100.202210260954/tools/bin/../lib/gcc/arm-none-eabi/10.3.1/../../../../arm-none-eabi/lib/thumb/v7e-m+fp/hard\libc.a(lib_a-atexit.o)
                              c:/program files (x86)/stm32cubeide_1.11.2/stm32cubeide/plugins/com.st.stm32cube.ide.mcu.externaltools.gnu-tools-for-stm32.10.3-2021.10.win32_1.0.100.202210260954/tools/bin/../lib/gcc/arm-none-eabi/10.3.1/../../../../arm-none-eabi/lib/thumb/v7e-m+fp/hard\libc.a(lib_a-__call_atexit.o) (atexit)
c:/program files (x86)/stm32cubeide_1.11.2/stm32cubeide/plugins/com.st.stm32cube.ide.mcu.externaltools.gnu-tools-for-stm32.10.3-2021.10.win32_1.0.100.202210260954/tools/bin/../lib/gcc/arm-none-eabi/10.3.1/../../../../arm-none-eabi/lib/thumb/v7e-m+fp/hard\libc.a(lib_a-fini.o)
                              c:/program files (x86)/stm32cubeide_1.11.2/stm32cubeide/plugins/com.st.stm32cube.ide.mcu.externaltools.gnu-tools-for-stm32.10.3-2021.10.win32_1.0.100.202210260954/tools/bin/../lib/gcc/arm-none-eabi/10.3.1/../../../../arm-none-eabi/lib/thumb/v7e-m+fp/hard\libc.a(lib_a-__call_atexit.o) (__libc_fini_array)
c:/program files (x86)/stm32cubeide_1.11.2/stm32cubeide/plugins/com.st.stm32cube.ide.mcu.externaltools.gnu-tools-for-stm32.10.3-2021.10.win32_1.0.100.202210260954/tools/bin/../lib/gcc/arm-none-eabi/10.3.1/../../../../arm-none-eabi/lib/thumb/v7e-m+fp/hard\libc.a(lib_a-lock.o)
                              c:/program files (x86)/stm32cubeide_1.11.2/stm32cubeide/plugins/com.st.stm32cube.ide.mcu.externaltools.gnu-tools-for-stm32.10.3-2021.10.win32_1.0.100.202210260954/tools/bin/../lib/gcc/arm-none-eabi/10.3.1/../../../../arm-none-eabi/lib/thumb/v7e-m+fp/hard\libc.a(lib_a-__call_atexit.o) (__retarget_lock_acquire_recursive)
[...]
Memory Configuration

Name             Origin             Length             Attributes
FLASH            0x0000000008000000 0x0000000000080000 xr
RAM              0x0000000020000000 0x0000000000020000 xrw
*default*        0x0000000000000000 0xffffffffffffffff

Linker script and memory map

LOAD c:/program files (x86)/stm32cubeide_1.11.2/stm32cubeide/plugins/com.st.stm32cube.ide.mcu.externaltools.gnu-tools-for-stm32.10.3-2021.10.win32_1.0.100.202210260954/tools/bin/../lib/gcc/arm-none-eabi/10.3.1/thumb/v7e-m+fp/hard/crti.o
LOAD c:/program files (x86)/stm32cubeide_1.11.2/stm32cubeide/plugins/com.st.stm32cube.ide.mcu.externaltools.gnu-tools-for-stm32.10.3-2021.10.win32_1.0.100.202210260954/tools/bin/../lib/gcc/arm-none-eabi/10.3.1/thumb/v7e-m+fp/hard/crtbegin.o
LOAD c:/program files (x86)/stm32cubeide_1.11.2/stm32cubeide/plugins/com.st.stm32cube.ide.mcu.externaltools.gnu-tools-for-stm32.10.3-2021.10.win32_1.0.100.202210260954/tools/bin/../lib/gcc/arm-none-eabi/10.3.1/../../../../arm-none-eabi/lib/thumb/v7e-m+fp/hard/crt0.o
LOAD c:/program files (x86)/stm32cubeide_1.11.2/stm32cubeide/plugins/com.st.stm32cube.ide.mcu.externaltools.gnu-tools-for-stm32.10.3-2021.10.win32_1.0.100.202210260954/tools/bin/../lib/gcc/arm-none-eabi/10.3.1/../../../../arm-none-eabi/lib/thumb/v7e-m+fp/hard\libc.a
LOAD c:/program files (x86)/stm32cubeide_1.11.2/stm32cubeide/plugins/com.st.stm32cube.ide.mcu.externaltools.gnu-tools-for-stm32.10.3-2021.10.win32_1.0.100.202210260954/tools/bin/../lib/gcc/arm-none-eabi/10.3.1/thumb/v7e-m+fp/hard\libgcc.a
LOAD c:/program files (x86)/stm32cubeide_1.11.2/stm32cubeide/plugins/com.st.stm32cube.ide.mcu.externaltools.gnu-tools-for-stm32.10.3-2021.10.win32_1.0.100.202210260954/tools/bin/../lib/gcc/arm-none-eabi/10.3.1/thumb/v7e-m+fp/hard\libgcov.a
LOAD c:/program files (x86)/stm32cubeide_1.11.2/stm32cubeide/plugins/com.st.stm32cube.ide.mcu.externaltools.gnu-tools-for-stm32.10.3-2021.10.win32_1.0.100.202210260954/tools/bin/../lib/gcc/arm-none-eabi/10.3.1/../../../../arm-none-eabi/lib/thumb/v7e-m+fp/hard\libm.a
LOAD C:\Users\sbsim\AppData\Local\Temp\ccucZit3.o
LOAD C:\Users\sbsim\AppData\Local\Temp\ccQukRR4.o
LOAD C:\Users\sbsim\AppData\Local\Temp\ccYv8uSa.o
LOAD C:\Users\sbsim\AppData\Local\Temp\cclijIuf.o
LOAD C:\Users\sbsim\AppData\Local\Temp\cciZTUGn.o
LOAD C:\Users\sbsim\AppData\Local\Temp\cc3dBY7z.o
LOAD C:\Users\sbsim\AppData\Local\Temp\cca26B1U.o
LOAD C:\Users\sbsim\AppData\Local\Temp\cctK2vTi.o
LOAD C:\Users\sbsim\AppData\Local\Temp\ccyvxjMS.o
LOAD C:\Users\sbsim\AppData\Local\Temp\ccreQTLB.o
LOAD C:\Users\sbsim\AppData\Local\Temp\ccy0wpqs.o
LOAD C:\Users\sbsim\AppData\Local\Temp\ccPr4E9n.o
LOAD C:\Users\sbsim\AppData\Local\Temp\ccKNaHfl.o
LOAD C:\Users\sbsim\AppData\Local\Temp\ccrCNqUs.o
LOAD C:\Users\sbsim\AppData\Local\Temp\ccvofzqx.o
LOAD C:\Users\sbsim\AppData\Local\Temp\ccBt8WrG.o
LOAD C:\Users\sbsim\AppData\Local\Temp\ccjIusWS.o
LOAD C:\Users\sbsim\AppData\Local\Temp\ccbSDlP8.o
LOAD C:\Users\sbsim\AppData\Local\Temp\ccrgCCtt.o
LOAD C:\Users\sbsim\AppData\Local\Temp\ccHC1lfS.o
LOAD C:\Users\sbsim\AppData\Local\Temp\ccV5CV5k.o
LOAD C:\Users\sbsim\AppData\Local\Temp\ccNJv6dU.o
LOAD C:\Users\sbsim\AppData\Local\Temp\ccFbOzfx.o
LOAD C:\Users\sbsim\AppData\Local\Temp\ccB7mGyd.o
LOAD C:\Users\sbsim\AppData\Local\Temp\ccJ97y72.o
LOAD C:\Users\sbsim\AppData\Local\Temp\cc1KMo8U.o
LOAD C:\Users\sbsim\AppData\Local\Temp\cc73yvSV.o
LOAD C:\Users\sbsim\AppData\Local\Temp\ccJdGnE1.o
START GROUP
LOAD c:/program files (x86)/stm32cubeide_1.11.2/stm32cubeide/plugins/com.st.stm32cube.ide.mcu.externaltools.gnu-tools-for-stm32.10.3-2021.10.win32_1.0.100.202210260954/tools/bin/../lib/gcc/arm-none-eabi/10.3.1/thumb/v7e-m+fp/hard\libgcc.a
LOAD c:/program files (x86)/stm32cubeide_1.11.2/stm32cubeide/plugins/com.st.stm32cube.ide.mcu.externaltools.gnu-tools-for-stm32.10.3-2021.10.win32_1.0.100.202210260954/tools/bin/../lib/gcc/arm-none-eabi/10.3.1/../../../../arm-none-eabi/lib/thumb/v7e-m+fp/hard\libg.a
LOAD c:/program files (x86)/stm32cubeide_1.11.2/stm32cubeide/plugins/com.st.stm32cube.ide.mcu.externaltools.gnu-tools-for-stm32.10.3-2021.10.win32_1.0.100.202210260954/tools/bin/../lib/gcc/arm-none-eabi/10.3.1/../../../../arm-none-eabi/lib/thumb/v7e-m+fp/hard\libc.a
END GROUP
LOAD c:/program files (x86)/stm32cubeide_1.11.2/stm32cubeide/plugins/com.st.stm32cube.ide.mcu.externaltools.gnu-tools-for-stm32.10.3-2021.10.win32_1.0.100.202210260954/tools/bin/../lib/gcc/arm-none-eabi/10.3.1/thumb/v7e-m+fp/hard/crtend.o
LOAD c:/program files (x86)/stm32cubeide_1.11.2/stm32cubeide/plugins/com.st.stm32cube.ide.mcu.externaltools.gnu-tools-for-stm32.10.3-2021.10.win32_1.0.100.202210260954/tools/bin/../lib/gcc/arm-none-eabi/10.3.1/thumb/v7e-m+fp/hard/crtn.o
                0x000000002001ffff                _estack = 0x2001ffff
                0x0000000000000200                _Min_Heap_Size = 0x200
                0x0000000000000200                _Min_Stack_Size = 0x200

.isr_vector     0x0000000008000000      0x198
                0x0000000008000000                . = ALIGN (0x4)
 *(.isr_vector)
 .isr_vector    0x0000000008000000      0x198 C:\Users\sbsim\AppData\Local\Temp\ccbSDlP8.o
                0x0000000008000000                g_pfnVectors
                0x0000000008000198                . = ALIGN (0x4)

.text           0x0000000008000198    0x105d0
                0x0000000008000198                . = ALIGN (0x4)
 *(.text)
 .text          0x0000000008000198       0x40 c:/program files (x86)/stm32cubeide_1.11.2/stm32cubeide/plugins/com.st.stm32cube.ide.mcu.externaltools.gnu-tools-for-stm32.10.3-2021.10.win32_1.0.100.202210260954/tools/bin/../lib/gcc/arm-none-eabi/10.3.1/thumb/v7e-m+fp/hard/crtbegin.o
 .text          0x00000000080001d8      0x318 C:\Users\sbsim\AppData\Local\Temp\ccucZit3.o
                0x00000000080001d8                HAL_Init
                0x000000000800021c                HAL_DeInit
                0x0000000008000290                HAL_InitTick
                0x00000000080002c8                HAL_IncTick
                0x00000000080002e4                HAL_GetTick
                0x00000000080002fc                HAL_Delay
                0x000000000800032a                HAL_SuspendTick
                0x0000000008000348                HAL_ResumeTick
                0x0000000008000368                HAL_GetHalVersion
                0x000000000800037a                HAL_GetREVID
                0x0000000008000394                HAL_GetDEVID
                0x00000000080003b0                HAL_DBGMCU_EnableDBGSleepMode
                0x00000000080003d0                HAL_DBGMCU_DisableDBGSleepMode
                0x00000000080003f0                HAL_DBGMCU_EnableDBGStopMode
                0x0000000008000410                HAL_DBGMCU_DisableDBGStopMode
                0x0000000008000430                HAL_DBGMCU_EnableDBGStandbyMode
                0x0000000008000450                HAL_DBGMCU_DisableDBGStandbyMode
                0x0000000008000470                HAL_EnableCompensationCell
                0x00000000080004b0                HAL_DisableCompensationCell
 .text          0x00000000080004f0      0xd04 C:\Users\sbsim\AppData\Local\Temp\ccQukRR4.o
                0x00000000080004f0                HAL_RCC_DeInit
                0x0000000008000568                HAL_RCC_OscConfig
                0x0000000008000a14                HAL_RCC_ClockConfig
                0x0000000008000cc8                HAL_RCC_MCOConfig
                0x0000000008000d78                HAL_RCC_EnableCSS
                0x0000000008000d90                HAL_RCC_DisableCSS
                0x0000000008000da8                HAL_RCC_GetSysClockFreq
                0x0000000008000ec4                HAL_RCC_GetHCLKFreq
                0x0000000008000f1c                HAL_RCC_GetPCLK1Freq
                0x0000000008000f68                HAL_RCC_GetPCLK2Freq
                0x0000000008000fb4                HAL_RCC_GetOscConfig
                0x0000000008001158                HAL_RCC_GetClockConfig
                0x00000000080011bc                HAL_RCC_NMI_IRQHandler
                0x00000000080011e4                HAL_RCC_CSSCallback
 .text          0x00000000080011f4      0x5a4 C:\Users\sbsim\AppData\Local\Temp\ccYv8uSa.o
                0x00000000080011f4                HAL_GPIO_Init
                0x000000000800153c                HAL_GPIO_DeInit
                0x000000000800167c                HAL_GPIO_ReadPin
                0x00000000080016ac                HAL_GPIO_WritePin
                0x00000000080016dc                HAL_GPIO_TogglePin
                0x0000000008001700                HAL_GPIO_LockPin
                0x0000000008001750                HAL_GPIO_EXTI_IRQHandler
 .text          0x0000000008001798      0x548 C:\Users\sbsim\AppData\Local\Temp\cclijIuf.o
                0x0000000008001b34                HAL_NVIC_SetPriorityGrouping
                0x0000000008001b4a                HAL_NVIC_SetPriority
                0x0000000008001b82                HAL_NVIC_EnableIRQ
                0x0000000008001b9e                HAL_NVIC_DisableIRQ
                0x0000000008001bba                HAL_NVIC_SystemReset
                0x0000000008001bc6                HAL_SYSTICK_Config
                0x0000000008001bde                HAL_NVIC_GetPriorityGrouping
                0x0000000008001bec                HAL_NVIC_GetPriority
                0x0000000008001c18                HAL_NVIC_SetPendingIRQ
                0x0000000008001c34                HAL_NVIC_GetPendingIRQ
                0x0000000008001c52                HAL_NVIC_ClearPendingIRQ
                0x0000000008001c6e                HAL_NVIC_GetActive
                0x0000000008001c8c                HAL_SYSTICK_CLKSourceConfig
                0x0000000008001cc4                HAL_SYSTICK_IRQHandler
                0x0000000008001cd0                HAL_SYSTICK_Callback
 .text          0x0000000008001ce0     0x16dc C:\Users\sbsim\AppData\Local\Temp\cca26B1U.o
                0x0000000008001ce0                HAL_UART_Init
                0x0000000008001d6a                HAL_HalfDuplex_Init
                0x0000000008001e04                HAL_LIN_Init
                0x0000000008001ec0                HAL_MultiProcessor_Init
                0x0000000008001f90                HAL_UART_DeInit
                0x0000000008001fd0                HAL_UART_MspInit
                0x0000000008001fe4                HAL_UART_MspDeInit
                0x0000000008001ff8                HAL_UART_Transmit
                0x000000000800214a                HAL_UART_Receive
                0x00000000080022ba                HAL_UART_Transmit_IT
                0x0000000008002388                HAL_UART_Receive_IT
                0x0000000008002456                HAL_UART_Transmit_DMA
                0x000000000800254c                HAL_UART_Receive_DMA
                0x0000000008002630                HAL_UART_DMAPause
                0x00000000080026cc                HAL_UART_DMAResume
                0x000000000800278c                HAL_UART_DMAStop
                0x00000000080027ea                HAL_UART_IRQHandler
                0x00000000080029e4                HAL_UART_TxCpltCallback
                0x00000000080029f8                HAL_UART_TxHalfCpltCallback
                0x0000000008002a20                HAL_UART_RxHalfCpltCallback
                0x0000000008002a34                HAL_UART_ErrorCallback
                0x0000000008002a48                HAL_LIN_SendBreak
                0x0000000008002a9c                HAL_MultiProcessor_EnterMuteMode
                0x0000000008002af0                HAL_MultiProcessor_ExitMuteMode
                0x0000000008002b44                HAL_HalfDuplex_EnableTransmitter
                0x0000000008002bac                HAL_HalfDuplex_EnableReceiver
                0x0000000008002c14                HAL_UART_GetState
                0x0000000008002c30                HAL_UART_GetError
 .text          0x00000000080033bc     0x71b4 C:\Users\sbsim\AppData\Local\Temp\ccyvxjMS.o
                0x00000000080033bc                HAL_DMA_Init
                0x0000000008003494                HAL_DMA_DeInit
                0x00000000080046b0                HAL_DMA_Start
                0x0000000008004712                HAL_DMA_Start_IT
                0x00000000080047c4                HAL_DMA_Abort
                0x0000000008004840                HAL_DMA_PollForTransfer
                0x00000000080076a0                HAL_DMA_IRQHandler
                0x000000000800a4e0                HAL_DMA_GetState
                0x000000000800a4fc                HAL_DMA_GetError
 .text          0x000000000800a570     0x31fc C:\Users\sbsim\AppData\Local\Temp\ccrCNqUs.o
                0x000000000800a570                HAL_I2C_Init
                0x000000000800a71c                HAL_I2C_DeInit
                0x000000000800a76c                HAL_I2C_MspInit
                0x000000000800a780                HAL_I2C_MspDeInit
                0x000000000800a794                HAL_I2C_Master_Transmit
                0x000000000800a8fc                HAL_I2C_Master_Receive
                0x000000000800abfc                HAL_I2C_Slave_Transmit
                0x000000000800ad98                HAL_I2C_Slave_Receive
                0x000000000800af18                HAL_I2C_Master_Transmit_IT
                0x000000000800affa                HAL_I2C_Master_Receive_IT
                0x000000000800b16a                HAL_I2C_Slave_Transmit_IT
                0x000000000800b216                HAL_I2C_Slave_Receive_IT
                0x000000000800b2c2                HAL_I2C_Master_Transmit_DMA
                0x000000000800b3d0                HAL_I2C_Master_Receive_DMA
                0x000000000800b508                HAL_I2C_Slave_Transmit_DMA
                0x000000000800b654                HAL_I2C_Slave_Receive_DMA
                0x000000000800b758                HAL_I2C_Mem_Write
                0x000000000800b8b8                HAL_I2C_Mem_Read
                0x000000000800bbb4                HAL_I2C_Mem_Write_IT
                0x000000000800bc8e                HAL_I2C_Mem_Read_IT
                0x000000000800be08                HAL_I2C_Mem_Write_DMA
                0x000000000800bf10                HAL_I2C_Mem_Read_DMA
                0x000000000800c054                HAL_I2C_IsDeviceReady
                0x000000000800c260                HAL_I2C_EV_IRQHandler
                0x000000000800c556                HAL_I2C_ER_IRQHandler
                0x000000000800c722                HAL_I2C_MasterTxCpltCallback
                0x000000000800c736                HAL_I2C_MasterRxCpltCallback
                0x000000000800c74a                HAL_I2C_SlaveTxCpltCallback
                0x000000000800c75e                HAL_I2C_SlaveRxCpltCallback
                0x000000000800c772                HAL_I2C_MemTxCpltCallback
                0x000000000800c786                HAL_I2C_MemRxCpltCallback
                0x000000000800c79a                HAL_I2C_ErrorCallback
                0x000000000800c7ae                HAL_I2C_GetState
                0x000000000800c7ca                HAL_I2C_GetError
 .text          0x000000000800d76c      0x730 C:\Users\sbsim\AppData\Local\Temp\ccvofzqx.o
                0x000000000800d76c                SPI_I2S_DeInit
                0x000000000800d780                SPI_Init
                0x000000000800d808                I2S_Init
                0x000000000800d978                SPI_StructInit
                0x000000000800d9c2                I2S_StructInit
                0x000000000800d9fa                SPI_Cmd
                0x000000000800da34                I2S_Cmd
                0x000000000800da6e                SPI_DataSizeConfig
                0x000000000800daa0                SPI_BiDirectionalLineConfig
                0x000000000800dadc                SPI_NSSInternalSoftwareConfig
                0x000000000800db1a                SPI_SSOutputCmd
                0x000000000800db54                SPI_TIModeCmd
                0x000000000800db8e                I2S_FullDuplexConfig
                0x000000000800dc24                SPI_I2S_ReceiveData
                0x000000000800dc3e                SPI_I2S_SendData
                0x000000000800dc5c                SPI_CalculateCRC
                0x000000000800dc96                SPI_TransmitCRC
                0x000000000800dcb6                SPI_GetCRC
                0x000000000800dce8                SPI_GetCRCPolynomial
                0x000000000800dd02                SPI_I2S_DMACmd
                0x000000000800dd42                SPI_I2S_ITConfig
                0x000000000800dd9c                SPI_I2S_GetFlagStatus
                0x000000000800ddd0                SPI_I2S_ClearFlag
                0x000000000800ddf4                SPI_I2S_GetITStatus
                0x000000000800de66                SPI_I2S_ClearITPendingBit
 .text          0x000000000800de9c      0x71c C:\Users\sbsim\AppData\Local\Temp\ccBt8WrG.o
                0x000000000800de9c                DMA_DeInit
                0x000000000800e044                DMA_Init
                0x000000000800e0f4                DMA_StructInit
                0x000000000800e162                DMA_Cmd
                0x000000000800e19a                DMA_PeriphIncOffsetSizeConfig
                0x000000000800e1d0                DMA_FlowControllerConfig
                0x000000000800e206                DMA_SetCurrDataCounter
                0x000000000800e224                DMA_GetCurrDataCounter
                0x000000000800e23e                DMA_DoubleBufferModeConfig
                0x000000000800e27c                DMA_DoubleBufferModeCmd
                0x000000000800e2b4                DMA_MemoryTargetConfig
                0x000000000800e2e0                DMA_GetCurrentMemoryTarget
                0x000000000800e310                DMA_GetCmdStatus
                0x000000000800e340                DMA_GetFIFOStatus
                0x000000000800e364                DMA_GetFlagStatus
                0x000000000800e3dc                DMA_ClearFlag
                0x000000000800e438                DMA_ITConfig
                0x000000000800e4ac                DMA_GetITStatus
                0x000000000800e55c                DMA_ClearITPendingBit
 .text          0x000000000800e5b8      0x1a4 C:\Users\sbsim\AppData\Local\Temp\ccjIusWS.o
                0x000000000800e5b8                I2S_RxCpltCallback
                0x000000000800e6cc                main
 .text          0x000000000800e75c      0x304 C:\Users\sbsim\AppData\Local\Temp\ccHC1lfS.o
                0x000000000800e75c                HAL_MspInit
                0x000000000800e7ac                HAL_DMA_MspInit
                0x000000000800e7e4                HAL_GPIO_MEASURE_MspInit
                0x000000000800e810                HAL_WolfsonReset_MspInit
                0x000000000800e83c                HAL_UARTCOM_MspInit
                0x000000000800e898                HAL_GPIO_LED_MspInit
                0x000000000800e8c4                HAL_i2c_MspInit
                0x000000000800e928                HAL_timer_MspInit
                0x000000000800e96c                HAL_i2s_MspInit
                0x000000000800ea44                HAL_MspDeInit
 .text          0x000000000800ea60      0x14c C:\Users\sbsim\AppData\Local\Temp\ccV5CV5k.o
                0x000000000800ea60                NMI_Handler
                0x000000000800ea6e                HardFault_Handler
                0x000000000800ea74                MemManage_Handler
                0x000000000800ea7a                BusFault_Handler
                0x000000000800ea80                UsageFault_Handler
                0x000000000800ea86                DebugMon_Handler
                0x000000000800ea94                SysTick_Handler
                0x000000000800eaa0                OTG_FS_IRQHandler
                0x000000000800eaae                TIM4_IRQHandler
                0x000000000800eabc                TIM5_IRQHandler
                0x000000000800eaca                EXTI0_IRQHandler
                0x000000000800ead8                EXTI1_IRQHandler
                0x000000000800eae6                I2C1_EV_IRQHandler
                0x000000000800eaf8                I2C1_ER_IRQHandler
                0x000000000800eb0c                EXTI15_10_IRQHandler
                0x000000000800eb1c                USART2_IRQHandler
                0x000000000800eb30                USART6_IRQHandler
                0x000000000800eb44                SPI2_IRQHandler
                0x000000000800eb80                I2S2_IRQHandler
                0x000000000800eb8e                DMA1_Stream3_IRQHandler
                0x000000000800eb9c                DMA1_Stream4_IRQHandler
 .text          0x000000000800ebac      0x16c C:\Users\sbsim\AppData\Local\Temp\ccNJv6dU.o
                0x000000000800ebac                SystemInit
                0x000000000800ec18                SystemCoreClockUpdate
 .text          0x000000000800ed18       0x8c C:\Users\sbsim\AppData\Local\Temp\ccFbOzfx.o
                0x000000000800ed18                SystemClock_Config
 .text          0x000000000800eda4      0x7a0 C:\Users\sbsim\AppData\Local\Temp\ccB7mGyd.o
                0x000000000800eda4                prbs
                0x000000000800ee44                Codec_WriteRegister
                0x000000000800ee66                configure_codec
                0x000000000800f358                stm32_wm5102_init
 .text          0x000000000800f544      0x560 C:\Users\sbsim\AppData\Local\Temp\ccJ97y72.o
                0x000000000800f544                i2c1_Init
                0x000000000800f594                i2c1_WriteBuffer
                0x000000000800f5c8                i2c1_ReadBuffer
                0x000000000800f5fc                i2c1_ReadRegBuffer
                0x000000000800f660                i2c1_WriteRegBuffer
                0x000000000800f6b0                i2c1_WriteRegByte_IT
                0x000000000800f6fc                i2c1_ReadRegBuffer_IT
                0x000000000800f764                i2c1_WriteReg16Byte
                0x000000000800f7b0                i2c1_WriteReg16Word16
                0x000000000800f808                i2c1_WriteReg16Word32
                0x000000000800f86c                i2c1_ReadReg16Byte
                0x000000000800f8d8                i2c1_WriteReg32Word16
                0x000000000800f93c                i2c1_ReadReg16Word16
                0x000000000800f9b8                i2c1_ReadReg16Word32
                0x000000000800fa38                i2c1_ReadReg16Buffer
 .text          0x000000000800faa4      0xa40 C:\Users\sbsim\AppData\Local\Temp\cc1KMo8U.o
                0x000000000800faa4                uart2_Init
                0x000000000800fafc                uart6_Init
                0x000000000800fb54                uart_Write
                0x000000000800fb7c                put_char
                0x000000000800fba0                putchar_stlink
                0x000000000800fbc4                putchar_zigbee
                0x000000000800fbe8                HAL_UART_RxCpltCallback
                0x000000000800fda0                float2str
                0x000000000800fef0                put_string
                0x000000000800ff1c                put_string_stlink
                0x000000000800ff48                put_string_zigbee
                0x000000000800ff74                term_printf
                0x000000000800ff86                term_printf_stlink
                0x0000000008010234                term_printf_zigbee
 .text          0x00000000080104e4       0x54 C:\Users\sbsim\AppData\Local\Temp\cc73yvSV.o
                0x00000000080104e4                HAL_GPIO_EXTI_Callback
 .text          0x0000000008010538       0x50 C:\Users\sbsim\AppData\Local\Temp\ccJdGnE1.o
                0x0000000008010538                i2s2_Init
 .text          0x0000000008010588       0x40 c:/program files (x86)/stm32cubeide_1.11.2/stm32cubeide/plugins/com.st.stm32cube.ide.mcu.externaltools.gnu-tools-for-stm32.10.3-2021.10.win32_1.0.100.202210260954/tools/bin/../lib/gcc/arm-none-eabi/10.3.1/thumb/v7e-m+fp/hard\libgcc.a(_arm_fixunsdfsi.o)
                0x0000000008010588                __aeabi_d2uiz
                0x0000000008010588                __fixunsdfsi
 *(.text*)
 .text.__libc_init_array
                0x00000000080105c8       0x48 c:/program files (x86)/stm32cubeide_1.11.2/stm32cubeide/plugins/com.st.stm32cube.ide.mcu.externaltools.gnu-tools-for-stm32.10.3-2021.10.win32_1.0.100.202210260954/tools/bin/../lib/gcc/arm-none-eabi/10.3.1/../../../../arm-none-eabi/lib/thumb/v7e-m+fp/hard\libc.a(lib_a-init.o)
                0x00000000080105c8                __libc_init_array
 .text.startup.register_fini
                0x0000000008010610       0x14 c:/program files (x86)/stm32cubeide_1.11.2/stm32cubeide/plugins/com.st.stm32cube.ide.mcu.externaltools.gnu-tools-for-stm32.10.3-2021.10.win32_1.0.100.202210260954/tools/bin/../lib/gcc/arm-none-eabi/10.3.1/../../../../arm-none-eabi/lib/thumb/v7e-m+fp/hard\libc.a(lib_a-__call_atexit.o)
 .text.atexit   0x0000000008010624        0xc c:/program files (x86)/stm32cubeide_1.11.2/stm32cubeide/plugins/com.st.stm32cube.ide.mcu.externaltools.gnu-tools-for-stm32.10.3-2021.10.win32_1.0.100.202210260954/tools/bin/../lib/gcc/arm-none-eabi/10.3.1/../../../../arm-none-eabi/lib/thumb/v7e-m+fp/hard\libc.a(lib_a-atexit.o)
                0x0000000008010624                atexit
 .text.__libc_fini_array
                0x0000000008010630       0x28 c:/program files (x86)/stm32cubeide_1.11.2/stm32cubeide/plugins/com.st.stm32cube.ide.mcu.externaltools.gnu-tools-for-stm32.10.3-2021.10.win32_1.0.100.202210260954/tools/bin/../lib/gcc/arm-none-eabi/10.3.1/../../../../arm-none-eabi/lib/thumb/v7e-m+fp/hard\libc.a(lib_a-fini.o)
                0x0000000008010630                __libc_fini_array
 .text.__retarget_lock_acquire_recursive
                0x0000000008010658        0x2 c:/program files (x86)/stm32cubeide_1.11.2/stm32cubeide/plugins/com.st.stm32cube.ide.mcu.externaltools.gnu-tools-for-stm32.10.3-2021.10.win32_1.0.100.202210260954/tools/bin/../lib/gcc/arm-none-eabi/10.3.1/../../../../arm-none-eabi/lib/thumb/v7e-m+fp/hard\libc.a(lib_a-lock.o)
                0x0000000008010658                __retarget_lock_acquire_recursive
 .text.__retarget_lock_release_recursive
                0x000000000801065a        0x2 c:/program files (x86)/stm32cubeide_1.11.2/stm32cubeide/plugins/com.st.stm32cube.ide.mcu.externaltools.gnu-tools-for-stm32.10.3-2021.10.win32_1.0.100.202210260954/tools/bin/../lib/gcc/arm-none-eabi/10.3.1/../../../../arm-none-eabi/lib/thumb/v7e-m+fp/hard\libc.a(lib_a-lock.o)
                0x000000000801065a                __retarget_lock_release_recursive
 .text.__register_exitproc
                0x000000000801065c       0x84 c:/program files (x86)/stm32cubeide_1.11.2/stm32cubeide/plugins/com.st.stm32cube.ide.mcu.externaltools.gnu-tools-for-stm32.10.3-2021.10.win32_1.0.100.202210260954/tools/bin/../lib/gcc/arm-none-eabi/10.3.1/../../../../arm-none-eabi/lib/thumb/v7e-m+fp/hard\libc.a(lib_a-__atexit.o)
                0x000000000801065c                __register_exitproc
 .text.Reset_Handler
                0x00000000080106e0       0x50 C:\Users\sbsim\AppData\Local\Temp\ccbSDlP8.o
                0x00000000080106e0                Reset_Handler
 .text.Default_Handler
                0x0000000008010730        0x2 C:\Users\sbsim\AppData\Local\Temp\ccbSDlP8.o
                0x0000000008010730                RTC_Alarm_IRQHandler
                0x0000000008010730                EXTI2_IRQHandler
                0x0000000008010730                SPI4_IRQHandler
                0x0000000008010730                TIM1_CC_IRQHandler
                0x0000000008010730                DMA2_Stream5_IRQHandler
                0x0000000008010730                DMA1_Stream5_IRQHandler
                0x0000000008010730                PVD_IRQHandler
                0x0000000008010730                SDIO_IRQHandler
                0x0000000008010730                TAMP_STAMP_IRQHandler
                0x0000000008010730                PendSV_Handler
                0x0000000008010730                EXTI3_IRQHandler
                0x0000000008010730                TIM1_UP_TIM10_IRQHandler
                0x0000000008010730                I2C3_ER_IRQHandler
                0x0000000008010730                I2C2_EV_IRQHandler
                0x0000000008010730                DMA1_Stream2_IRQHandler
                0x0000000008010730                FPU_IRQHandler
                0x0000000008010730                DMA2_Stream2_IRQHandler
                0x0000000008010730                SPI1_IRQHandler
                0x0000000008010730                TIM1_BRK_TIM9_IRQHandler
                0x0000000008010730                DMA2_Stream3_IRQHandler
                0x0000000008010730                DMA2_Stream0_IRQHandler
                0x0000000008010730                DMA1_Stream6_IRQHandler
                0x0000000008010730                DMA1_Stream1_IRQHandler
                0x0000000008010730                TIM3_IRQHandler
                0x0000000008010730                RCC_IRQHandler
                0x0000000008010730                Default_Handler
                0x0000000008010730                ADC_IRQHandler
                0x0000000008010730                DMA1_Stream7_IRQHandler
                0x0000000008010730                SPI5_IRQHandler
                0x0000000008010730                DMA2_Stream7_IRQHandler
                0x0000000008010730                I2C3_EV_IRQHandler
                0x0000000008010730                EXTI9_5_IRQHandler
                0x0000000008010730                RTC_WKUP_IRQHandler
                0x0000000008010730                DMA1_Stream0_IRQHandler
                0x0000000008010730                SVC_Handler
                0x0000000008010730                EXTI4_IRQHandler
                0x0000000008010730                WWDG_IRQHandler
                0x0000000008010730                TIM2_IRQHandler
                0x0000000008010730                OTG_FS_WKUP_IRQHandler
                0x0000000008010730                TIM1_TRG_COM_TIM11_IRQHandler
                0x0000000008010730                I2C2_ER_IRQHandler
                0x0000000008010730                DMA2_Stream1_IRQHandler
                0x0000000008010730                FLASH_IRQHandler
                0x0000000008010730                DMA2_Stream4_IRQHandler
                0x0000000008010730                USART1_IRQHandler
                0x0000000008010730                SPI3_IRQHandler
                0x0000000008010730                DMA2_Stream6_IRQHandler
 .text.memcpy   0x0000000008010732       0x1c c:/program files (x86)/stm32cubeide_1.11.2/stm32cubeide/plugins/com.st.stm32cube.ide.mcu.externaltools.gnu-tools-for-stm32.10.3-2021.10.win32_1.0.100.202210260954/tools/bin/../lib/gcc/arm-none-eabi/10.3.1/../../../../arm-none-eabi/lib/thumb/v7e-m+fp/hard\libg.a(lib_a-memcpy-stub.o)
                0x0000000008010732                memcpy
 *(.glue_7)
 .glue_7        0x000000000801074e        0x0 linker stubs
 *(.glue_7t)
 .glue_7t       0x000000000801074e        0x0 linker stubs
 *(.eh_frame)
 *fill*         0x000000000801074e        0x2 
 .eh_frame      0x0000000008010750        0x0 c:/program files (x86)/stm32cubeide_1.11.2/stm32cubeide/plugins/com.st.stm32cube.ide.mcu.externaltools.gnu-tools-for-stm32.10.3-2021.10.win32_1.0.100.202210260954/tools/bin/../lib/gcc/arm-none-eabi/10.3.1/thumb/v7e-m+fp/hard/crtbegin.o
 *(.init)
 .init          0x0000000008010750        0x4 c:/program files (x86)/stm32cubeide_1.11.2/stm32cubeide/plugins/com.st.stm32cube.ide.mcu.externaltools.gnu-tools-for-stm32.10.3-2021.10.win32_1.0.100.202210260954/tools/bin/../lib/gcc/arm-none-eabi/10.3.1/thumb/v7e-m+fp/hard/crti.o
                0x0000000008010750                _init
 .init          0x0000000008010754        0x8 c:/program files (x86)/stm32cubeide_1.11.2/stm32cubeide/plugins/com.st.stm32cube.ide.mcu.externaltools.gnu-tools-for-stm32.10.3-2021.10.win32_1.0.100.202210260954/tools/bin/../lib/gcc/arm-none-eabi/10.3.1/thumb/v7e-m+fp/hard/crtn.o
 *(.fini)
 .fini          0x000000000801075c        0x4 c:/program files (x86)/stm32cubeide_1.11.2/stm32cubeide/plugins/com.st.stm32cube.ide.mcu.externaltools.gnu-tools-for-stm32.10.3-2021.10.win32_1.0.100.202210260954/tools/bin/../lib/gcc/arm-none-eabi/10.3.1/thumb/v7e-m+fp/hard/crti.o
                0x000000000801075c                _fini
 .fini          0x0000000008010760        0x8 c:/program files (x86)/stm32cubeide_1.11.2/stm32cubeide/plugins/com.st.stm32cube.ide.mcu.externaltools.gnu-tools-for-stm32.10.3-2021.10.win32_1.0.100.202210260954/tools/bin/../lib/gcc/arm-none-eabi/10.3.1/thumb/v7e-m+fp/hard/crtn.o
                0x0000000008010768                . = ALIGN (0x4)
                0x0000000008010768                _etext = .

.vfp11_veneer   0x0000000008010768        0x0
 .vfp11_veneer  0x0000000008010768        0x0 linker stubs

.v4_bx          0x0000000008010768        0x0
 .v4_bx         0x0000000008010768        0x0 linker stubs

.iplt           0x0000000008010768        0x0
 .iplt          0x0000000008010768        0x0 c:/program files (x86)/stm32cubeide_1.11.2/stm32cubeide/plugins/com.st.stm32cube.ide.mcu.externaltools.gnu-tools-for-stm32.10.3-2021.10.win32_1.0.100.202210260954/tools/bin/../lib/gcc/arm-none-eabi/10.3.1/thumb/v7e-m+fp/hard/crtbegin.o

.rodata         0x0000000008010768       0x28
                0x0000000008010768                . = ALIGN (0x4)
 *(.rodata)
 .rodata        0x0000000008010768       0x10 C:\Users\sbsim\AppData\Local\Temp\ccQukRR4.o
                0x0000000008010768                APBAHBPrescTable
 .rodata        0x0000000008010778       0x11 C:\Users\sbsim\AppData\Local\Temp\cc1KMo8U.o
 *(.rodata*)
 *fill*         0x0000000008010789        0x3 
 .rodata._global_impure_ptr
                0x000000000801078c        0x4 c:/program files (x86)/stm32cubeide_1.11.2/stm32cubeide/plugins/com.st.stm32cube.ide.mcu.externaltools.gnu-tools-for-stm32.10.3-2021.10.win32_1.0.100.202210260954/tools/bin/../lib/gcc/arm-none-eabi/10.3.1/../../../../arm-none-eabi/lib/thumb/v7e-m+fp/hard\libc.a(lib_a-impure.o)
                0x000000000801078c                _global_impure_ptr
                0x0000000008010790                . = ALIGN (0x4)

.rel.dyn        0x0000000008010790        0x0
 .rel.iplt      0x0000000008010790        0x0 c:/program files (x86)/stm32cubeide_1.11.2/stm32cubeide/plugins/com.st.stm32cube.ide.mcu.externaltools.gnu-tools-for-stm32.10.3-2021.10.win32_1.0.100.202210260954/tools/bin/../lib/gcc/arm-none-eabi/10.3.1/thumb/v7e-m+fp/hard/crtbegin.o

.ARM.extab
 *(.ARM.extab* .gnu.linkonce.armextab.*)

.ARM            0x0000000008010790        0x0
                0x0000000008010790                __exidx_start = .
 *(.ARM.exidx*)
                0x0000000008010790                __exidx_end = .

.preinit_array  0x0000000008010790        0x0
                0x0000000008010790                PROVIDE (__preinit_array_start = .)
 *(.preinit_array*)
                0x0000000008010790                PROVIDE (__preinit_array_end = .)

.init_array     0x0000000008010790        0x8
                0x0000000008010790                PROVIDE (__init_array_start = .)
 *(SORT_BY_NAME(.init_array.*))
 .init_array.00000
                0x0000000008010790        0x4 c:/program files (x86)/stm32cubeide_1.11.2/stm32cubeide/plugins/com.st.stm32cube.ide.mcu.externaltools.gnu-tools-for-stm32.10.3-2021.10.win32_1.0.100.202210260954/tools/bin/../lib/gcc/arm-none-eabi/10.3.1/../../../../arm-none-eabi/lib/thumb/v7e-m+fp/hard\libc.a(lib_a-__call_atexit.o)
 *(.init_array*)
 .init_array    0x0000000008010794        0x4 c:/program files (x86)/stm32cubeide_1.11.2/stm32cubeide/plugins/com.st.stm32cube.ide.mcu.externaltools.gnu-tools-for-stm32.10.3-2021.10.win32_1.0.100.202210260954/tools/bin/../lib/gcc/arm-none-eabi/10.3.1/thumb/v7e-m+fp/hard/crtbegin.o
                0x0000000008010798                PROVIDE (__init_array_end = .)

.fini_array     0x0000000008010798        0x4
                0x0000000008010798                PROVIDE (__fini_array_start = .)
 *(SORT_BY_NAME(.fini_array.*))
 *(.fini_array*)
 .fini_array    0x0000000008010798        0x4 c:/program files (x86)/stm32cubeide_1.11.2/stm32cubeide/plugins/com.st.stm32cube.ide.mcu.externaltools.gnu-tools-for-stm32.10.3-2021.10.win32_1.0.100.202210260954/tools/bin/../lib/gcc/arm-none-eabi/10.3.1/thumb/v7e-m+fp/hard/crtbegin.o
                0x000000000801079c                PROVIDE (__fini_array_end = .)
                0x000000000801079c                _sidata = LOADADDR (.data)

.data           0x0000000020000000      0x45c load address 0x000000000801079c
                0x0000000020000000                . = ALIGN (0x4)
                0x0000000020000000                _sdata = .
 *(.data)
 .data          0x0000000020000000       0x14 C:\Users\sbsim\AppData\Local\Temp\ccNJv6dU.o
                0x0000000020000000                SystemCoreClock
                0x0000000020000004                AHBPrescTable
 .data          0x0000000020000014        0x6 C:\Users\sbsim\AppData\Local\Temp\ccB7mGyd.o
                0x0000000020000014                fb
                0x0000000020000018                sreg
 *fill*         0x000000002000001a        0x2 
 .data          0x000000002000001c       0x11 C:\Users\sbsim\AppData\Local\Temp\cc1KMo8U.o
 *(.data*)
 *fill*         0x000000002000002d        0x3 
 .data.impure_data
                0x0000000020000030      0x428 c:/program files (x86)/stm32cubeide_1.11.2/stm32cubeide/plugins/com.st.stm32cube.ide.mcu.externaltools.gnu-tools-for-stm32.10.3-2021.10.win32_1.0.100.202210260954/tools/bin/../lib/gcc/arm-none-eabi/10.3.1/../../../../arm-none-eabi/lib/thumb/v7e-m+fp/hard\libc.a(lib_a-impure.o)
 .data.__atexit_recursive_mutex
                0x0000000020000458        0x4 c:/program files (x86)/stm32cubeide_1.11.2/stm32cubeide/plugins/com.st.stm32cube.ide.mcu.externaltools.gnu-tools-for-stm32.10.3-2021.10.win32_1.0.100.202210260954/tools/bin/../lib/gcc/arm-none-eabi/10.3.1/../../../../arm-none-eabi/lib/thumb/v7e-m+fp/hard\libc.a(lib_a-__call_atexit.o)
                0x0000000020000458                __atexit_recursive_mutex
                0x000000002000045c                . = ALIGN (0x4)
                0x000000002000045c                _edata = .

.igot.plt       0x000000002000045c        0x0 load address 0x0000000008010bf8
 .igot.plt      0x000000002000045c        0x0 c:/program files (x86)/stm32cubeide_1.11.2/stm32cubeide/plugins/com.st.stm32cube.ide.mcu.externaltools.gnu-tools-for-stm32.10.3-2021.10.win32_1.0.100.202210260954/tools/bin/../lib/gcc/arm-none-eabi/10.3.1/thumb/v7e-m+fp/hard/crtbegin.o
                0x000000002000045c                . = ALIGN (0x4)

.bss            0x000000002000045c     0x15f8 load address 0x0000000008010bf8
                0x000000002000045c                _sbss = .
                0x000000002000045c                __bss_start__ = _sbss
 *(.bss)
 .bss           0x000000002000045c       0x1c c:/program files (x86)/stm32cubeide_1.11.2/stm32cubeide/plugins/com.st.stm32cube.ide.mcu.externaltools.gnu-tools-for-stm32.10.3-2021.10.win32_1.0.100.202210260954/tools/bin/../lib/gcc/arm-none-eabi/10.3.1/thumb/v7e-m+fp/hard/crtbegin.o
 .bss           0x0000000020000478        0x4 C:\Users\sbsim\AppData\Local\Temp\ccucZit3.o
 .bss           0x000000002000047c     0x12c0 C:\Users\sbsim\AppData\Local\Temp\ccjIusWS.o
                0x000000002000047c                samples
 *(.bss*)
 .bss.__lock___atexit_recursive_mutex
                0x000000002000173c        0x1 c:/program files (x86)/stm32cubeide_1.11.2/stm32cubeide/plugins/com.st.stm32cube.ide.mcu.externaltools.gnu-tools-for-stm32.10.3-2021.10.win32_1.0.100.202210260954/tools/bin/../lib/gcc/arm-none-eabi/10.3.1/../../../../arm-none-eabi/lib/thumb/v7e-m+fp/hard\libc.a(lib_a-lock.o)
                0x000000002000173c                __lock___atexit_recursive_mutex
 *(COMMON)
 *fill*         0x000000002000173d        0x3 
 COMMON         0x0000000020001740       0x80 C:\Users\sbsim\AppData\Local\Temp\ccjIusWS.o
                0x0000000020001740                Uart6Handle
                0x0000000020001780                Uart2Handle
 COMMON         0x00000000200017c0      0x23c C:\Users\sbsim\AppData\Local\Temp\ccB7mGyd.o
                0x00000000200017c0                pongOUT
                0x0000000020001840                pongIN
                0x00000000200018c0                pingIN
                0x0000000020001940                pingOUT
                0x00000000200019c0                DMA_InitStructure
 COMMON         0x00000000200019fc       0x3c C:\Users\sbsim\AppData\Local\Temp\ccJ97y72.o
                0x00000000200019fc                hi2c1
 COMMON         0x0000000020001a38        0xa C:\Users\sbsim\AppData\Local\Temp\cc1KMo8U.o
                0x0000000020001a38                rec_buf2
                0x0000000020001a3c                rec_buf6
                0x0000000020001a40                rec_buf
 *fill*         0x0000000020001a42        0x2 
 COMMON         0x0000000020001a44       0x10 C:\Users\sbsim\AppData\Local\Temp\ccJdGnE1.o
                0x0000000020001a44                I2S_InitStructure
                0x0000000020001a54                . = ALIGN (0x4)
                0x0000000020001a54                _ebss = .
                0x0000000020001a54                __bss_end__ = _ebss

._user_heap_stack
                0x0000000020001a54      0x400 load address 0x0000000008010bf8
                0x0000000020001a54                . = ALIGN (0x4)
                [!provide]                        PROVIDE (end = .)
                [!provide]                        PROVIDE (_end = .)
                0x0000000020001c54                . = (. + _Min_Heap_Size)
 *fill*         0x0000000020001a54      0x200 
                0x0000000020001e54                . = (. + _Min_Stack_Size)
 *fill*         0x0000000020001c54      0x200 
                0x0000000020001e54                . = ALIGN (0x4)

/DISCARD/
 libc.a(*)
 libm.a(*)
 libgcc.a(*)

.ARM.attributes
                0x0000000000000000       0x2e
 *(.ARM.attributes)
 .ARM.attributes
                0x0000000000000000       0x1e c:/program files (x86)/stm32cubeide_1.11.2/stm32cubeide/plugins/com.st.stm32cube.ide.mcu.externaltools.gnu-tools-for-stm32.10.3-2021.10.win32_1.0.100.202210260954/tools/bin/../lib/gcc/arm-none-eabi/10.3.1/thumb/v7e-m+fp/hard/crti.o
 .ARM.attributes
                0x000000000000001e       0x34 c:/program files (x86)/stm32cubeide_1.11.2/stm32cubeide/plugins/com.st.stm32cube.ide.mcu.externaltools.gnu-tools-for-stm32.10.3-2021.10.win32_1.0.100.202210260954/tools/bin/../lib/gcc/arm-none-eabi/10.3.1/thumb/v7e-m+fp/hard/crtbegin.o
 .ARM.attributes
                0x0000000000000052       0x34 c:/program files (x86)/stm32cubeide_1.11.2/stm32cubeide/plugins/com.st.stm32cube.ide.mcu.externaltools.gnu-tools-for-stm32.10.3-2021.10.win32_1.0.100.202210260954/tools/bin/../lib/gcc/arm-none-eabi/10.3.1/../../../../arm-none-eabi/lib/thumb/v7e-m+fp/hard\libc.a(lib_a-impure.o)
 .ARM.attributes
                0x0000000000000086       0x34 c:/program files (x86)/stm32cubeide_1.11.2/stm32cubeide/plugins/com.st.stm32cube.ide.mcu.externaltools.gnu-tools-for-stm32.10.3-2021.10.win32_1.0.100.202210260954/tools/bin/../lib/gcc/arm-none-eabi/10.3.1/../../../../arm-none-eabi/lib/thumb/v7e-m+fp/hard\libc.a(lib_a-init.o)
 .ARM.attributes
                0x00000000000000ba       0x34 c:/program files (x86)/stm32cubeide_1.11.2/stm32cubeide/plugins/com.st.stm32cube.ide.mcu.externaltools.gnu-tools-for-stm32.10.3-2021.10.win32_1.0.100.202210260954/tools/bin/../lib/gcc/arm-none-eabi/10.3.1/../../../../arm-none-eabi/lib/thumb/v7e-m+fp/hard\libc.a(lib_a-__call_atexit.o)
 .ARM.attributes
                0x00000000000000ee       0x34 c:/program files (x86)/stm32cubeide_1.11.2/stm32cubeide/plugins/com.st.stm32cube.ide.mcu.externaltools.gnu-tools-for-stm32.10.3-2021.10.win32_1.0.100.202210260954/tools/bin/../lib/gcc/arm-none-eabi/10.3.1/../../../../arm-none-eabi/lib/thumb/v7e-m+fp/hard\libc.a(lib_a-atexit.o)
 .ARM.attributes
                0x0000000000000122       0x34 c:/program files (x86)/stm32cubeide_1.11.2/stm32cubeide/plugins/com.st.stm32cube.ide.mcu.externaltools.gnu-tools-for-stm32.10.3-2021.10.win32_1.0.100.202210260954/tools/bin/../lib/gcc/arm-none-eabi/10.3.1/../../../../arm-none-eabi/lib/thumb/v7e-m+fp/hard\libc.a(lib_a-fini.o)
 .ARM.attributes
                0x0000000000000156       0x34 c:/program files (x86)/stm32cubeide_1.11.2/stm32cubeide/plugins/com.st.stm32cube.ide.mcu.externaltools.gnu-tools-for-stm32.10.3-2021.10.win32_1.0.100.202210260954/tools/bin/../lib/gcc/arm-none-eabi/10.3.1/../../../../arm-none-eabi/lib/thumb/v7e-m+fp/hard\libc.a(lib_a-lock.o)
 .ARM.attributes
                0x000000000000018a       0x34 c:/program files (x86)/stm32cubeide_1.11.2/stm32cubeide/plugins/com.st.stm32cube.ide.mcu.externaltools.gnu-tools-for-stm32.10.3-2021.10.win32_1.0.100.202210260954/tools/bin/../lib/gcc/arm-none-eabi/10.3.1/../../../../arm-none-eabi/lib/thumb/v7e-m+fp/hard\libc.a(lib_a-__atexit.o)
 .ARM.attributes
                0x00000000000001be       0x34 C:\Users\sbsim\AppData\Local\Temp\ccucZit3.o
 .ARM.attributes
                0x00000000000001f2       0x34 C:\Users\sbsim\AppData\Local\Temp\ccQukRR4.o
 .ARM.attributes
                0x0000000000000226       0x34 C:\Users\sbsim\AppData\Local\Temp\ccYv8uSa.o
 .ARM.attributes
                0x000000000000025a       0x34 C:\Users\sbsim\AppData\Local\Temp\cclijIuf.o
 .ARM.attributes
                0x000000000000028e       0x34 C:\Users\sbsim\AppData\Local\Temp\cca26B1U.o
 .ARM.attributes
                0x00000000000002c2       0x34 C:\Users\sbsim\AppData\Local\Temp\ccyvxjMS.o
 .ARM.attributes
                0x00000000000002f6       0x34 C:\Users\sbsim\AppData\Local\Temp\ccrCNqUs.o
 .ARM.attributes
                0x000000000000032a       0x34 C:\Users\sbsim\AppData\Local\Temp\ccvofzqx.o
 .ARM.attributes
                0x000000000000035e       0x34 C:\Users\sbsim\AppData\Local\Temp\ccBt8WrG.o
 .ARM.attributes
                0x0000000000000392       0x34 C:\Users\sbsim\AppData\Local\Temp\ccjIusWS.o
 .ARM.attributes
                0x00000000000003c6       0x23 C:\Users\sbsim\AppData\Local\Temp\ccbSDlP8.o
 .ARM.attributes
                0x00000000000003e9       0x34 C:\Users\sbsim\AppData\Local\Temp\ccHC1lfS.o
 .ARM.attributes
                0x000000000000041d       0x34 C:\Users\sbsim\AppData\Local\Temp\ccV5CV5k.o
 .ARM.attributes
                0x0000000000000451       0x34 C:\Users\sbsim\AppData\Local\Temp\ccNJv6dU.o
 .ARM.attributes
                0x0000000000000485       0x34 C:\Users\sbsim\AppData\Local\Temp\ccFbOzfx.o
 .ARM.attributes
                0x00000000000004b9       0x34 C:\Users\sbsim\AppData\Local\Temp\ccB7mGyd.o
 .ARM.attributes
                0x00000000000004ed       0x34 C:\Users\sbsim\AppData\Local\Temp\ccJ97y72.o
 .ARM.attributes
                0x0000000000000521       0x34 C:\Users\sbsim\AppData\Local\Temp\cc1KMo8U.o
 .ARM.attributes
                0x0000000000000555       0x34 C:\Users\sbsim\AppData\Local\Temp\cc73yvSV.o
 .ARM.attributes
                0x0000000000000589       0x34 C:\Users\sbsim\AppData\Local\Temp\ccJdGnE1.o
 .ARM.attributes
                0x00000000000005bd       0x1e c:/program files (x86)/stm32cubeide_1.11.2/stm32cubeide/plugins/com.st.stm32cube.ide.mcu.externaltools.gnu-tools-for-stm32.10.3-2021.10.win32_1.0.100.202210260954/tools/bin/../lib/gcc/arm-none-eabi/10.3.1/thumb/v7e-m+fp/hard\libgcc.a(_arm_fixunsdfsi.o)
 .ARM.attributes
                0x00000000000005db       0x34 c:/program files (x86)/stm32cubeide_1.11.2/stm32cubeide/plugins/com.st.stm32cube.ide.mcu.externaltools.gnu-tools-for-stm32.10.3-2021.10.win32_1.0.100.202210260954/tools/bin/../lib/gcc/arm-none-eabi/10.3.1/../../../../arm-none-eabi/lib/thumb/v7e-m+fp/hard\libg.a(lib_a-memcpy-stub.o)
 .ARM.attributes
                0x000000000000060f       0x1e c:/program files (x86)/stm32cubeide_1.11.2/stm32cubeide/plugins/com.st.stm32cube.ide.mcu.externaltools.gnu-tools-for-stm32.10.3-2021.10.win32_1.0.100.202210260954/tools/bin/../lib/gcc/arm-none-eabi/10.3.1/thumb/v7e-m+fp/hard/crtn.o
OUTPUT(template.elf elf32-littlearm)
LOAD linker stubs
LOAD c:/program files (x86)/stm32cubeide_1.11.2/stm32cubeide/plugins/com.st.stm32cube.ide.mcu.externaltools.gnu-tools-for-stm32.10.3-2021.10.win32_1.0.100.202210260954/tools/bin/../lib/gcc/arm-none-eabi/10.3.1/../../../../arm-none-eabi/lib/thumb/v7e-m+fp/hard\libc.a
LOAD c:/program files (x86)/stm32cubeide_1.11.2/stm32cubeide/plugins/com.st.stm32cube.ide.mcu.externaltools.gnu-tools-for-stm32.10.3-2021.10.win32_1.0.100.202210260954/tools/bin/../lib/gcc/arm-none-eabi/10.3.1/../../../../arm-none-eabi/lib/thumb/v7e-m+fp/hard\libm.a
LOAD c:/program files (x86)/stm32cubeide_1.11.2/stm32cubeide/plugins/com.st.stm32cube.ide.mcu.externaltools.gnu-tools-for-stm32.10.3-2021.10.win32_1.0.100.202210260954/tools/bin/../lib/gcc/arm-none-eabi/10.3.1/thumb/v7e-m+fp/hard\libgcc.a

.debug_frame    0x0000000000000000     0x2dc4
 .debug_frame   0x0000000000000000       0x2c c:/program files (x86)/stm32cubeide_1.11.2/stm32cubeide/plugins/com.st.stm32cube.ide.mcu.externaltools.gnu-tools-for-stm32.10.3-2021.10.win32_1.0.100.202210260954/tools/bin/../lib/gcc/arm-none-eabi/10.3.1/../../../../arm-none-eabi/lib/thumb/v7e-m+fp/hard\libc.a(lib_a-init.o)
 .debug_frame   0x000000000000002c       0x58 c:/program files (x86)/stm32cubeide_1.11.2/stm32cubeide/plugins/com.st.stm32cube.ide.mcu.externaltools.gnu-tools-for-stm32.10.3-2021.10.win32_1.0.100.202210260954/tools/bin/../lib/gcc/arm-none-eabi/10.3.1/../../../../arm-none-eabi/lib/thumb/v7e-m+fp/hard\libc.a(lib_a-__call_atexit.o)
 .debug_frame   0x0000000000000084       0x20 c:/program files (x86)/stm32cubeide_1.11.2/stm32cubeide/plugins/com.st.stm32cube.ide.mcu.externaltools.gnu-tools-for-stm32.10.3-2021.10.win32_1.0.100.202210260954/tools/bin/../lib/gcc/arm-none-eabi/10.3.1/../../../../arm-none-eabi/lib/thumb/v7e-m+fp/hard\libc.a(lib_a-atexit.o)
 .debug_frame   0x00000000000000a4       0x38 c:/program files (x86)/stm32cubeide_1.11.2/stm32cubeide/plugins/com.st.stm32cube.ide.mcu.externaltools.gnu-tools-for-stm32.10.3-2021.10.win32_1.0.100.202210260954/tools/bin/../lib/gcc/arm-none-eabi/10.3.1/../../../../arm-none-eabi/lib/thumb/v7e-m+fp/hard\libc.a(lib_a-fini.o)
 .debug_frame   0x00000000000000dc       0xb0 c:/program files (x86)/stm32cubeide_1.11.2/stm32cubeide/plugins/com.st.stm32cube.ide.mcu.externaltools.gnu-tools-for-stm32.10.3-2021.10.win32_1.0.100.202210260954/tools/bin/../lib/gcc/arm-none-eabi/10.3.1/../../../../arm-none-eabi/lib/thumb/v7e-m+fp/hard\libc.a(lib_a-lock.o)
 .debug_frame   0x000000000000018c       0x34 c:/program files (x86)/stm32cubeide_1.11.2/stm32cubeide/plugins/com.st.stm32cube.ide.mcu.externaltools.gnu-tools-for-stm32.10.3-2021.10.win32_1.0.100.202210260954/tools/bin/../lib/gcc/arm-none-eabi/10.3.1/../../../../arm-none-eabi/lib/thumb/v7e-m+fp/hard\libc.a(lib_a-__atexit.o)
 .debug_frame   0x00000000000001c0      0x2c0 C:\Users\sbsim\AppData\Local\Temp\ccucZit3.o
 .debug_frame   0x0000000000000480      0x204 C:\Users\sbsim\AppData\Local\Temp\ccQukRR4.o
 .debug_frame   0x0000000000000684      0x14c C:\Users\sbsim\AppData\Local\Temp\ccYv8uSa.o
 .debug_frame   0x00000000000007d0      0x428 C:\Users\sbsim\AppData\Local\Temp\cclijIuf.o
 .debug_frame   0x0000000000000bf8      0x5e0 C:\Users\sbsim\AppData\Local\Temp\cca26B1U.o
 .debug_frame   0x00000000000011d8      0x194 C:\Users\sbsim\AppData\Local\Temp\ccyvxjMS.o
 .debug_frame   0x000000000000136c      0x8a4 C:\Users\sbsim\AppData\Local\Temp\ccrCNqUs.o
 .debug_frame   0x0000000000001c10      0x3f8 C:\Users\sbsim\AppData\Local\Temp\ccvofzqx.o
 .debug_frame   0x0000000000002008      0x308 C:\Users\sbsim\AppData\Local\Temp\ccBt8WrG.o
 .debug_frame   0x0000000000002310       0x54 C:\Users\sbsim\AppData\Local\Temp\ccjIusWS.o
 .debug_frame   0x0000000000002364      0x158 C:\Users\sbsim\AppData\Local\Temp\ccHC1lfS.o
 .debug_frame   0x00000000000024bc      0x26c C:\Users\sbsim\AppData\Local\Temp\ccV5CV5k.o
 .debug_frame   0x0000000000002728       0x58 C:\Users\sbsim\AppData\Local\Temp\ccNJv6dU.o
 .debug_frame   0x0000000000002780       0x34 C:\Users\sbsim\AppData\Local\Temp\ccFbOzfx.o
 .debug_frame   0x00000000000027b4       0xa8 C:\Users\sbsim\AppData\Local\Temp\ccB7mGyd.o
 .debug_frame   0x000000000000285c      0x224 C:\Users\sbsim\AppData\Local\Temp\ccJ97y72.o
 .debug_frame   0x0000000000002a80      0x294 C:\Users\sbsim\AppData\Local\Temp\cc1KMo8U.o
 .debug_frame   0x0000000000002d14       0x38 C:\Users\sbsim\AppData\Local\Temp\cc73yvSV.o
 .debug_frame   0x0000000000002d4c       0x2c C:\Users\sbsim\AppData\Local\Temp\ccJdGnE1.o
 .debug_frame   0x0000000000002d78       0x24 c:/program files (x86)/stm32cubeide_1.11.2/stm32cubeide/plugins/com.st.stm32cube.ide.mcu.externaltools.gnu-tools-for-stm32.10.3-2021.10.win32_1.0.100.202210260954/tools/bin/../lib/gcc/arm-none-eabi/10.3.1/thumb/v7e-m+fp/hard\libgcc.a(_arm_fixunsdfsi.o)
 .debug_frame   0x0000000000002d9c       0x28 c:/program files (x86)/stm32cubeide_1.11.2/stm32cubeide/plugins/com.st.stm32cube.ide.mcu.externaltools.gnu-tools-for-stm32.10.3-2021.10.win32_1.0.100.202210260954/tools/bin/../lib/gcc/arm-none-eabi/10.3.1/../../../../arm-none-eabi/lib/thumb/v7e-m+fp/hard\libg.a(lib_a-memcpy-stub.o)

.debug_info     0x0000000000000000     0xd20a
 .debug_info    0x0000000000000000      0x8a5 C:\Users\sbsim\AppData\Local\Temp\ccucZit3.o
 .debug_info    0x00000000000008a5      0xd75 C:\Users\sbsim\AppData\Local\Temp\ccQukRR4.o
 .debug_info    0x000000000000161a      0x731 C:\Users\sbsim\AppData\Local\Temp\ccYv8uSa.o
 .debug_info    0x0000000000001d4b      0xb32 C:\Users\sbsim\AppData\Local\Temp\cclijIuf.o
 .debug_info    0x000000000000287d      0xfdd C:\Users\sbsim\AppData\Local\Temp\cca26B1U.o
 .debug_info    0x000000000000385a      0x670 C:\Users\sbsim\AppData\Local\Temp\ccyvxjMS.o
 .debug_info    0x0000000000003eca     0x19d3 C:\Users\sbsim\AppData\Local\Temp\ccrCNqUs.o
 .debug_info    0x000000000000589d      0xaf9 C:\Users\sbsim\AppData\Local\Temp\ccvofzqx.o
 .debug_info    0x0000000000006396      0x76d C:\Users\sbsim\AppData\Local\Temp\ccBt8WrG.o
 .debug_info    0x0000000000006b03      0xe10 C:\Users\sbsim\AppData\Local\Temp\ccjIusWS.o
 .debug_info    0x0000000000007913       0x22 C:\Users\sbsim\AppData\Local\Temp\ccbSDlP8.o
 .debug_info    0x0000000000007935      0xb5e C:\Users\sbsim\AppData\Local\Temp\ccHC1lfS.o
 .debug_info    0x0000000000008493      0xa62 C:\Users\sbsim\AppData\Local\Temp\ccV5CV5k.o
 .debug_info    0x0000000000008ef5      0x4e6 C:\Users\sbsim\AppData\Local\Temp\ccNJv6dU.o
 .debug_info    0x00000000000093db      0x92f C:\Users\sbsim\AppData\Local\Temp\ccFbOzfx.o
 .debug_info    0x0000000000009d0a      0xd9c C:\Users\sbsim\AppData\Local\Temp\ccB7mGyd.o
 .debug_info    0x000000000000aaa6      0xea1 C:\Users\sbsim\AppData\Local\Temp\ccJ97y72.o
 .debug_info    0x000000000000b947      0xb46 C:\Users\sbsim\AppData\Local\Temp\cc1KMo8U.o
 .debug_info    0x000000000000c48d      0x570 C:\Users\sbsim\AppData\Local\Temp\cc73yvSV.o
 .debug_info    0x000000000000c9fd      0x6e5 C:\Users\sbsim\AppData\Local\Temp\ccJdGnE1.o
 .debug_info    0x000000000000d0e2      0x128 c:/program files (x86)/stm32cubeide_1.11.2/stm32cubeide/plugins/com.st.stm32cube.ide.mcu.externaltools.gnu-tools-for-stm32.10.3-2021.10.win32_1.0.100.202210260954/tools/bin/../lib/gcc/arm-none-eabi/10.3.1/../../../../arm-none-eabi/lib/thumb/v7e-m+fp/hard\libg.a(lib_a-memcpy-stub.o)

.debug_abbrev   0x0000000000000000     0x25f7
 .debug_abbrev  0x0000000000000000      0x2a8 C:\Users\sbsim\AppData\Local\Temp\ccucZit3.o
 .debug_abbrev  0x00000000000002a8      0x2c6 C:\Users\sbsim\AppData\Local\Temp\ccQukRR4.o
 .debug_abbrev  0x000000000000056e      0x1b8 C:\Users\sbsim\AppData\Local\Temp\ccYv8uSa.o
 .debug_abbrev  0x0000000000000726      0x2cd C:\Users\sbsim\AppData\Local\Temp\cclijIuf.o
 .debug_abbrev  0x00000000000009f3      0x282 C:\Users\sbsim\AppData\Local\Temp\cca26B1U.o
 .debug_abbrev  0x0000000000000c75      0x1bf C:\Users\sbsim\AppData\Local\Temp\ccyvxjMS.o
 .debug_abbrev  0x0000000000000e34      0x271 C:\Users\sbsim\AppData\Local\Temp\ccrCNqUs.o
 .debug_abbrev  0x00000000000010a5      0x178 C:\Users\sbsim\AppData\Local\Temp\ccvofzqx.o
 .debug_abbrev  0x000000000000121d      0x137 C:\Users\sbsim\AppData\Local\Temp\ccBt8WrG.o
 .debug_abbrev  0x0000000000001354      0x2b1 C:\Users\sbsim\AppData\Local\Temp\ccjIusWS.o
 .debug_abbrev  0x0000000000001605       0x12 C:\Users\sbsim\AppData\Local\Temp\ccbSDlP8.o
 .debug_abbrev  0x0000000000001617      0x188 C:\Users\sbsim\AppData\Local\Temp\ccHC1lfS.o
 .debug_abbrev  0x000000000000179f      0x1b5 C:\Users\sbsim\AppData\Local\Temp\ccV5CV5k.o
 .debug_abbrev  0x0000000000001954      0x126 C:\Users\sbsim\AppData\Local\Temp\ccNJv6dU.o
 .debug_abbrev  0x0000000000001a7a      0x167 C:\Users\sbsim\AppData\Local\Temp\ccFbOzfx.o
 .debug_abbrev  0x0000000000001be1      0x25d C:\Users\sbsim\AppData\Local\Temp\ccB7mGyd.o
 .debug_abbrev  0x0000000000001e3e      0x1db C:\Users\sbsim\AppData\Local\Temp\ccJ97y72.o
 .debug_abbrev  0x0000000000002019      0x2a4 C:\Users\sbsim\AppData\Local\Temp\cc1KMo8U.o
 .debug_abbrev  0x00000000000022bd      0x13c C:\Users\sbsim\AppData\Local\Temp\cc73yvSV.o
 .debug_abbrev  0x00000000000023f9      0x140 C:\Users\sbsim\AppData\Local\Temp\ccJdGnE1.o
 .debug_abbrev  0x0000000000002539       0xbe c:/program files (x86)/stm32cubeide_1.11.2/stm32cubeide/plugins/com.st.stm32cube.ide.mcu.externaltools.gnu-tools-for-stm32.10.3-2021.10.win32_1.0.100.202210260954/tools/bin/../lib/gcc/arm-none-eabi/10.3.1/../../../../arm-none-eabi/lib/thumb/v7e-m+fp/hard\libg.a(lib_a-memcpy-stub.o)

.debug_aranges  0x0000000000000000      0x2a8
 .debug_aranges
                0x0000000000000000       0x20 C:\Users\sbsim\AppData\Local\Temp\ccucZit3.o
 .debug_aranges
                0x0000000000000020       0x20 C:\Users\sbsim\AppData\Local\Temp\ccQukRR4.o
 .debug_aranges
                0x0000000000000040       0x20 C:\Users\sbsim\AppData\Local\Temp\ccYv8uSa.o
 .debug_aranges
                0x0000000000000060       0x20 C:\Users\sbsim\AppData\Local\Temp\cclijIuf.o
 .debug_aranges
                0x0000000000000080       0x20 C:\Users\sbsim\AppData\Local\Temp\cca26B1U.o
 .debug_aranges
                0x00000000000000a0       0x20 C:\Users\sbsim\AppData\Local\Temp\ccyvxjMS.o
 .debug_aranges
                0x00000000000000c0       0x20 C:\Users\sbsim\AppData\Local\Temp\ccrCNqUs.o
 .debug_aranges
                0x00000000000000e0       0x20 C:\Users\sbsim\AppData\Local\Temp\ccvofzqx.o
 .debug_aranges
                0x0000000000000100       0x20 C:\Users\sbsim\AppData\Local\Temp\ccBt8WrG.o
 .debug_aranges
                0x0000000000000120       0x20 C:\Users\sbsim\AppData\Local\Temp\ccjIusWS.o
 .debug_aranges
                0x0000000000000140       0x28 C:\Users\sbsim\AppData\Local\Temp\ccbSDlP8.o
 .debug_aranges
                0x0000000000000168       0x20 C:\Users\sbsim\AppData\Local\Temp\ccHC1lfS.o
 .debug_aranges
                0x0000000000000188       0x20 C:\Users\sbsim\AppData\Local\Temp\ccV5CV5k.o
 .debug_aranges
                0x00000000000001a8       0x20 C:\Users\sbsim\AppData\Local\Temp\ccNJv6dU.o
 .debug_aranges
                0x00000000000001c8       0x20 C:\Users\sbsim\AppData\Local\Temp\ccFbOzfx.o
 .debug_aranges
                0x00000000000001e8       0x20 C:\Users\sbsim\AppData\Local\Temp\ccB7mGyd.o
 .debug_aranges
                0x0000000000000208       0x20 C:\Users\sbsim\AppData\Local\Temp\ccJ97y72.o
 .debug_aranges
                0x0000000000000228       0x20 C:\Users\sbsim\AppData\Local\Temp\cc1KMo8U.o
 .debug_aranges
                0x0000000000000248       0x20 C:\Users\sbsim\AppData\Local\Temp\cc73yvSV.o
 .debug_aranges
                0x0000000000000268       0x20 C:\Users\sbsim\AppData\Local\Temp\ccJdGnE1.o
 .debug_aranges
                0x0000000000000288       0x20 c:/program files (x86)/stm32cubeide_1.11.2/stm32cubeide/plugins/com.st.stm32cube.ide.mcu.externaltools.gnu-tools-for-stm32.10.3-2021.10.win32_1.0.100.202210260954/tools/bin/../lib/gcc/arm-none-eabi/10.3.1/../../../../arm-none-eabi/lib/thumb/v7e-m+fp/hard\libg.a(lib_a-memcpy-stub.o)

.debug_line     0x0000000000000000     0xd865
 .debug_line    0x0000000000000000      0x50f C:\Users\sbsim\AppData\Local\Temp\ccucZit3.o
 .debug_line    0x000000000000050f      0xc11 C:\Users\sbsim\AppData\Local\Temp\ccQukRR4.o
 .debug_line    0x0000000000001120      0x6e5 C:\Users\sbsim\AppData\Local\Temp\ccYv8uSa.o
 .debug_line    0x0000000000001805      0x64f C:\Users\sbsim\AppData\Local\Temp\cclijIuf.o
 .debug_line    0x0000000000001e54      0xf29 C:\Users\sbsim\AppData\Local\Temp\cca26B1U.o
 .debug_line    0x0000000000002d7d     0x49ea C:\Users\sbsim\AppData\Local\Temp\ccyvxjMS.o
 .debug_line    0x0000000000007767     0x1eb3 C:\Users\sbsim\AppData\Local\Temp\ccrCNqUs.o
 .debug_line    0x000000000000961a      0x66b C:\Users\sbsim\AppData\Local\Temp\ccvofzqx.o
 .debug_line    0x0000000000009c85      0x6a7 C:\Users\sbsim\AppData\Local\Temp\ccBt8WrG.o
 .debug_line    0x000000000000a32c      0x5d1 C:\Users\sbsim\AppData\Local\Temp\ccjIusWS.o
 .debug_line    0x000000000000a8fd       0x7b C:\Users\sbsim\AppData\Local\Temp\ccbSDlP8.o
 .debug_line    0x000000000000a978      0x43d C:\Users\sbsim\AppData\Local\Temp\ccHC1lfS.o
 .debug_line    0x000000000000adb5      0x485 C:\Users\sbsim\AppData\Local\Temp\ccV5CV5k.o
 .debug_line    0x000000000000b23a      0x490 C:\Users\sbsim\AppData\Local\Temp\ccNJv6dU.o
 .debug_line    0x000000000000b6ca      0x38b C:\Users\sbsim\AppData\Local\Temp\ccFbOzfx.o
 .debug_line    0x000000000000ba55      0x538 C:\Users\sbsim\AppData\Local\Temp\ccB7mGyd.o
 .debug_line    0x000000000000bf8d      0x6d9 C:\Users\sbsim\AppData\Local\Temp\ccJ97y72.o
 .debug_line    0x000000000000c666      0x93b C:\Users\sbsim\AppData\Local\Temp\cc1KMo8U.o
 .debug_line    0x000000000000cfa1      0x35a C:\Users\sbsim\AppData\Local\Temp\cc73yvSV.o
 .debug_line    0x000000000000d2fb      0x3c8 C:\Users\sbsim\AppData\Local\Temp\ccJdGnE1.o
 .debug_line    0x000000000000d6c3      0x1a2 c:/program files (x86)/stm32cubeide_1.11.2/stm32cubeide/plugins/com.st.stm32cube.ide.mcu.externaltools.gnu-tools-for-stm32.10.3-2021.10.win32_1.0.100.202210260954/tools/bin/../lib/gcc/arm-none-eabi/10.3.1/../../../../arm-none-eabi/lib/thumb/v7e-m+fp/hard\libg.a(lib_a-memcpy-stub.o)

.debug_str      0x0000000000000000     0x32c9
 .debug_str     0x0000000000000000      0x922 C:\Users\sbsim\AppData\Local\Temp\ccucZit3.o
                                        0x97d (size before relaxing)
 .debug_str     0x0000000000000922      0x344 C:\Users\sbsim\AppData\Local\Temp\ccQukRR4.o
                                        0x6f1 (size before relaxing)
 .debug_str     0x0000000000000c66      0x166 C:\Users\sbsim\AppData\Local\Temp\ccYv8uSa.o
                                        0x4fe (size before relaxing)
 .debug_str     0x0000000000000dcc      0x2a9 C:\Users\sbsim\AppData\Local\Temp\cclijIuf.o
                                        0x9b5 (size before relaxing)
 .debug_str     0x0000000000001075      0x76d C:\Users\sbsim\AppData\Local\Temp\cca26B1U.o
                                        0xa6e (size before relaxing)
 .debug_str     0x00000000000017e2      0x13a C:\Users\sbsim\AppData\Local\Temp\ccyvxjMS.o
                                        0x614 (size before relaxing)
 .debug_str     0x000000000000191c      0x731 C:\Users\sbsim\AppData\Local\Temp\ccrCNqUs.o
                                        0xc84 (size before relaxing)
 .debug_str     0x000000000000204d      0x3ae C:\Users\sbsim\AppData\Local\Temp\ccvofzqx.o
                                        0x6d8 (size before relaxing)
 .debug_str     0x00000000000023fb      0x325 C:\Users\sbsim\AppData\Local\Temp\ccBt8WrG.o
                                        0x5b5 (size before relaxing)
 .debug_str     0x0000000000002720      0x369 C:\Users\sbsim\AppData\Local\Temp\ccjIusWS.o
                                        0xb64 (size before relaxing)
 .debug_str     0x0000000000002a89       0x2b C:\Users\sbsim\AppData\Local\Temp\ccbSDlP8.o
                                         0x81 (size before relaxing)
 .debug_str     0x0000000000002ab4       0xb5 C:\Users\sbsim\AppData\Local\Temp\ccHC1lfS.o
                                        0xc4a (size before relaxing)
 .debug_str     0x0000000000002b69      0x191 C:\Users\sbsim\AppData\Local\Temp\ccV5CV5k.o
                                        0xa4f (size before relaxing)
 .debug_str     0x0000000000002cfa       0x42 C:\Users\sbsim\AppData\Local\Temp\ccNJv6dU.o
                                        0x38f (size before relaxing)
 .debug_str     0x0000000000002d3c       0x12 C:\Users\sbsim\AppData\Local\Temp\ccFbOzfx.o
                                        0x8c6 (size before relaxing)
 .debug_str     0x0000000000002d4e      0x100 C:\Users\sbsim\AppData\Local\Temp\ccB7mGyd.o
                                        0xa9b (size before relaxing)
 .debug_str     0x0000000000002e4e      0x161 C:\Users\sbsim\AppData\Local\Temp\ccJ97y72.o
                                        0xa16 (size before relaxing)
 .debug_str     0x0000000000002faf      0x13b C:\Users\sbsim\AppData\Local\Temp\cc1KMo8U.o
                                        0x7fe (size before relaxing)
 .debug_str     0x00000000000030ea       0x13 C:\Users\sbsim\AppData\Local\Temp\cc73yvSV.o
                                        0x659 (size before relaxing)
 .debug_str     0x00000000000030fd       0x24 C:\Users\sbsim\AppData\Local\Temp\ccJdGnE1.o
                                        0x722 (size before relaxing)
 .debug_str     0x0000000000003121      0x1a8 c:/program files (x86)/stm32cubeide_1.11.2/stm32cubeide/plugins/com.st.stm32cube.ide.mcu.externaltools.gnu-tools-for-stm32.10.3-2021.10.win32_1.0.100.202210260954/tools/bin/../lib/gcc/arm-none-eabi/10.3.1/../../../../arm-none-eabi/lib/thumb/v7e-m+fp/hard\libg.a(lib_a-memcpy-stub.o)
                                        0x24b (size before relaxing)

.comment        0x0000000000000000       0x50
 .comment       0x0000000000000000       0x50 C:\Users\sbsim\AppData\Local\Temp\ccucZit3.o
                                         0x51 (size before relaxing)
 .comment       0x0000000000000050       0x51 C:\Users\sbsim\AppData\Local\Temp\ccQukRR4.o
 .comment       0x0000000000000050       0x51 C:\Users\sbsim\AppData\Local\Temp\ccYv8uSa.o
 .comment       0x0000000000000050       0x51 C:\Users\sbsim\AppData\Local\Temp\cclijIuf.o
 .comment       0x0000000000000050       0x51 C:\Users\sbsim\AppData\Local\Temp\cca26B1U.o
 .comment       0x0000000000000050       0x51 C:\Users\sbsim\AppData\Local\Temp\ccyvxjMS.o
 .comment       0x0000000000000050       0x51 C:\Users\sbsim\AppData\Local\Temp\ccrCNqUs.o
 .comment       0x0000000000000050       0x51 C:\Users\sbsim\AppData\Local\Temp\ccvofzqx.o
 .comment       0x0000000000000050       0x51 C:\Users\sbsim\AppData\Local\Temp\ccBt8WrG.o
 .comment       0x0000000000000050       0x51 C:\Users\sbsim\AppData\Local\Temp\ccjIusWS.o
 .comment       0x0000000000000050       0x51 C:\Users\sbsim\AppData\Local\Temp\ccHC1lfS.o
 .comment       0x0000000000000050       0x51 C:\Users\sbsim\AppData\Local\Temp\ccV5CV5k.o
 .comment       0x0000000000000050       0x51 C:\Users\sbsim\AppData\Local\Temp\ccNJv6dU.o
 .comment       0x0000000000000050       0x51 C:\Users\sbsim\AppData\Local\Temp\ccFbOzfx.o
 .comment       0x0000000000000050       0x51 C:\Users\sbsim\AppData\Local\Temp\ccB7mGyd.o
 .comment       0x0000000000000050       0x51 C:\Users\sbsim\AppData\Local\Temp\ccJ97y72.o
 .comment       0x0000000000000050       0x51 C:\Users\sbsim\AppData\Local\Temp\cc1KMo8U.o
 .comment       0x0000000000000050       0x51 C:\Users\sbsim\AppData\Local\Temp\cc73yvSV.o
 .comment       0x0000000000000050       0x51 C:\Users\sbsim\AppData\Local\Temp\ccJdGnE1.o
 .comment       0x0000000000000050       0x51 c:/program files (x86)/stm32cubeide_1.11.2/stm32cubeide/plugins/com.st.stm32cube.ide.mcu.externaltools.gnu-tools-for-stm32.10.3-2021.10.win32_1.0.100.202210260954/tools/bin/../lib/gcc/arm-none-eabi/10.3.1/../../../../arm-none-eabi/lib/thumb/v7e-m+fp/hard\libg.a(lib_a-memcpy-stub.o)

.debug_ranges   0x0000000000000000       0x30
 .debug_ranges  0x0000000000000000       0x20 C:\Users\sbsim\AppData\Local\Temp\ccbSDlP8.o
 .debug_ranges  0x0000000000000020       0x10 c:/program files (x86)/stm32cubeide_1.11.2/stm32cubeide/plugins/com.st.stm32cube.ide.mcu.externaltools.gnu-tools-for-stm32.10.3-2021.10.win32_1.0.100.202210260954/tools/bin/../lib/gcc/arm-none-eabi/10.3.1/../../../../arm-none-eabi/lib/thumb/v7e-m+fp/hard\libg.a(lib_a-memcpy-stub.o)

.debug_loc      0x0000000000000000       0xd9
 .debug_loc     0x0000000000000000       0xd9 c:/program files (x86)/stm32cubeide_1.11.2/stm32cubeide/plugins/com.st.stm32cube.ide.mcu.externaltools.gnu-tools-for-stm32.10.3-2021.10.win32_1.0.100.202210260954/tools/bin/../lib/gcc/arm-none-eabi/10.3.1/../../../../arm-none-eabi/lib/thumb/v7e-m+fp/hard\libg.a(lib_a-memcpy-stub.o)
