../_Libraries/STM32F4xx_HAL_Driver/Src/stm32f4xx_hal_rtc.c:203:19:HAL_RTC_Init	16	static
../_Libraries/STM32F4xx_HAL_Driver/Src/stm32f4xx_hal_rtc.c:276:19:HAL_RTC_DeInit	24	static
../_Libraries/STM32F4xx_HAL_Driver/Src/stm32f4xx_hal_rtc.c:376:13:HAL_RTC_MspInit	16	static
../_Libraries/STM32F4xx_HAL_Driver/Src/stm32f4xx_hal_rtc.c:389:13:HAL_RTC_MspDeInit	16	static
../_Libraries/STM32F4xx_HAL_Driver/Src/stm32f4xx_hal_rtc.c:425:19:HAL_RTC_SetTime	40	static
../_Libraries/STM32F4xx_HAL_Driver/Src/stm32f4xx_hal_rtc.c:553:19:HAL_RTC_GetTime	32	static
../_Libraries/STM32F4xx_HAL_Driver/Src/stm32f4xx_hal_rtc.c:595:19:HAL_RTC_SetDate	40	static
../_Libraries/STM32F4xx_HAL_Driver/Src/stm32f4xx_hal_rtc.c:707:19:HAL_RTC_GetDate	32	static
../_Libraries/STM32F4xx_HAL_Driver/Src/stm32f4xx_hal_rtc.c:762:19:HAL_RTC_SetAlarm	48	static
../_Libraries/STM32F4xx_HAL_Driver/Src/stm32f4xx_hal_rtc.c:948:19:HAL_RTC_SetAlarm_IT	48	static
../_Libraries/STM32F4xx_HAL_Driver/Src/stm32f4xx_hal_rtc.c:1138:19:HAL_RTC_DeactivateAlarm	24	static
../_Libraries/STM32F4xx_HAL_Driver/Src/stm32f4xx_hal_rtc.c:1235:19:HAL_RTC_GetAlarm	32	static
../_Libraries/STM32F4xx_HAL_Driver/Src/stm32f4xx_hal_rtc.c:1286:6:HAL_RTC_AlarmIRQHandler	16	static
../_Libraries/STM32F4xx_HAL_Driver/Src/stm32f4xx_hal_rtc.c:1327:13:HAL_RTC_AlarmAEventCallback	16	static
../_Libraries/STM32F4xx_HAL_Driver/Src/stm32f4xx_hal_rtc.c:1341:19:HAL_RTC_PollForAlarmAEvent	24	static
../_Libraries/STM32F4xx_HAL_Driver/Src/stm32f4xx_hal_rtc.c:1403:19:HAL_RTC_WaitForSynchro	24	static
../_Libraries/STM32F4xx_HAL_Driver/Src/stm32f4xx_hal_rtc.c:1449:21:HAL_RTC_GetState	16	static
../_Libraries/STM32F4xx_HAL_Driver/Src/stm32f4xx_hal_rtc.c:1466:19:RTC_EnterInitMode	24	static
../_Libraries/STM32F4xx_HAL_Driver/Src/stm32f4xx_hal_rtc.c:1498:9:RTC_ByteToBcd2	24	static
../_Libraries/STM32F4xx_HAL_Driver/Src/stm32f4xx_hal_rtc.c:1516:9:RTC_Bcd2ToByte	24	static
