../_Libraries/STM32F4xx_HAL_Driver/Src/stm32f4xx_hal_usart.c:222:19:HAL_USART_Init	16	static
../_Libraries/STM32F4xx_HAL_Driver/Src/stm32f4xx_hal_usart.c:266:19:HAL_USART_DeInit	16	static
../_Libraries/STM32F4xx_HAL_Driver/Src/stm32f4xx_hal_usart.c:300:14:HAL_USART_MspInit	16	static
../_Libraries/STM32F4xx_HAL_Driver/Src/stm32f4xx_hal_usart.c:313:14:HAL_USART_MspDeInit	16	static
../_Libraries/STM32F4xx_HAL_Driver/Src/stm32f4xx_hal_usart.c:394:19:HAL_USART_Transmit	32	static
../_Libraries/STM32F4xx_HAL_Driver/Src/stm32f4xx_hal_usart.c:471:19:HAL_USART_Receive	32	static
../_Libraries/STM32F4xx_HAL_Driver/Src/stm32f4xx_hal_usart.c:573:19:HAL_USART_TransmitReceive	32	static
../_Libraries/STM32F4xx_HAL_Driver/Src/stm32f4xx_hal_usart.c:683:19:HAL_USART_Transmit_IT	24	static
../_Libraries/STM32F4xx_HAL_Driver/Src/stm32f4xx_hal_usart.c:732:19:HAL_USART_Receive_IT	24	static
../_Libraries/STM32F4xx_HAL_Driver/Src/stm32f4xx_hal_usart.c:782:19:HAL_USART_TransmitReceive_IT	24	static
../_Libraries/STM32F4xx_HAL_Driver/Src/stm32f4xx_hal_usart.c:834:19:HAL_USART_Transmit_DMA	32	static
../_Libraries/STM32F4xx_HAL_Driver/Src/stm32f4xx_hal_usart.c:895:19:HAL_USART_Receive_DMA	32	static
../_Libraries/STM32F4xx_HAL_Driver/Src/stm32f4xx_hal_usart.c:968:19:HAL_USART_TransmitReceive_DMA	32	static
../_Libraries/STM32F4xx_HAL_Driver/Src/stm32f4xx_hal_usart.c:1046:19:HAL_USART_DMAPause	16	static
../_Libraries/STM32F4xx_HAL_Driver/Src/stm32f4xx_hal_usart.c:1066:19:HAL_USART_DMAResume	16	static
../_Libraries/STM32F4xx_HAL_Driver/Src/stm32f4xx_hal_usart.c:1086:19:HAL_USART_DMAStop	16	static
../_Libraries/STM32F4xx_HAL_Driver/Src/stm32f4xx_hal_usart.c:1120:6:HAL_USART_IRQHandler	40	static
../_Libraries/STM32F4xx_HAL_Driver/Src/stm32f4xx_hal_usart.c:1213:14:HAL_USART_TxCpltCallback	16	static
../_Libraries/STM32F4xx_HAL_Driver/Src/stm32f4xx_hal_usart.c:1226:14:HAL_USART_TxHalfCpltCallback	16	static
../_Libraries/STM32F4xx_HAL_Driver/Src/stm32f4xx_hal_usart.c:1239:13:HAL_USART_RxCpltCallback	16	static
../_Libraries/STM32F4xx_HAL_Driver/Src/stm32f4xx_hal_usart.c:1252:13:HAL_USART_RxHalfCpltCallback	16	static
../_Libraries/STM32F4xx_HAL_Driver/Src/stm32f4xx_hal_usart.c:1265:13:HAL_USART_TxRxCpltCallback	16	static
../_Libraries/STM32F4xx_HAL_Driver/Src/stm32f4xx_hal_usart.c:1278:14:HAL_USART_ErrorCallback	16	static
../_Libraries/STM32F4xx_HAL_Driver/Src/stm32f4xx_hal_usart.c:1314:24:HAL_USART_GetState	16	static
../_Libraries/STM32F4xx_HAL_Driver/Src/stm32f4xx_hal_usart.c:1325:10:HAL_USART_GetError	16	static
../_Libraries/STM32F4xx_HAL_Driver/Src/stm32f4xx_hal_usart.c:1340:13:USART_DMATransmitCplt	24	static
../_Libraries/STM32F4xx_HAL_Driver/Src/stm32f4xx_hal_usart.c:1373:13:USART_DMATxHalfCplt	24	static
../_Libraries/STM32F4xx_HAL_Driver/Src/stm32f4xx_hal_usart.c:1385:13:USART_DMAReceiveCplt	24	static
../_Libraries/STM32F4xx_HAL_Driver/Src/stm32f4xx_hal_usart.c:1434:13:USART_DMARxHalfCplt	24	static
../_Libraries/STM32F4xx_HAL_Driver/Src/stm32f4xx_hal_usart.c:1446:13:USART_DMAError	24	static
../_Libraries/STM32F4xx_HAL_Driver/Src/stm32f4xx_hal_usart.c:1467:26:USART_WaitOnFlagUntilTimeout	32	static
../_Libraries/STM32F4xx_HAL_Driver/Src/stm32f4xx_hal_usart.c:1536:26:USART_Transmit_IT	24	static
../_Libraries/STM32F4xx_HAL_Driver/Src/stm32f4xx_hal_usart.c:1582:26:USART_EndTransmit_IT	16	static
../_Libraries/STM32F4xx_HAL_Driver/Src/stm32f4xx_hal_usart.c:1603:26:USART_Receive_IT	24	static
../_Libraries/STM32F4xx_HAL_Driver/Src/stm32f4xx_hal_usart.c:1675:26:USART_TransmitReceive_IT	24	static
../_Libraries/STM32F4xx_HAL_Driver/Src/stm32f4xx_hal_usart.c:1777:13:USART_SetConfig	32	static
