../_Libraries/STM32F4xx_HAL_Driver/Src/stm32f4xx_hal_rcc.c:238:6:HAL_RCC_DeInit	4	static
../_Libraries/STM32F4xx_HAL_Driver/Src/stm32f4xx_hal_rcc.c:272:19:HAL_RCC_OscConfig	104	static,ignoring_inline_asm
../_Libraries/STM32F4xx_HAL_Driver/Src/stm32f4xx_hal_rcc.c:622:19:HAL_RCC_ClockConfig	24	static
../_Libraries/STM32F4xx_HAL_Driver/Src/stm32f4xx_hal_rcc.c:878:6:HAL_RCC_MCOConfig	48	static
../_Libraries/STM32F4xx_HAL_Driver/Src/stm32f4xx_hal_rcc.c:932:6:HAL_RCC_EnableCSS	4	static
../_Libraries/STM32F4xx_HAL_Driver/Src/stm32f4xx_hal_rcc.c:941:6:HAL_RCC_DisableCSS	4	static
../_Libraries/STM32F4xx_HAL_Driver/Src/stm32f4xx_hal_rcc.c:976:10:HAL_RCC_GetSysClockFreq	72	static,ignoring_inline_asm
../_Libraries/STM32F4xx_HAL_Driver/Src/stm32f4xx_hal_rcc.c:1032:10:HAL_RCC_GetHCLKFreq	24	static,ignoring_inline_asm
../_Libraries/STM32F4xx_HAL_Driver/Src/stm32f4xx_hal_rcc.c:1044:10:HAL_RCC_GetPCLK1Freq	24	static,ignoring_inline_asm
../_Libraries/STM32F4xx_HAL_Driver/Src/stm32f4xx_hal_rcc.c:1056:10:HAL_RCC_GetPCLK2Freq	24	static,ignoring_inline_asm
../_Libraries/STM32F4xx_HAL_Driver/Src/stm32f4xx_hal_rcc.c:1069:6:HAL_RCC_GetOscConfig	80	static,ignoring_inline_asm
../_Libraries/STM32F4xx_HAL_Driver/Src/stm32f4xx_hal_rcc.c:1148:6:HAL_RCC_GetClockConfig	16	static
../_Libraries/STM32F4xx_HAL_Driver/Src/stm32f4xx_hal_rcc.c:1174:6:HAL_RCC_NMI_IRQHandler	8	static
../_Libraries/STM32F4xx_HAL_Driver/Src/stm32f4xx_hal_rcc.c:1191:13:HAL_RCC_CSSCallback	4	static
