../_Libraries/STM32F4xx_HAL_Driver/Src/stm32f4xx_std_dma.c:197:6:DMA_DeInit	16	static
../_Libraries/STM32F4xx_HAL_Driver/Src/stm32f4xx_std_dma.c:320:6:DMA_Init	24	static
../_Libraries/STM32F4xx_HAL_Driver/Src/stm32f4xx_std_dma.c:404:6:DMA_StructInit	16	static
../_Libraries/STM32F4xx_HAL_Driver/Src/stm32f4xx_std_dma.c:479:6:DMA_Cmd	16	static
../_Libraries/STM32F4xx_HAL_Driver/Src/stm32f4xx_std_dma.c:515:6:DMA_PeriphIncOffsetSizeConfig	16	static
../_Libraries/STM32F4xx_HAL_Driver/Src/stm32f4xx_std_dma.c:551:6:DMA_FlowControllerConfig	16	static
../_Libraries/STM32F4xx_HAL_Driver/Src/stm32f4xx_std_dma.c:635:6:DMA_SetCurrDataCounter	16	static
../_Libraries/STM32F4xx_HAL_Driver/Src/stm32f4xx_std_dma.c:650:10:DMA_GetCurrDataCounter	16	static
../_Libraries/STM32F4xx_HAL_Driver/Src/stm32f4xx_std_dma.c:727:6:DMA_DoubleBufferModeConfig	24	static
../_Libraries/STM32F4xx_HAL_Driver/Src/stm32f4xx_std_dma.c:758:6:DMA_DoubleBufferModeCmd	16	static
../_Libraries/STM32F4xx_HAL_Driver/Src/stm32f4xx_std_dma.c:799:6:DMA_MemoryTargetConfig	24	static
../_Libraries/STM32F4xx_HAL_Driver/Src/stm32f4xx_std_dma.c:825:10:DMA_GetCurrentMemoryTarget	24	static
../_Libraries/STM32F4xx_HAL_Driver/Src/stm32f4xx_std_dma.c:934:17:DMA_GetCmdStatus	24	static
../_Libraries/STM32F4xx_HAL_Driver/Src/stm32f4xx_std_dma.c:968:10:DMA_GetFIFOStatus	24	static
../_Libraries/STM32F4xx_HAL_Driver/Src/stm32f4xx_std_dma.c:995:12:DMA_GetFlagStatus	32	static
../_Libraries/STM32F4xx_HAL_Driver/Src/stm32f4xx_std_dma.c:1062:6:DMA_ClearFlag	24	static
../_Libraries/STM32F4xx_HAL_Driver/Src/stm32f4xx_std_dma.c:1109:6:DMA_ITConfig	24	static
../_Libraries/STM32F4xx_HAL_Driver/Src/stm32f4xx_std_dma.c:1161:10:DMA_GetITStatus	32	static
../_Libraries/STM32F4xx_HAL_Driver/Src/stm32f4xx_std_dma.c:1243:6:DMA_ClearITPendingBit	24	static
