../_Libraries/STM32F4xx_HAL_Driver/Src/stm32f4xx_hal_irda.c:213:19:HAL_IRDA_Init	16	static
../_Libraries/STM32F4xx_HAL_Driver/Src/stm32f4xx_hal_irda.c:271:19:HAL_IRDA_DeInit	16	static
../_Libraries/STM32F4xx_HAL_Driver/Src/stm32f4xx_hal_irda.c:306:14:HAL_IRDA_MspInit	16	static
../_Libraries/STM32F4xx_HAL_Driver/Src/stm32f4xx_hal_irda.c:319:14:HAL_IRDA_MspDeInit	16	static
../_Libraries/STM32F4xx_HAL_Driver/Src/stm32f4xx_hal_irda.c:389:19:HAL_IRDA_Transmit	32	static
../_Libraries/STM32F4xx_HAL_Driver/Src/stm32f4xx_hal_irda.c:481:19:HAL_IRDA_Receive	32	static
../_Libraries/STM32F4xx_HAL_Driver/Src/stm32f4xx_hal_irda.c:574:19:HAL_IRDA_Transmit_IT	32	static
../_Libraries/STM32F4xx_HAL_Driver/Src/stm32f4xx_hal_irda.c:626:19:HAL_IRDA_Receive_IT	32	static
../_Libraries/STM32F4xx_HAL_Driver/Src/stm32f4xx_hal_irda.c:682:19:HAL_IRDA_Transmit_DMA	32	static
../_Libraries/STM32F4xx_HAL_Driver/Src/stm32f4xx_hal_irda.c:752:19:HAL_IRDA_Receive_DMA	32	static
../_Libraries/STM32F4xx_HAL_Driver/Src/stm32f4xx_hal_irda.c:814:19:HAL_IRDA_DMAPause	16	static
../_Libraries/STM32F4xx_HAL_Driver/Src/stm32f4xx_hal_irda.c:855:19:HAL_IRDA_DMAResume	24	static
../_Libraries/STM32F4xx_HAL_Driver/Src/stm32f4xx_hal_irda.c:900:19:HAL_IRDA_DMAStop	16	static
../_Libraries/STM32F4xx_HAL_Driver/Src/stm32f4xx_hal_irda.c:934:6:HAL_IRDA_IRQHandler	40	static
../_Libraries/STM32F4xx_HAL_Driver/Src/stm32f4xx_hal_irda.c:1013:14:HAL_IRDA_TxCpltCallback	16	static
../_Libraries/STM32F4xx_HAL_Driver/Src/stm32f4xx_hal_irda.c:1026:14:HAL_IRDA_TxHalfCpltCallback	16	static
../_Libraries/STM32F4xx_HAL_Driver/Src/stm32f4xx_hal_irda.c:1039:13:HAL_IRDA_RxCpltCallback	16	static
../_Libraries/STM32F4xx_HAL_Driver/Src/stm32f4xx_hal_irda.c:1052:13:HAL_IRDA_RxHalfCpltCallback	16	static
../_Libraries/STM32F4xx_HAL_Driver/Src/stm32f4xx_hal_irda.c:1065:14:HAL_IRDA_ErrorCallback	16	static
../_Libraries/STM32F4xx_HAL_Driver/Src/stm32f4xx_hal_irda.c:1099:23:HAL_IRDA_GetState	16	static
../_Libraries/STM32F4xx_HAL_Driver/Src/stm32f4xx_hal_irda.c:1110:10:HAL_IRDA_GetError	16	static
../_Libraries/STM32F4xx_HAL_Driver/Src/stm32f4xx_hal_irda.c:1124:13:IRDA_DMATransmitCplt	24	static
../_Libraries/STM32F4xx_HAL_Driver/Src/stm32f4xx_hal_irda.c:1152:13:IRDA_DMATransmitHalfCplt	24	static
../_Libraries/STM32F4xx_HAL_Driver/Src/stm32f4xx_hal_irda.c:1164:13:IRDA_DMAReceiveCplt	24	static
../_Libraries/STM32F4xx_HAL_Driver/Src/stm32f4xx_hal_irda.c:1195:13:IRDA_DMAReceiveHalfCplt	24	static
../_Libraries/STM32F4xx_HAL_Driver/Src/stm32f4xx_hal_irda.c:1207:13:IRDA_DMAError	24	static
../_Libraries/STM32F4xx_HAL_Driver/Src/stm32f4xx_hal_irda.c:1228:26:IRDA_WaitOnFlagUntilTimeout	32	static
../_Libraries/STM32F4xx_HAL_Driver/Src/stm32f4xx_hal_irda.c:1295:26:IRDA_Transmit_IT	24	static
../_Libraries/STM32F4xx_HAL_Driver/Src/stm32f4xx_hal_irda.c:1344:26:IRDA_EndTransmit_IT	16	static
../_Libraries/STM32F4xx_HAL_Driver/Src/stm32f4xx_hal_irda.c:1373:26:IRDA_Receive_IT	24	static
../_Libraries/STM32F4xx_HAL_Driver/Src/stm32f4xx_hal_irda.c:1444:13:IRDA_SetConfig	32	static
