../_Libraries/STM32F4xx_HAL_Driver/Src/stm32f4xx_hal_smartcard.c:236:19:HAL_SMARTCARD_Init	16	static
../_Libraries/STM32F4xx_HAL_Driver/Src/stm32f4xx_hal_smartcard.c:299:19:HAL_SMARTCARD_DeInit	16	static
../_Libraries/STM32F4xx_HAL_Driver/Src/stm32f4xx_hal_smartcard.c:333:14:HAL_SMARTCARD_MspInit	16	static
../_Libraries/STM32F4xx_HAL_Driver/Src/stm32f4xx_hal_smartcard.c:346:14:HAL_SMARTCARD_MspDeInit	16	static
../_Libraries/STM32F4xx_HAL_Driver/Src/stm32f4xx_hal_smartcard.c:416:19:HAL_SMARTCARD_Transmit	32	static
../_Libraries/STM32F4xx_HAL_Driver/Src/stm32f4xx_hal_smartcard.c:509:19:HAL_SMARTCARD_Receive	32	static
../_Libraries/STM32F4xx_HAL_Driver/Src/stm32f4xx_hal_smartcard.c:607:19:HAL_SMARTCARD_Transmit_IT	32	static
../_Libraries/STM32F4xx_HAL_Driver/Src/stm32f4xx_hal_smartcard.c:665:19:HAL_SMARTCARD_Receive_IT	32	static
../_Libraries/STM32F4xx_HAL_Driver/Src/stm32f4xx_hal_smartcard.c:722:19:HAL_SMARTCARD_Transmit_DMA	32	static
../_Libraries/STM32F4xx_HAL_Driver/Src/stm32f4xx_hal_smartcard.c:790:19:HAL_SMARTCARD_Receive_DMA	32	static
../_Libraries/STM32F4xx_HAL_Driver/Src/stm32f4xx_hal_smartcard.c:851:6:HAL_SMARTCARD_IRQHandler	40	static
../_Libraries/STM32F4xx_HAL_Driver/Src/stm32f4xx_hal_smartcard.c:925:14:HAL_SMARTCARD_TxCpltCallback	16	static
../_Libraries/STM32F4xx_HAL_Driver/Src/stm32f4xx_hal_smartcard.c:938:13:HAL_SMARTCARD_RxCpltCallback	16	static
../_Libraries/STM32F4xx_HAL_Driver/Src/stm32f4xx_hal_smartcard.c:951:14:HAL_SMARTCARD_ErrorCallback	16	static
../_Libraries/STM32F4xx_HAL_Driver/Src/stm32f4xx_hal_smartcard.c:983:28:HAL_SMARTCARD_GetState	16	static
../_Libraries/STM32F4xx_HAL_Driver/Src/stm32f4xx_hal_smartcard.c:994:10:HAL_SMARTCARD_GetError	16	static
../_Libraries/STM32F4xx_HAL_Driver/Src/stm32f4xx_hal_smartcard.c:1009:13:SMARTCARD_DMATransmitCplt	24	static
../_Libraries/STM32F4xx_HAL_Driver/Src/stm32f4xx_hal_smartcard.c:1029:13:SMARTCARD_DMAReceiveCplt	24	static
../_Libraries/STM32F4xx_HAL_Driver/Src/stm32f4xx_hal_smartcard.c:1058:13:SMARTCARD_DMAError	24	static
../_Libraries/STM32F4xx_HAL_Driver/Src/stm32f4xx_hal_smartcard.c:1078:26:SMARTCARD_WaitOnFlagUntilTimeout	32	static
../_Libraries/STM32F4xx_HAL_Driver/Src/stm32f4xx_hal_smartcard.c:1141:26:SMARTCARD_Transmit_IT	24	static
../_Libraries/STM32F4xx_HAL_Driver/Src/stm32f4xx_hal_smartcard.c:1190:26:SMARTCARD_EndTransmit_IT	16	static
../_Libraries/STM32F4xx_HAL_Driver/Src/stm32f4xx_hal_smartcard.c:1219:26:SMARTCARD_Receive_IT	24	static
../_Libraries/STM32F4xx_HAL_Driver/Src/stm32f4xx_hal_smartcard.c:1291:13:SMARTCARD_SetConfig	32	static
