../_Libraries/STM32F4xx_HAL_Driver/Src/stm32f4xx_hal_uart.c:240:19:HAL_UART_Init	16	static
../_Libraries/STM32F4xx_HAL_Driver/Src/stm32f4xx_hal_uart.c:299:19:HAL_HalfDuplex_Init	16	static
../_Libraries/STM32F4xx_HAL_Driver/Src/stm32f4xx_hal_uart.c:356:19:HAL_LIN_Init	16	static
../_Libraries/STM32F4xx_HAL_Driver/Src/stm32f4xx_hal_uart.c:419:19:HAL_MultiProcessor_Init	24	static
../_Libraries/STM32F4xx_HAL_Driver/Src/stm32f4xx_hal_uart.c:479:19:HAL_UART_DeInit	16	static
../_Libraries/STM32F4xx_HAL_Driver/Src/stm32f4xx_hal_uart.c:510:14:HAL_UART_MspInit	16	static
../_Libraries/STM32F4xx_HAL_Driver/Src/stm32f4xx_hal_uart.c:523:14:HAL_UART_MspDeInit	16	static
../_Libraries/STM32F4xx_HAL_Driver/Src/stm32f4xx_hal_uart.c:595:19:HAL_UART_Transmit	32	static
../_Libraries/STM32F4xx_HAL_Driver/Src/stm32f4xx_hal_uart.c:689:19:HAL_UART_Receive	32	static
../_Libraries/STM32F4xx_HAL_Driver/Src/stm32f4xx_hal_uart.c:788:19:HAL_UART_Transmit_IT	32	static
../_Libraries/STM32F4xx_HAL_Driver/Src/stm32f4xx_hal_uart.c:846:19:HAL_UART_Receive_IT	32	static
../_Libraries/STM32F4xx_HAL_Driver/Src/stm32f4xx_hal_uart.c:904:19:HAL_UART_Transmit_DMA	32	static
../_Libraries/STM32F4xx_HAL_Driver/Src/stm32f4xx_hal_uart.c:975:19:HAL_UART_Receive_DMA	32	static
../_Libraries/STM32F4xx_HAL_Driver/Src/stm32f4xx_hal_uart.c:1039:19:HAL_UART_DMAPause	16	static
../_Libraries/STM32F4xx_HAL_Driver/Src/stm32f4xx_hal_uart.c:1073:19:HAL_UART_DMAResume	24	static
../_Libraries/STM32F4xx_HAL_Driver/Src/stm32f4xx_hal_uart.c:1111:19:HAL_UART_DMAStop	16	static
../_Libraries/STM32F4xx_HAL_Driver/Src/stm32f4xx_hal_uart.c:1145:6:HAL_UART_IRQHandler	40	static
../_Libraries/STM32F4xx_HAL_Driver/Src/stm32f4xx_hal_uart.c:1228:14:HAL_UART_TxCpltCallback	16	static
../_Libraries/STM32F4xx_HAL_Driver/Src/stm32f4xx_hal_uart.c:1241:14:HAL_UART_TxHalfCpltCallback	16	static
../_Libraries/STM32F4xx_HAL_Driver/Src/stm32f4xx_hal_uart.c:1254:13:HAL_UART_RxCpltCallback	16	static
../_Libraries/STM32F4xx_HAL_Driver/Src/stm32f4xx_hal_uart.c:1267:13:HAL_UART_RxHalfCpltCallback	16	static
../_Libraries/STM32F4xx_HAL_Driver/Src/stm32f4xx_hal_uart.c:1280:14:HAL_UART_ErrorCallback	16	static
../_Libraries/STM32F4xx_HAL_Driver/Src/stm32f4xx_hal_uart.c:1314:19:HAL_LIN_SendBreak	16	static
../_Libraries/STM32F4xx_HAL_Driver/Src/stm32f4xx_hal_uart.c:1341:19:HAL_MultiProcessor_EnterMuteMode	16	static
../_Libraries/STM32F4xx_HAL_Driver/Src/stm32f4xx_hal_uart.c:1368:19:HAL_MultiProcessor_ExitMuteMode	16	static
../_Libraries/STM32F4xx_HAL_Driver/Src/stm32f4xx_hal_uart.c:1395:19:HAL_HalfDuplex_EnableTransmitter	24	static
../_Libraries/STM32F4xx_HAL_Driver/Src/stm32f4xx_hal_uart.c:1430:19:HAL_HalfDuplex_EnableReceiver	24	static
../_Libraries/STM32F4xx_HAL_Driver/Src/stm32f4xx_hal_uart.c:1487:23:HAL_UART_GetState	16	static
../_Libraries/STM32F4xx_HAL_Driver/Src/stm32f4xx_hal_uart.c:1498:10:HAL_UART_GetError	16	static
../_Libraries/STM32F4xx_HAL_Driver/Src/stm32f4xx_hal_uart.c:1512:13:UART_DMATransmitCplt	24	static
../_Libraries/STM32F4xx_HAL_Driver/Src/stm32f4xx_hal_uart.c:1540:13:UART_DMATxHalfCplt	24	static
../_Libraries/STM32F4xx_HAL_Driver/Src/stm32f4xx_hal_uart.c:1552:13:UART_DMAReceiveCplt	24	static
../_Libraries/STM32F4xx_HAL_Driver/Src/stm32f4xx_hal_uart.c:1583:13:UART_DMARxHalfCplt	24	static
../_Libraries/STM32F4xx_HAL_Driver/Src/stm32f4xx_hal_uart.c:1595:13:UART_DMAError	24	static
../_Libraries/STM32F4xx_HAL_Driver/Src/stm32f4xx_hal_uart.c:1614:26:UART_WaitOnFlagUntilTimeout	32	static
../_Libraries/STM32F4xx_HAL_Driver/Src/stm32f4xx_hal_uart.c:1681:26:UART_Transmit_IT	24	static
../_Libraries/STM32F4xx_HAL_Driver/Src/stm32f4xx_hal_uart.c:1730:26:UART_EndTransmit_IT	16	static
../_Libraries/STM32F4xx_HAL_Driver/Src/stm32f4xx_hal_uart.c:1762:26:UART_Receive_IT	24	static
../_Libraries/STM32F4xx_HAL_Driver/Src/stm32f4xx_hal_uart.c:1833:13:UART_SetConfig	32	static
