../_Libraries/STM32F4xx_HAL_Driver/Src/stm32f4xx_std_spi.c:230:6:SPI_I2S_DeInit	16	static
../_Libraries/STM32F4xx_HAL_Driver/Src/stm32f4xx_std_spi.c:269:6:SPI_Init	24	static
../_Libraries/STM32F4xx_HAL_Driver/Src/stm32f4xx_std_spi.c:333:6:I2S_Init	48	static
../_Libraries/STM32F4xx_HAL_Driver/Src/stm32f4xx_std_spi.c:468:6:SPI_StructInit	16	static
../_Libraries/STM32F4xx_HAL_Driver/Src/stm32f4xx_std_spi.c:496:6:I2S_StructInit	16	static
../_Libraries/STM32F4xx_HAL_Driver/Src/stm32f4xx_std_spi.c:525:6:SPI_Cmd	16	static
../_Libraries/STM32F4xx_HAL_Driver/Src/stm32f4xx_std_spi.c:550:6:I2S_Cmd	16	static
../_Libraries/STM32F4xx_HAL_Driver/Src/stm32f4xx_std_spi.c:577:6:SPI_DataSizeConfig	16	static
../_Libraries/STM32F4xx_HAL_Driver/Src/stm32f4xx_std_spi.c:597:6:SPI_BiDirectionalLineConfig	16	static
../_Libraries/STM32F4xx_HAL_Driver/Src/stm32f4xx_std_spi.c:623:6:SPI_NSSInternalSoftwareConfig	16	static
../_Libraries/STM32F4xx_HAL_Driver/Src/stm32f4xx_std_spi.c:647:6:SPI_SSOutputCmd	16	static
../_Libraries/STM32F4xx_HAL_Driver/Src/stm32f4xx_std_spi.c:678:6:SPI_TIModeCmd	16	static
../_Libraries/STM32F4xx_HAL_Driver/Src/stm32f4xx_std_spi.c:715:6:I2S_FullDuplexConfig	24	static
../_Libraries/STM32F4xx_HAL_Driver/Src/stm32f4xx_std_spi.c:790:10:SPI_I2S_ReceiveData	16	static
../_Libraries/STM32F4xx_HAL_Driver/Src/stm32f4xx_std_spi.c:806:6:SPI_I2S_SendData	16	static
../_Libraries/STM32F4xx_HAL_Driver/Src/stm32f4xx_std_spi.c:895:6:SPI_CalculateCRC	16	static
../_Libraries/STM32F4xx_HAL_Driver/Src/stm32f4xx_std_spi.c:917:6:SPI_TransmitCRC	16	static
../_Libraries/STM32F4xx_HAL_Driver/Src/stm32f4xx_std_spi.c:935:10:SPI_GetCRC	24	static
../_Libraries/STM32F4xx_HAL_Driver/Src/stm32f4xx_std_spi.c:960:10:SPI_GetCRCPolynomial	16	static
../_Libraries/STM32F4xx_HAL_Driver/Src/stm32f4xx_std_spi.c:997:6:SPI_I2S_DMACmd	16	static
../_Libraries/STM32F4xx_HAL_Driver/Src/stm32f4xx_std_spi.c:1106:6:SPI_I2S_ITConfig	24	static
../_Libraries/STM32F4xx_HAL_Driver/Src/stm32f4xx_std_spi.c:1150:12:SPI_I2S_GetFlagStatus	24	static
../_Libraries/STM32F4xx_HAL_Driver/Src/stm32f4xx_std_spi.c:1191:6:SPI_I2S_ClearFlag	16	static
../_Libraries/STM32F4xx_HAL_Driver/Src/stm32f4xx_std_spi.c:1216:10:SPI_I2S_GetITStatus	24	static
../_Libraries/STM32F4xx_HAL_Driver/Src/stm32f4xx_std_spi.c:1271:6:SPI_I2S_ClearITPendingBit	24	static
