../_Libraries/STM32F4xx_HAL_Driver/Src/stm32f4xx_hal_flash.c:175:19:HAL_FLASH_Program	32	static
../_Libraries/STM32F4xx_HAL_Driver/Src/stm32f4xx_hal_flash.c:233:19:HAL_FLASH_Program_IT	32	static
../_Libraries/STM32F4xx_HAL_Driver/Src/stm32f4xx_hal_flash.c:284:6:HAL_FLASH_IRQHandler	16	static
../_Libraries/STM32F4xx_HAL_Driver/Src/stm32f4xx_hal_flash.c:411:13:HAL_FLASH_EndOfOperationCallback	16	static
../_Libraries/STM32F4xx_HAL_Driver/Src/stm32f4xx_hal_flash.c:426:13:HAL_FLASH_OperationErrorCallback	16	static
../_Libraries/STM32F4xx_HAL_Driver/Src/stm32f4xx_hal_flash.c:456:19:HAL_FLASH_Unlock	4	static
../_Libraries/STM32F4xx_HAL_Driver/Src/stm32f4xx_hal_flash.c:476:19:HAL_FLASH_Lock	4	static
../_Libraries/STM32F4xx_HAL_Driver/Src/stm32f4xx_hal_flash.c:488:19:HAL_FLASH_OB_Unlock	4	static
../_Libraries/STM32F4xx_HAL_Driver/Src/stm32f4xx_hal_flash.c:508:19:HAL_FLASH_OB_Lock	4	static
../_Libraries/STM32F4xx_HAL_Driver/Src/stm32f4xx_hal_flash.c:520:19:HAL_FLASH_OB_Launch	8	static
../_Libraries/STM32F4xx_HAL_Driver/Src/stm32f4xx_hal_flash.c:557:10:HAL_FLASH_GetError	4	static
../_Libraries/STM32F4xx_HAL_Driver/Src/stm32f4xx_hal_flash.c:571:19:FLASH_WaitForLastOperation	24	static
../_Libraries/STM32F4xx_HAL_Driver/Src/stm32f4xx_hal_flash.c:620:13:FLASH_Program_DoubleWord	24	static
../_Libraries/STM32F4xx_HAL_Driver/Src/stm32f4xx_hal_flash.c:646:13:FLASH_Program_Word	16	static
../_Libraries/STM32F4xx_HAL_Driver/Src/stm32f4xx_hal_flash.c:671:13:FLASH_Program_HalfWord	16	static
../_Libraries/STM32F4xx_HAL_Driver/Src/stm32f4xx_hal_flash.c:696:13:FLASH_Program_Byte	16	static
../_Libraries/STM32F4xx_HAL_Driver/Src/stm32f4xx_hal_flash.c:713:13:FLASH_SetErrorCode	4	static
