/home/casa/kerhoas/Desktop/TDS/WORKSPACE_F411_TDS_SYNTHESE_STM32CUBEIDE/tds/_Libraries/CMSIS/Device/ST/STM32F4xx/Include/../../../../../../_Libraries/CMSIS/Device/ST/STM32F4xx/Include/../../../../../../_Libraries/CMSIS/Include/core_cm4.h:1440:22:NVIC_SetPriorityGrouping	24	static
/home/casa/kerhoas/Desktop/TDS/WORKSPACE_F411_TDS_SYNTHESE_STM32CUBEIDE/tds/_Libraries/CMSIS/Device/ST/STM32F4xx/Include/../../../../../../_Libraries/CMSIS/Device/ST/STM32F4xx/Include/../../../../../../_Libraries/CMSIS/Include/core_cm4.h:1460:26:NVIC_GetPriorityGrouping	4	static
/home/casa/kerhoas/Desktop/TDS/WORKSPACE_F411_TDS_SYNTHESE_STM32CUBEIDE/tds/_Libraries/CMSIS/Device/ST/STM32F4xx/Include/../../../../../../_Libraries/CMSIS/Device/ST/STM32F4xx/Include/../../../../../../_Libraries/CMSIS/Include/core_cm4.h:1472:22:NVIC_EnableIRQ	16	static
/home/casa/kerhoas/Desktop/TDS/WORKSPACE_F411_TDS_SYNTHESE_STM32CUBEIDE/tds/_Libraries/CMSIS/Device/ST/STM32F4xx/Include/../../../../../../_Libraries/CMSIS/Device/ST/STM32F4xx/Include/../../../../../../_Libraries/CMSIS/Include/core_cm4.h:1485:22:NVIC_DisableIRQ	16	static
/home/casa/kerhoas/Desktop/TDS/WORKSPACE_F411_TDS_SYNTHESE_STM32CUBEIDE/tds/_Libraries/CMSIS/Device/ST/STM32F4xx/Include/../../../../../../_Libraries/CMSIS/Device/ST/STM32F4xx/Include/../../../../../../_Libraries/CMSIS/Include/core_cm4.h:1501:26:NVIC_GetPendingIRQ	16	static
/home/casa/kerhoas/Desktop/TDS/WORKSPACE_F411_TDS_SYNTHESE_STM32CUBEIDE/tds/_Libraries/CMSIS/Device/ST/STM32F4xx/Include/../../../../../../_Libraries/CMSIS/Device/ST/STM32F4xx/Include/../../../../../../_Libraries/CMSIS/Include/core_cm4.h:1513:22:NVIC_SetPendingIRQ	16	static
/home/casa/kerhoas/Desktop/TDS/WORKSPACE_F411_TDS_SYNTHESE_STM32CUBEIDE/tds/_Libraries/CMSIS/Device/ST/STM32F4xx/Include/../../../../../../_Libraries/CMSIS/Device/ST/STM32F4xx/Include/../../../../../../_Libraries/CMSIS/Include/core_cm4.h:1525:22:NVIC_ClearPendingIRQ	16	static
/home/casa/kerhoas/Desktop/TDS/WORKSPACE_F411_TDS_SYNTHESE_STM32CUBEIDE/tds/_Libraries/CMSIS/Device/ST/STM32F4xx/Include/../../../../../../_Libraries/CMSIS/Device/ST/STM32F4xx/Include/../../../../../../_Libraries/CMSIS/Include/core_cm4.h:1540:26:NVIC_GetActive	16	static
/home/casa/kerhoas/Desktop/TDS/WORKSPACE_F411_TDS_SYNTHESE_STM32CUBEIDE/tds/_Libraries/CMSIS/Device/ST/STM32F4xx/Include/../../../../../../_Libraries/CMSIS/Device/ST/STM32F4xx/Include/../../../../../../_Libraries/CMSIS/Include/core_cm4.h:1555:22:NVIC_SetPriority	16	static
/home/casa/kerhoas/Desktop/TDS/WORKSPACE_F411_TDS_SYNTHESE_STM32CUBEIDE/tds/_Libraries/CMSIS/Device/ST/STM32F4xx/Include/../../../../../../_Libraries/CMSIS/Device/ST/STM32F4xx/Include/../../../../../../_Libraries/CMSIS/Include/core_cm4.h:1575:26:NVIC_GetPriority	16	static
/home/casa/kerhoas/Desktop/TDS/WORKSPACE_F411_TDS_SYNTHESE_STM32CUBEIDE/tds/_Libraries/CMSIS/Device/ST/STM32F4xx/Include/../../../../../../_Libraries/CMSIS/Device/ST/STM32F4xx/Include/../../../../../../_Libraries/CMSIS/Include/core_cm4.h:1597:26:NVIC_EncodePriority	40	static
/home/casa/kerhoas/Desktop/TDS/WORKSPACE_F411_TDS_SYNTHESE_STM32CUBEIDE/tds/_Libraries/CMSIS/Device/ST/STM32F4xx/Include/../../../../../../_Libraries/CMSIS/Device/ST/STM32F4xx/Include/../../../../../../_Libraries/CMSIS/Include/core_cm4.h:1625:22:NVIC_DecodePriority	40	static
/home/casa/kerhoas/Desktop/TDS/WORKSPACE_F411_TDS_SYNTHESE_STM32CUBEIDE/tds/_Libraries/CMSIS/Device/ST/STM32F4xx/Include/../../../../../../_Libraries/CMSIS/Device/ST/STM32F4xx/Include/../../../../../../_Libraries/CMSIS/Include/core_cm4.h:1643:22:NVIC_SystemReset	4	static,ignoring_inline_asm
/home/casa/kerhoas/Desktop/TDS/WORKSPACE_F411_TDS_SYNTHESE_STM32CUBEIDE/tds/_Libraries/CMSIS/Device/ST/STM32F4xx/Include/../../../../../../_Libraries/CMSIS/Device/ST/STM32F4xx/Include/../../../../../../_Libraries/CMSIS/Include/core_cm4.h:1682:26:SysTick_Config	16	static
../_Libraries/STM32F4xx_HAL_Driver/Src/stm32f4xx_hal_cortex.c:161:6:HAL_NVIC_SetPriorityGrouping	16	static
../_Libraries/STM32F4xx_HAL_Driver/Src/stm32f4xx_hal_cortex.c:183:6:HAL_NVIC_SetPriority	32	static
../_Libraries/STM32F4xx_HAL_Driver/Src/stm32f4xx_hal_cortex.c:205:6:HAL_NVIC_EnableIRQ	16	static
../_Libraries/STM32F4xx_HAL_Driver/Src/stm32f4xx_hal_cortex.c:221:6:HAL_NVIC_DisableIRQ	16	static
../_Libraries/STM32F4xx_HAL_Driver/Src/stm32f4xx_hal_cortex.c:234:6:HAL_NVIC_SystemReset	8	static
../_Libraries/STM32F4xx_HAL_Driver/Src/stm32f4xx_hal_cortex.c:247:10:HAL_SYSTICK_Config	16	static
../_Libraries/STM32F4xx_HAL_Driver/Src/stm32f4xx_hal_cortex.c:275:10:HAL_NVIC_GetPriorityGrouping	8	static
../_Libraries/STM32F4xx_HAL_Driver/Src/stm32f4xx_hal_cortex.c:302:6:HAL_NVIC_GetPriority	24	static
../_Libraries/STM32F4xx_HAL_Driver/Src/stm32f4xx_hal_cortex.c:317:6:HAL_NVIC_SetPendingIRQ	16	static
../_Libraries/STM32F4xx_HAL_Driver/Src/stm32f4xx_hal_cortex.c:335:10:HAL_NVIC_GetPendingIRQ	16	static
../_Libraries/STM32F4xx_HAL_Driver/Src/stm32f4xx_hal_cortex.c:351:6:HAL_NVIC_ClearPendingIRQ	16	static
../_Libraries/STM32F4xx_HAL_Driver/Src/stm32f4xx_hal_cortex.c:368:10:HAL_NVIC_GetActive	16	static
../_Libraries/STM32F4xx_HAL_Driver/Src/stm32f4xx_hal_cortex.c:385:6:HAL_SYSTICK_CLKSourceConfig	16	static
../_Libraries/STM32F4xx_HAL_Driver/Src/stm32f4xx_hal_cortex.c:403:6:HAL_SYSTICK_IRQHandler	8	static
../_Libraries/STM32F4xx_HAL_Driver/Src/stm32f4xx_hal_cortex.c:412:13:HAL_SYSTICK_Callback	4	static
