../_Libraries/STM32F4xx_HAL_Driver/Src/stm32f4xx_hal_sd.c:338:21:HAL_SD_Init	80	static
../_Libraries/STM32F4xx_HAL_Driver/Src/stm32f4xx_hal_sd.c:393:19:HAL_SD_DeInit	16	static
../_Libraries/STM32F4xx_HAL_Driver/Src/stm32f4xx_hal_sd.c:411:13:HAL_SD_MspInit	16	static
../_Libraries/STM32F4xx_HAL_Driver/Src/stm32f4xx_hal_sd.c:423:13:HAL_SD_MspDeInit	16	static
../_Libraries/STM32F4xx_HAL_Driver/Src/stm32f4xx_hal_sd.c:460:21:HAL_SD_ReadBlocks	88	static
../_Libraries/STM32F4xx_HAL_Driver/Src/stm32f4xx_hal_sd.c:644:21:HAL_SD_WriteBlocks	96	static
../_Libraries/STM32F4xx_HAL_Driver/Src/stm32f4xx_hal_sd.c:862:21:HAL_SD_ReadBlocks_DMA	80	static
../_Libraries/STM32F4xx_HAL_Driver/Src/stm32f4xx_hal_sd.c:979:21:HAL_SD_WriteBlocks_DMA	80	static
../_Libraries/STM32F4xx_HAL_Driver/Src/stm32f4xx_hal_sd.c:1095:21:HAL_SD_CheckReadOperation	40	static
../_Libraries/STM32F4xx_HAL_Driver/Src/stm32f4xx_hal_sd.c:1155:21:HAL_SD_CheckWriteOperation	40	static
../_Libraries/STM32F4xx_HAL_Driver/Src/stm32f4xx_hal_sd.c:1218:21:HAL_SD_Erase	64	static
../_Libraries/STM32F4xx_HAL_Driver/Src/stm32f4xx_hal_sd.c:1322:6:HAL_SD_IRQHandler	16	static
../_Libraries/STM32F4xx_HAL_Driver/Src/stm32f4xx_hal_sd.c:1395:13:HAL_SD_XferCpltCallback	16	static
../_Libraries/STM32F4xx_HAL_Driver/Src/stm32f4xx_hal_sd.c:1407:13:HAL_SD_XferErrorCallback	16	static
../_Libraries/STM32F4xx_HAL_Driver/Src/stm32f4xx_hal_sd.c:1420:13:HAL_SD_DMA_RxCpltCallback	16	static
../_Libraries/STM32F4xx_HAL_Driver/Src/stm32f4xx_hal_sd.c:1433:13:HAL_SD_DMA_RxErrorCallback	16	static
../_Libraries/STM32F4xx_HAL_Driver/Src/stm32f4xx_hal_sd.c:1446:13:HAL_SD_DMA_TxCpltCallback	16	static
../_Libraries/STM32F4xx_HAL_Driver/Src/stm32f4xx_hal_sd.c:1459:13:HAL_SD_DMA_TxErrorCallback	16	static
../_Libraries/STM32F4xx_HAL_Driver/Src/stm32f4xx_hal_sd.c:1492:21:HAL_SD_Get_CardInfo	80	static
../_Libraries/STM32F4xx_HAL_Driver/Src/stm32f4xx_hal_sd.c:1708:21:HAL_SD_WideBusOperation_Config	72	static
../_Libraries/STM32F4xx_HAL_Driver/Src/stm32f4xx_hal_sd.c:1762:21:HAL_SD_StopTransfer	40	static
../_Libraries/STM32F4xx_HAL_Driver/Src/stm32f4xx_hal_sd.c:1789:21:HAL_SD_HighSpeed	160	static
../_Libraries/STM32F4xx_HAL_Driver/Src/stm32f4xx_hal_sd.c:1952:21:HAL_SD_SendSDStatus	80	static
../_Libraries/STM32F4xx_HAL_Driver/Src/stm32f4xx_hal_sd.c:2088:29:HAL_SD_GetStatus	24	static
../_Libraries/STM32F4xx_HAL_Driver/Src/stm32f4xx_hal_sd.c:2117:21:HAL_SD_GetCardStatus	88	static
../_Libraries/STM32F4xx_HAL_Driver/Src/stm32f4xx_hal_sd.c:2212:13:SD_DMA_RxCplt	24	static
../_Libraries/STM32F4xx_HAL_Driver/Src/stm32f4xx_hal_sd.c:2237:13:SD_DMA_RxError	24	static
../_Libraries/STM32F4xx_HAL_Driver/Src/stm32f4xx_hal_sd.c:2251:13:SD_DMA_TxCplt	24	static
../_Libraries/STM32F4xx_HAL_Driver/Src/stm32f4xx_hal_sd.c:2276:13:SD_DMA_TxError	24	static
../_Libraries/STM32F4xx_HAL_Driver/Src/stm32f4xx_hal_sd.c:2289:32:SD_GetState	24	static
../_Libraries/STM32F4xx_HAL_Driver/Src/stm32f4xx_hal_sd.c:2309:28:SD_Initialize_Cards	48	static
../_Libraries/STM32F4xx_HAL_Driver/Src/stm32f4xx_hal_sd.c:2401:28:SD_Select_Deselect	48	static
../_Libraries/STM32F4xx_HAL_Driver/Src/stm32f4xx_hal_sd.c:2427:28:SD_PowerON	56	static
../_Libraries/STM32F4xx_HAL_Driver/Src/stm32f4xx_hal_sd.c:2568:28:SD_PowerOFF	24	static
../_Libraries/STM32F4xx_HAL_Driver/Src/stm32f4xx_hal_sd.c:2585:28:SD_SendStatus	40	static
../_Libraries/STM32F4xx_HAL_Driver/Src/stm32f4xx_hal_sd.c:2624:28:SD_CmdError	32	static
../_Libraries/STM32F4xx_HAL_Driver/Src/stm32f4xx_hal_sd.c:2656:28:SD_CmdResp7Error	32	static
../_Libraries/STM32F4xx_HAL_Driver/Src/stm32f4xx_hal_sd.c:2700:28:SD_CmdResp1Error	24	static
../_Libraries/STM32F4xx_HAL_Driver/Src/stm32f4xx_hal_sd.c:2848:28:SD_CmdResp3Error	24	static
../_Libraries/STM32F4xx_HAL_Driver/Src/stm32f4xx_hal_sd.c:2876:28:SD_CmdResp2Error	24	static
../_Libraries/STM32F4xx_HAL_Driver/Src/stm32f4xx_hal_sd.c:2919:28:SD_CmdResp6Error	32	static
../_Libraries/STM32F4xx_HAL_Driver/Src/stm32f4xx_hal_sd.c:2993:28:SD_WideBus_Enable	48	static
../_Libraries/STM32F4xx_HAL_Driver/Src/stm32f4xx_hal_sd.c:3062:28:SD_WideBus_Disable	48	static
../_Libraries/STM32F4xx_HAL_Driver/Src/stm32f4xx_hal_sd.c:3133:28:SD_FindSCR	88	static
../_Libraries/STM32F4xx_HAL_Driver/Src/stm32f4xx_hal_sd.c:3255:28:SD_IsCardProgramming	48	static
