../_Libraries/STM32F4xx_HAL_Driver/Src/stm32f4xx_hal_i2c.c:288:19:HAL_I2C_Init	24	static
../_Libraries/STM32F4xx_HAL_Driver/Src/stm32f4xx_hal_i2c.c:366:19:HAL_I2C_DeInit	16	static
../_Libraries/STM32F4xx_HAL_Driver/Src/stm32f4xx_hal_i2c.c:401:14:HAL_I2C_MspInit	16	static
../_Libraries/STM32F4xx_HAL_Driver/Src/stm32f4xx_hal_i2c.c:414:14:HAL_I2C_MspDeInit	16	static
../_Libraries/STM32F4xx_HAL_Driver/Src/stm32f4xx_hal_i2c.c:494:19:HAL_I2C_Master_Transmit	32	static
../_Libraries/STM32F4xx_HAL_Driver/Src/stm32f4xx_hal_i2c.c:592:19:HAL_I2C_Master_Receive	40	static
../_Libraries/STM32F4xx_HAL_Driver/Src/stm32f4xx_hal_i2c.c:783:19:HAL_I2C_Slave_Transmit	32	static
../_Libraries/STM32F4xx_HAL_Driver/Src/stm32f4xx_hal_i2c.c:888:19:HAL_I2C_Slave_Receive	32	static
../_Libraries/STM32F4xx_HAL_Driver/Src/stm32f4xx_hal_i2c.c:980:19:HAL_I2C_Master_Transmit_IT	32	static
../_Libraries/STM32F4xx_HAL_Driver/Src/stm32f4xx_hal_i2c.c:1051:19:HAL_I2C_Master_Receive_IT	40	static
../_Libraries/STM32F4xx_HAL_Driver/Src/stm32f4xx_hal_i2c.c:1149:19:HAL_I2C_Slave_Transmit_IT	24	static
../_Libraries/STM32F4xx_HAL_Driver/Src/stm32f4xx_hal_i2c.c:1202:19:HAL_I2C_Slave_Receive_IT	24	static
../_Libraries/STM32F4xx_HAL_Driver/Src/stm32f4xx_hal_i2c.c:1256:19:HAL_I2C_Master_Transmit_DMA	32	static
../_Libraries/STM32F4xx_HAL_Driver/Src/stm32f4xx_hal_i2c.c:1332:19:HAL_I2C_Master_Receive_DMA	32	static
../_Libraries/STM32F4xx_HAL_Driver/Src/stm32f4xx_hal_i2c.c:1418:19:HAL_I2C_Slave_Transmit_DMA	40	static
../_Libraries/STM32F4xx_HAL_Driver/Src/stm32f4xx_hal_i2c.c:1503:19:HAL_I2C_Slave_Receive_DMA	32	static
../_Libraries/STM32F4xx_HAL_Driver/Src/stm32f4xx_hal_i2c.c:1573:19:HAL_I2C_Mem_Write	32	static
../_Libraries/STM32F4xx_HAL_Driver/Src/stm32f4xx_hal_i2c.c:1673:19:HAL_I2C_Mem_Read	48	static
../_Libraries/STM32F4xx_HAL_Driver/Src/stm32f4xx_hal_i2c.c:1865:19:HAL_I2C_Mem_Write_IT	32	static
../_Libraries/STM32F4xx_HAL_Driver/Src/stm32f4xx_hal_i2c.c:1938:19:HAL_I2C_Mem_Read_IT	48	static
../_Libraries/STM32F4xx_HAL_Driver/Src/stm32f4xx_hal_i2c.c:2041:19:HAL_I2C_Mem_Write_DMA	32	static
../_Libraries/STM32F4xx_HAL_Driver/Src/stm32f4xx_hal_i2c.c:2119:19:HAL_I2C_Mem_Read_DMA	40	static
../_Libraries/STM32F4xx_HAL_Driver/Src/stm32f4xx_hal_i2c.c:2210:19:HAL_I2C_IsDeviceReady	48	static
../_Libraries/STM32F4xx_HAL_Driver/Src/stm32f4xx_hal_i2c.c:2318:6:HAL_I2C_EV_IRQHandler	32	static
../_Libraries/STM32F4xx_HAL_Driver/Src/stm32f4xx_hal_i2c.c:2423:6:HAL_I2C_ER_IRQHandler	32	static
../_Libraries/STM32F4xx_HAL_Driver/Src/stm32f4xx_hal_i2c.c:2496:14:HAL_I2C_MasterTxCpltCallback	16	static
../_Libraries/STM32F4xx_HAL_Driver/Src/stm32f4xx_hal_i2c.c:2509:13:HAL_I2C_MasterRxCpltCallback	16	static
../_Libraries/STM32F4xx_HAL_Driver/Src/stm32f4xx_hal_i2c.c:2521:14:HAL_I2C_SlaveTxCpltCallback	16	static
../_Libraries/STM32F4xx_HAL_Driver/Src/stm32f4xx_hal_i2c.c:2534:13:HAL_I2C_SlaveRxCpltCallback	16	static
../_Libraries/STM32F4xx_HAL_Driver/Src/stm32f4xx_hal_i2c.c:2547:14:HAL_I2C_MemTxCpltCallback	16	static
../_Libraries/STM32F4xx_HAL_Driver/Src/stm32f4xx_hal_i2c.c:2560:13:HAL_I2C_MemRxCpltCallback	16	static
../_Libraries/STM32F4xx_HAL_Driver/Src/stm32f4xx_hal_i2c.c:2573:14:HAL_I2C_ErrorCallback	16	static
../_Libraries/STM32F4xx_HAL_Driver/Src/stm32f4xx_hal_i2c.c:2605:22:HAL_I2C_GetState	16	static
../_Libraries/STM32F4xx_HAL_Driver/Src/stm32f4xx_hal_i2c.c:2616:10:HAL_I2C_GetError	16	static
../_Libraries/STM32F4xx_HAL_Driver/Src/stm32f4xx_hal_i2c.c:2631:26:I2C_MasterTransmit_TXE	16	static
../_Libraries/STM32F4xx_HAL_Driver/Src/stm32f4xx_hal_i2c.c:2652:26:I2C_MasterTransmit_BTF	16	static
../_Libraries/STM32F4xx_HAL_Driver/Src/stm32f4xx_hal_i2c.c:2696:26:I2C_MasterReceive_RXNE	24	static
../_Libraries/STM32F4xx_HAL_Driver/Src/stm32f4xx_hal_i2c.c:2752:26:I2C_MasterReceive_BTF	16	static
../_Libraries/STM32F4xx_HAL_Driver/Src/stm32f4xx_hal_i2c.c:2816:26:I2C_SlaveTransmit_TXE	16	static
../_Libraries/STM32F4xx_HAL_Driver/Src/stm32f4xx_hal_i2c.c:2833:26:I2C_SlaveTransmit_BTF	16	static
../_Libraries/STM32F4xx_HAL_Driver/Src/stm32f4xx_hal_i2c.c:2850:26:I2C_SlaveReceive_RXNE	16	static
../_Libraries/STM32F4xx_HAL_Driver/Src/stm32f4xx_hal_i2c.c:2867:26:I2C_SlaveReceive_BTF	16	static
../_Libraries/STM32F4xx_HAL_Driver/Src/stm32f4xx_hal_i2c.c:2884:26:I2C_Slave_ADDR	24	static
../_Libraries/STM32F4xx_HAL_Driver/Src/stm32f4xx_hal_i2c.c:2898:26:I2C_Slave_STOPF	24	static
../_Libraries/STM32F4xx_HAL_Driver/Src/stm32f4xx_hal_i2c.c:2927:26:I2C_Slave_AF	16	static
../_Libraries/STM32F4xx_HAL_Driver/Src/stm32f4xx_hal_i2c.c:2958:26:I2C_MasterRequestWrite	24	static
../_Libraries/STM32F4xx_HAL_Driver/Src/stm32f4xx_hal_i2c.c:3020:26:I2C_MasterRequestRead	32	static
../_Libraries/STM32F4xx_HAL_Driver/Src/stm32f4xx_hal_i2c.c:3115:26:I2C_RequestMemoryWrite	32	static
../_Libraries/STM32F4xx_HAL_Driver/Src/stm32f4xx_hal_i2c.c:3186:26:I2C_RequestMemoryRead	32	static
../_Libraries/STM32F4xx_HAL_Driver/Src/stm32f4xx_hal_i2c.c:3286:13:I2C_DMAMasterTransmitCplt	24	static
../_Libraries/STM32F4xx_HAL_Driver/Src/stm32f4xx_hal_i2c.c:3328:13:I2C_DMASlaveTransmitCplt	24	static
../_Libraries/STM32F4xx_HAL_Driver/Src/stm32f4xx_hal_i2c.c:3373:13:I2C_DMAMasterReceiveCplt	24	static
../_Libraries/STM32F4xx_HAL_Driver/Src/stm32f4xx_hal_i2c.c:3415:13:I2C_DMASlaveReceiveCplt	24	static
../_Libraries/STM32F4xx_HAL_Driver/Src/stm32f4xx_hal_i2c.c:3460:13:I2C_DMAMemTransmitCplt	24	static
../_Libraries/STM32F4xx_HAL_Driver/Src/stm32f4xx_hal_i2c.c:3502:13:I2C_DMAMemReceiveCplt	24	static
../_Libraries/STM32F4xx_HAL_Driver/Src/stm32f4xx_hal_i2c.c:3544:13:I2C_DMAError	24	static
../_Libraries/STM32F4xx_HAL_Driver/Src/stm32f4xx_hal_i2c.c:3569:26:I2C_WaitOnFlagUntilTimeout	32	static
../_Libraries/STM32F4xx_HAL_Driver/Src/stm32f4xx_hal_i2c.c:3626:26:I2C_WaitOnMasterAddressFlagUntilTimeout	32	static
