../_Libraries/BSP/STM32F4xx-Nucleo/stm32f4xx_nucleo.c:164:10:BSP_GetVersion	4	static
../_Libraries/BSP/STM32F4xx-Nucleo/stm32f4xx_nucleo.c:176:6:BSP_LED_Init	40	static
../_Libraries/BSP/STM32F4xx-Nucleo/stm32f4xx_nucleo.c:201:6:BSP_LED_On	16	static
../_Libraries/BSP/STM32F4xx-Nucleo/stm32f4xx_nucleo.c:213:6:BSP_LED_Off	16	static
../_Libraries/BSP/STM32F4xx-Nucleo/stm32f4xx_nucleo.c:225:6:BSP_LED_Toggle	16	static
../_Libraries/BSP/STM32F4xx-Nucleo/stm32f4xx_nucleo.c:241:6:BSP_PB_Init	40	static
../_Libraries/BSP/STM32F4xx-Nucleo/stm32f4xx_nucleo.c:278:10:BSP_PB_GetState	16	static
../_Libraries/BSP/STM32F4xx-Nucleo/stm32f4xx_nucleo.c:300:13:SPIx_Init	4	static
../_Libraries/BSP/STM32F4xx-Nucleo/stm32f4xx_nucleo.c:310:17:SPIx_Read	4	static
../_Libraries/BSP/STM32F4xx-Nucleo/stm32f4xx_nucleo.c:321:13:SPIx_Write	16	static
../_Libraries/BSP/STM32F4xx-Nucleo/stm32f4xx_nucleo.c:346:6:SD_IO_Init	32	static
../_Libraries/BSP/STM32F4xx-Nucleo/stm32f4xx_nucleo.c:382:6:SD_IO_WriteByte	16	static
../_Libraries/BSP/STM32F4xx-Nucleo/stm32f4xx_nucleo.c:393:9:SD_IO_ReadByte	16	static
../_Libraries/BSP/STM32F4xx-Nucleo/stm32f4xx_nucleo.c:412:19:SD_IO_WriteCmd	32	static
../_Libraries/BSP/STM32F4xx-Nucleo/stm32f4xx_nucleo.c:447:19:SD_IO_WaitResponse	24	static
../_Libraries/BSP/STM32F4xx-Nucleo/stm32f4xx_nucleo.c:474:6:SD_IO_WriteDummy	8	static
../_Libraries/BSP/STM32F4xx-Nucleo/stm32f4xx_nucleo.c:489:6:LCD_IO_Init	32	static
../_Libraries/BSP/STM32F4xx-Nucleo/stm32f4xx_nucleo.c:520:6:LCD_IO_WriteReg	16	static
../_Libraries/BSP/STM32F4xx-Nucleo/stm32f4xx_nucleo.c:541:6:LCD_IO_WriteData	16	static
../_Libraries/BSP/STM32F4xx-Nucleo/stm32f4xx_nucleo.c:561:6:LCD_Delay	16	static
../_Libraries/BSP/STM32F4xx-Nucleo/stm32f4xx_nucleo.c:572:13:ADCx_MspInit	40	static
../_Libraries/BSP/STM32F4xx-Nucleo/stm32f4xx_nucleo.c:596:13:ADCx_Init	8	static
../_Libraries/BSP/STM32F4xx-Nucleo/stm32f4xx_nucleo.c:623:9:BSP_JOY_Init	16	static
../_Libraries/BSP/STM32F4xx-Nucleo/stm32f4xx_nucleo.c:651:18:BSP_JOY_GetState	16	static
