../src/newlib_stubs.c:45:9:_sbrk	24	static
../src/newlib_stubs.c:82:5:_gettimeofday	16	static
../src/newlib_stubs.c:93:6:initialise_monitor_handles	4	static
../src/newlib_stubs.c:97:5:_getpid	4	static
../src/newlib_stubs.c:102:5:_kill	16	static
/local/st/stm32cubeide_1.9.0/plugins/com.st.stm32cube.ide.mcu.externaltools.gnu-tools-for-stm32.10.3-2021.10.linux64_1.0.0.202111181127/tools/arm-none-eabi/include/sys/unistd.h:18:6:_exit	16	static
../src/newlib_stubs.c:114:5:_write	32	static
../src/newlib_stubs.c:125:5:_close	16	static
../src/newlib_stubs.c:130:5:_fstat	16	static
../src/newlib_stubs.c:136:5:_isatty	16	static
../src/newlib_stubs.c:141:5:_lseek	24	static
../src/newlib_stubs.c:146:5:_read	32	static
../src/newlib_stubs.c:158:5:_open	12	static
/local/st/stm32cubeide_1.9.0/plugins/com.st.stm32cube.ide.mcu.externaltools.gnu-tools-for-stm32.10.3-2021.10.linux64_1.0.0.202111181127/tools/arm-none-eabi/include/sys/wait.h:38:7:_wait	16	static
../src/newlib_stubs.c:170:5:_unlink	16	static
../src/newlib_stubs.c:176:5:_times	16	static
../src/newlib_stubs.c:181:5:_stat	16	static
../src/newlib_stubs.c:187:5:_link	16	static
../src/newlib_stubs.c:193:5:_fork	4	static
../src/newlib_stubs.c:199:5:_execve	24	static
