../src/stm32f4xx_hal_msp.c:14:6:HAL_MspInit	8	static
../src/stm32f4xx_hal_msp.c:36:6:HAL_DMA_MspInit	8	static
../src/stm32f4xx_hal_msp.c:50:6:HAL_GPIO_MEASURE_MspInit	32	static
../src/stm32f4xx_hal_msp.c:65:6:HAL_WolfsonReset_MspInit	32	static
../src/stm32f4xx_hal_msp.c:82:6:HAL_UARTCOM_MspInit	32	static
../src/stm32f4xx_hal_msp.c:107:6:HAL_UARTMIDI_MspInit	32	static
../src/stm32f4xx_hal_msp.c:128:6:HAL_GPIO_LED_MspInit	32	static
../src/stm32f4xx_hal_msp.c:146:6:HAL_i2c_MspInit	32	static
../src/stm32f4xx_hal_msp.c:170:6:HAL_timer_MspInit	8	static
../src/stm32f4xx_hal_msp.c:192:6:HAL_i2s_MspInit	32	static
../src/stm32f4xx_hal_msp.c:238:6:HAL_MspDeInit	8	static
