../src/stm32f4xx_it.c:27:6:NMI_Handler	4	static
../src/stm32f4xx_it.c:31:6:HardFault_Handler	4	static
../src/stm32f4xx_it.c:40:6:MemManage_Handler	4	static
../src/stm32f4xx_it.c:48:6:BusFault_Handler	4	static
../src/stm32f4xx_it.c:56:6:UsageFault_Handler	4	static
../src/stm32f4xx_it.c:69:6:DebugMon_Handler	4	static
../src/stm32f4xx_it.c:77:6:SysTick_Handler	8	static
../src/stm32f4xx_it.c:87:6:OTG_FS_IRQHandler	4	static
../src/stm32f4xx_it.c:99:6:TIM4_IRQHandler	8	static
../src/stm32f4xx_it.c:105:6:TIM5_IRQHandler	8	static
../src/stm32f4xx_it.c:113:6:EXTI0_IRQHandler	8	static
../src/stm32f4xx_it.c:121:6:EXTI1_IRQHandler	8	static
../src/stm32f4xx_it.c:126:6:I2C1_EV_IRQHandler	8	static
../src/stm32f4xx_it.c:131:6:I2C1_ER_IRQHandler	8	static
../src/stm32f4xx_it.c:139:6:EXTI15_10_IRQHandler	8	static
../src/stm32f4xx_it.c:146:6:USART2_IRQHandler	8	static
../src/stm32f4xx_it.c:153:6:USART6_IRQHandler	8	static
../src/stm32f4xx_it.c:159:6:SPI2_IRQHandler	8	static
../src/stm32f4xx_it.c:174:6:I2S2_IRQHandler	4	static
../src/stm32f4xx_it.c:179:6:DMA1_Stream3_IRQHandler	4	static
../src/stm32f4xx_it.c:187:6:DMA1_Stream4_IRQHandler	4	static
