Archive member included to satisfy reference by file (symbol)

/local/st/stm32cubeide_1.9.0/plugins/com.st.stm32cube.ide.mcu.externaltools.gnu-tools-for-stm32.10.3-2021.10.linux64_1.0.0.202111181127/tools/bin/../lib/gcc/arm-none-eabi/10.3.1/../../../../arm-none-eabi/lib/thumb/v7e-m+fp/hard/libc.a(lib_a-exit.o)
                              /local/st/stm32cubeide_1.9.0/plugins/com.st.stm32cube.ide.mcu.externaltools.gnu-tools-for-stm32.10.3-2021.10.linux64_1.0.0.202111181127/tools/bin/../lib/gcc/arm-none-eabi/10.3.1/../../../../arm-none-eabi/lib/thumb/v7e-m+fp/hard/crt0.o (exit)
/local/st/stm32cubeide_1.9.0/plugins/com.st.stm32cube.ide.mcu.externaltools.gnu-tools-for-stm32.10.3-2021.10.linux64_1.0.0.202111181127/tools/bin/../lib/gcc/arm-none-eabi/10.3.1/../../../../arm-none-eabi/lib/thumb/v7e-m+fp/hard/libc.a(lib_a-impure.o)
                              /local/st/stm32cubeide_1.9.0/plugins/com.st.stm32cube.ide.mcu.externaltools.gnu-tools-for-stm32.10.3-2021.10.linux64_1.0.0.202111181127/tools/bin/../lib/gcc/arm-none-eabi/10.3.1/../../../../arm-none-eabi/lib/thumb/v7e-m+fp/hard/libc.a(lib_a-exit.o) (_global_impure_ptr)
/local/st/stm32cubeide_1.9.0/plugins/com.st.stm32cube.ide.mcu.externaltools.gnu-tools-for-stm32.10.3-2021.10.linux64_1.0.0.202111181127/tools/bin/../lib/gcc/arm-none-eabi/10.3.1/../../../../arm-none-eabi/lib/thumb/v7e-m+fp/hard/libc.a(lib_a-init.o)
                              /local/st/stm32cubeide_1.9.0/plugins/com.st.stm32cube.ide.mcu.externaltools.gnu-tools-for-stm32.10.3-2021.10.linux64_1.0.0.202111181127/tools/bin/../lib/gcc/arm-none-eabi/10.3.1/../../../../arm-none-eabi/lib/thumb/v7e-m+fp/hard/crt0.o (__libc_init_array)
/local/st/stm32cubeide_1.9.0/plugins/com.st.stm32cube.ide.mcu.externaltools.gnu-tools-for-stm32.10.3-2021.10.linux64_1.0.0.202111181127/tools/bin/../lib/gcc/arm-none-eabi/10.3.1/../../../../arm-none-eabi/lib/thumb/v7e-m+fp/hard/libc.a(lib_a-memset.o)
                              /local/st/stm32cubeide_1.9.0/plugins/com.st.stm32cube.ide.mcu.externaltools.gnu-tools-for-stm32.10.3-2021.10.linux64_1.0.0.202111181127/tools/bin/../lib/gcc/arm-none-eabi/10.3.1/../../../../arm-none-eabi/lib/thumb/v7e-m+fp/hard/crt0.o (memset)
/local/st/stm32cubeide_1.9.0/plugins/com.st.stm32cube.ide.mcu.externaltools.gnu-tools-for-stm32.10.3-2021.10.linux64_1.0.0.202111181127/tools/bin/../lib/gcc/arm-none-eabi/10.3.1/../../../../arm-none-eabi/lib/thumb/v7e-m+fp/hard/libc.a(lib_a-__call_atexit.o)
                              /local/st/stm32cubeide_1.9.0/plugins/com.st.stm32cube.ide.mcu.externaltools.gnu-tools-for-stm32.10.3-2021.10.linux64_1.0.0.202111181127/tools/bin/../lib/gcc/arm-none-eabi/10.3.1/../../../../arm-none-eabi/lib/thumb/v7e-m+fp/hard/libc.a(lib_a-exit.o) (__call_exitprocs)
/local/st/stm32cubeide_1.9.0/plugins/com.st.stm32cube.ide.mcu.externaltools.gnu-tools-for-stm32.10.3-2021.10.linux64_1.0.0.202111181127/tools/bin/../lib/gcc/arm-none-eabi/10.3.1/../../../../arm-none-eabi/lib/thumb/v7e-m+fp/hard/libc.a(lib_a-atexit.o)
                              /local/st/stm32cubeide_1.9.0/plugins/com.st.stm32cube.ide.mcu.externaltools.gnu-tools-for-stm32.10.3-2021.10.linux64_1.0.0.202111181127/tools/bin/../lib/gcc/arm-none-eabi/10.3.1/../../../../arm-none-eabi/lib/thumb/v7e-m+fp/hard/libc.a(lib_a-__call_atexit.o) (atexit)
/local/st/stm32cubeide_1.9.0/plugins/com.st.stm32cube.ide.mcu.externaltools.gnu-tools-for-stm32.10.3-2021.10.linux64_1.0.0.202111181127/tools/bin/../lib/gcc/arm-none-eabi/10.3.1/../../../../arm-none-eabi/lib/thumb/v7e-m+fp/hard/libc.a(lib_a-fini.o)
                              /local/st/stm32cubeide_1.9.0/plugins/com.st.stm32cube.ide.mcu.externaltools.gnu-tools-for-stm32.10.3-2021.10.linux64_1.0.0.202111181127/tools/bin/../lib/gcc/arm-none-eabi/10.3.1/../../../../arm-none-eabi/lib/thumb/v7e-m+fp/hard/libc.a(lib_a-__call_atexit.o) (__libc_fini_array)
/local/st/stm32cubeide_1.9.0/plugins/com.st.stm32cube.ide.mcu.externaltools.gnu-tools-for-stm32.10.3-2021.10.linux64_1.0.0.202111181127/tools/bin/../lib/gcc/arm-none-eabi/10.3.1/../../../../arm-none-eabi/lib/thumb/v7e-m+fp/hard/libc.a(lib_a-lock.o)
                              /local/st/stm32cubeide_1.9.0/plugins/com.st.stm32cube.ide.mcu.externaltools.gnu-tools-for-stm32.10.3-2021.10.linux64_1.0.0.202111181127/tools/bin/../lib/gcc/arm-none-eabi/10.3.1/../../../../arm-none-eabi/lib/thumb/v7e-m+fp/hard/libc.a(lib_a-__call_atexit.o) (__retarget_lock_acquire_recursive)
/local/st/stm32cubeide_1.9.0/plugins/com.st.stm32cube.ide.mcu.externaltools.gnu-tools-for-stm32.10.3-2021.10.linux64_1.0.0.202111181127/tools/bin/../lib/gcc/arm-none-eabi/10.3.1/../../../../arm-none-eabi/lib/thumb/v7e-m+fp/hard/libc.a(lib_a-__atexit.o)
                              /local/st/stm32cubeide_1.9.0/plugins/com.st.stm32cube.ide.mcu.externaltools.gnu-tools-for-stm32.10.3-2021.10.linux64_1.0.0.202111181127/tools/bin/../lib/gcc/arm-none-eabi/10.3.1/../../../../arm-none-eabi/lib/thumb/v7e-m+fp/hard/libc.a(lib_a-atexit.o) (__register_exitproc)
/local/st/stm32cubeide_1.9.0/plugins/com.st.stm32cube.ide.mcu.externaltools.gnu-tools-for-stm32.10.3-2021.10.linux64_1.0.0.202111181127/tools/bin/../lib/gcc/arm-none-eabi/10.3.1/thumb/v7e-m+fp/hard/libgcc.a(_arm_fixunsdfsi.o)
                              /tmp/cclA9jB6.o (__aeabi_d2uiz)
/local/st/stm32cubeide_1.9.0/plugins/com.st.stm32cube.ide.mcu.externaltools.gnu-tools-for-stm32.10.3-2021.10.linux64_1.0.0.202111181127/tools/bin/../lib/gcc/arm-none-eabi/10.3.1/../../../../arm-none-eabi/lib/thumb/v7e-m+fp/hard/libg.a(lib_a-memcpy-stub.o)
                              /tmp/ccUzcmp7.o (memcpy)

Allocating common symbols
Common symbol       size              file

pongOUT             0x80              /tmp/cc7TedQ6.o
Uart6Handle         0x40              /tmp/ccIrs1j9.o
hi2c1               0x3c              /tmp/ccUzcmp7.o
I2S_InitStructure   0x10              /tmp/cccXmvw9.o
rec_buf2            0x2               /tmp/cclA9jB6.o
Uart2Handle         0x40              /tmp/ccIrs1j9.o
pongIN              0x80              /tmp/cc7TedQ6.o
rec_buf6            0x2               /tmp/cclA9jB6.o
pingIN              0x80              /tmp/cc7TedQ6.o
rec_buf             0x2               /tmp/cclA9jB6.o
pingOUT             0x80              /tmp/cc7TedQ6.o
DMA_InitStructure   0x3c              /tmp/cc7TedQ6.o

Discarded input sections

 .text          0x0000000000000000        0x0 /local/st/stm32cubeide_1.9.0/plugins/com.st.stm32cube.ide.mcu.externaltools.gnu-tools-for-stm32.10.3-2021.10.linux64_1.0.0.202111181127/tools/bin/../lib/gcc/arm-none-eabi/10.3.1/thumb/v7e-m+fp/hard/crti.o
 .data          0x0000000000000000        0x0 /local/st/stm32cubeide_1.9.0/plugins/com.st.stm32cube.ide.mcu.externaltools.gnu-tools-for-stm32.10.3-2021.10.linux64_1.0.0.202111181127/tools/bin/../lib/gcc/arm-none-eabi/10.3.1/thumb/v7e-m+fp/hard/crti.o
 .bss           0x0000000000000000        0x0 /local/st/stm32cubeide_1.9.0/plugins/com.st.stm32cube.ide.mcu.externaltools.gnu-tools-for-stm32.10.3-2021.10.linux64_1.0.0.202111181127/tools/bin/../lib/gcc/arm-none-eabi/10.3.1/thumb/v7e-m+fp/hard/crti.o
 .data          0x0000000000000000        0x4 /local/st/stm32cubeide_1.9.0/plugins/com.st.stm32cube.ide.mcu.externaltools.gnu-tools-for-stm32.10.3-2021.10.linux64_1.0.0.202111181127/tools/bin/../lib/gcc/arm-none-eabi/10.3.1/thumb/v7e-m+fp/hard/crtbegin.o
 .rodata        0x0000000000000000       0x24 /local/st/stm32cubeide_1.9.0/plugins/com.st.stm32cube.ide.mcu.externaltools.gnu-tools-for-stm32.10.3-2021.10.linux64_1.0.0.202111181127/tools/bin/../lib/gcc/arm-none-eabi/10.3.1/thumb/v7e-m+fp/hard/crtbegin.o
 .text          0x0000000000000000       0x7c /local/st/stm32cubeide_1.9.0/plugins/com.st.stm32cube.ide.mcu.externaltools.gnu-tools-for-stm32.10.3-2021.10.linux64_1.0.0.202111181127/tools/bin/../lib/gcc/arm-none-eabi/10.3.1/../../../../arm-none-eabi/lib/thumb/v7e-m+fp/hard/crt0.o
 .data          0x0000000000000000        0x0 /local/st/stm32cubeide_1.9.0/plugins/com.st.stm32cube.ide.mcu.externaltools.gnu-tools-for-stm32.10.3-2021.10.linux64_1.0.0.202111181127/tools/bin/../lib/gcc/arm-none-eabi/10.3.1/../../../../arm-none-eabi/lib/thumb/v7e-m+fp/hard/crt0.o
 .bss           0x0000000000000000        0x0 /local/st/stm32cubeide_1.9.0/plugins/com.st.stm32cube.ide.mcu.externaltools.gnu-tools-for-stm32.10.3-2021.10.linux64_1.0.0.202111181127/tools/bin/../lib/gcc/arm-none-eabi/10.3.1/../../../../arm-none-eabi/lib/thumb/v7e-m+fp/hard/crt0.o
 .ARM.extab     0x0000000000000000        0x0 /local/st/stm32cubeide_1.9.0/plugins/com.st.stm32cube.ide.mcu.externaltools.gnu-tools-for-stm32.10.3-2021.10.linux64_1.0.0.202111181127/tools/bin/../lib/gcc/arm-none-eabi/10.3.1/../../../../arm-none-eabi/lib/thumb/v7e-m+fp/hard/crt0.o
 .ARM.exidx     0x0000000000000000       0x10 /local/st/stm32cubeide_1.9.0/plugins/com.st.stm32cube.ide.mcu.externaltools.gnu-tools-for-stm32.10.3-2021.10.linux64_1.0.0.202111181127/tools/bin/../lib/gcc/arm-none-eabi/10.3.1/../../../../arm-none-eabi/lib/thumb/v7e-m+fp/hard/crt0.o
 .ARM.attributes
                0x0000000000000000       0x1c /local/st/stm32cubeide_1.9.0/plugins/com.st.stm32cube.ide.mcu.externaltools.gnu-tools-for-stm32.10.3-2021.10.linux64_1.0.0.202111181127/tools/bin/../lib/gcc/arm-none-eabi/10.3.1/../../../../arm-none-eabi/lib/thumb/v7e-m+fp/hard/crt0.o
 .text          0x0000000000000000        0x0 /local/st/stm32cubeide_1.9.0/plugins/com.st.stm32cube.ide.mcu.externaltools.gnu-tools-for-stm32.10.3-2021.10.linux64_1.0.0.202111181127/tools/bin/../lib/gcc/arm-none-eabi/10.3.1/../../../../arm-none-eabi/lib/thumb/v7e-m+fp/hard/libc.a(lib_a-exit.o)
 .data          0x0000000000000000        0x0 /local/st/stm32cubeide_1.9.0/plugins/com.st.stm32cube.ide.mcu.externaltools.gnu-tools-for-stm32.10.3-2021.10.linux64_1.0.0.202111181127/tools/bin/../lib/gcc/arm-none-eabi/10.3.1/../../../../arm-none-eabi/lib/thumb/v7e-m+fp/hard/libc.a(lib_a-exit.o)
 .bss           0x0000000000000000        0x0 /local/st/stm32cubeide_1.9.0/plugins/com.st.stm32cube.ide.mcu.externaltools.gnu-tools-for-stm32.10.3-2021.10.linux64_1.0.0.202111181127/tools/bin/../lib/gcc/arm-none-eabi/10.3.1/../../../../arm-none-eabi/lib/thumb/v7e-m+fp/hard/libc.a(lib_a-exit.o)
 .text.exit     0x0000000000000000       0x20 /local/st/stm32cubeide_1.9.0/plugins/com.st.stm32cube.ide.mcu.externaltools.gnu-tools-for-stm32.10.3-2021.10.linux64_1.0.0.202111181127/tools/bin/../lib/gcc/arm-none-eabi/10.3.1/../../../../arm-none-eabi/lib/thumb/v7e-m+fp/hard/libc.a(lib_a-exit.o)
 .debug_frame   0x0000000000000000       0x28 /local/st/stm32cubeide_1.9.0/plugins/com.st.stm32cube.ide.mcu.externaltools.gnu-tools-for-stm32.10.3-2021.10.linux64_1.0.0.202111181127/tools/bin/../lib/gcc/arm-none-eabi/10.3.1/../../../../arm-none-eabi/lib/thumb/v7e-m+fp/hard/libc.a(lib_a-exit.o)
 .ARM.attributes
                0x0000000000000000       0x34 /local/st/stm32cubeide_1.9.0/plugins/com.st.stm32cube.ide.mcu.externaltools.gnu-tools-for-stm32.10.3-2021.10.linux64_1.0.0.202111181127/tools/bin/../lib/gcc/arm-none-eabi/10.3.1/../../../../arm-none-eabi/lib/thumb/v7e-m+fp/hard/libc.a(lib_a-exit.o)
 .text          0x0000000000000000        0x0 /local/st/stm32cubeide_1.9.0/plugins/com.st.stm32cube.ide.mcu.externaltools.gnu-tools-for-stm32.10.3-2021.10.linux64_1.0.0.202111181127/tools/bin/../lib/gcc/arm-none-eabi/10.3.1/../../../../arm-none-eabi/lib/thumb/v7e-m+fp/hard/libc.a(lib_a-impure.o)
 .data          0x0000000000000000        0x0 /local/st/stm32cubeide_1.9.0/plugins/com.st.stm32cube.ide.mcu.externaltools.gnu-tools-for-stm32.10.3-2021.10.linux64_1.0.0.202111181127/tools/bin/../lib/gcc/arm-none-eabi/10.3.1/../../../../arm-none-eabi/lib/thumb/v7e-m+fp/hard/libc.a(lib_a-impure.o)
 .bss           0x0000000000000000        0x0 /local/st/stm32cubeide_1.9.0/plugins/com.st.stm32cube.ide.mcu.externaltools.gnu-tools-for-stm32.10.3-2021.10.linux64_1.0.0.202111181127/tools/bin/../lib/gcc/arm-none-eabi/10.3.1/../../../../arm-none-eabi/lib/thumb/v7e-m+fp/hard/libc.a(lib_a-impure.o)
 .data._impure_ptr
                0x0000000000000000        0x4 /local/st/stm32cubeide_1.9.0/plugins/com.st.stm32cube.ide.mcu.externaltools.gnu-tools-for-stm32.10.3-2021.10.linux64_1.0.0.202111181127/tools/bin/../lib/gcc/arm-none-eabi/10.3.1/../../../../arm-none-eabi/lib/thumb/v7e-m+fp/hard/libc.a(lib_a-impure.o)
 .text          0x0000000000000000        0x0 /local/st/stm32cubeide_1.9.0/plugins/com.st.stm32cube.ide.mcu.externaltools.gnu-tools-for-stm32.10.3-2021.10.linux64_1.0.0.202111181127/tools/bin/../lib/gcc/arm-none-eabi/10.3.1/../../../../arm-none-eabi/lib/thumb/v7e-m+fp/hard/libc.a(lib_a-init.o)
 .data          0x0000000000000000        0x0 /local/st/stm32cubeide_1.9.0/plugins/com.st.stm32cube.ide.mcu.externaltools.gnu-tools-for-stm32.10.3-2021.10.linux64_1.0.0.202111181127/tools/bin/../lib/gcc/arm-none-eabi/10.3.1/../../../../arm-none-eabi/lib/thumb/v7e-m+fp/hard/libc.a(lib_a-init.o)
 .bss           0x0000000000000000        0x0 /local/st/stm32cubeide_1.9.0/plugins/com.st.stm32cube.ide.mcu.externaltools.gnu-tools-for-stm32.10.3-2021.10.linux64_1.0.0.202111181127/tools/bin/../lib/gcc/arm-none-eabi/10.3.1/../../../../arm-none-eabi/lib/thumb/v7e-m+fp/hard/libc.a(lib_a-init.o)
 .text          0x0000000000000000        0x0 /local/st/stm32cubeide_1.9.0/plugins/com.st.stm32cube.ide.mcu.externaltools.gnu-tools-for-stm32.10.3-2021.10.linux64_1.0.0.202111181127/tools/bin/../lib/gcc/arm-none-eabi/10.3.1/../../../../arm-none-eabi/lib/thumb/v7e-m+fp/hard/libc.a(lib_a-memset.o)
 .data          0x0000000000000000        0x0 /local/st/stm32cubeide_1.9.0/plugins/com.st.stm32cube.ide.mcu.externaltools.gnu-tools-for-stm32.10.3-2021.10.linux64_1.0.0.202111181127/tools/bin/../lib/gcc/arm-none-eabi/10.3.1/../../../../arm-none-eabi/lib/thumb/v7e-m+fp/hard/libc.a(lib_a-memset.o)
 .bss           0x0000000000000000        0x0 /local/st/stm32cubeide_1.9.0/plugins/com.st.stm32cube.ide.mcu.externaltools.gnu-tools-for-stm32.10.3-2021.10.linux64_1.0.0.202111181127/tools/bin/../lib/gcc/arm-none-eabi/10.3.1/../../../../arm-none-eabi/lib/thumb/v7e-m+fp/hard/libc.a(lib_a-memset.o)
 .text.memset   0x0000000000000000       0x10 /local/st/stm32cubeide_1.9.0/plugins/com.st.stm32cube.ide.mcu.externaltools.gnu-tools-for-stm32.10.3-2021.10.linux64_1.0.0.202111181127/tools/bin/../lib/gcc/arm-none-eabi/10.3.1/../../../../arm-none-eabi/lib/thumb/v7e-m+fp/hard/libc.a(lib_a-memset.o)
 .debug_frame   0x0000000000000000       0x20 /local/st/stm32cubeide_1.9.0/plugins/com.st.stm32cube.ide.mcu.externaltools.gnu-tools-for-stm32.10.3-2021.10.linux64_1.0.0.202111181127/tools/bin/../lib/gcc/arm-none-eabi/10.3.1/../../../../arm-none-eabi/lib/thumb/v7e-m+fp/hard/libc.a(lib_a-memset.o)
 .ARM.attributes
                0x0000000000000000       0x34 /local/st/stm32cubeide_1.9.0/plugins/com.st.stm32cube.ide.mcu.externaltools.gnu-tools-for-stm32.10.3-2021.10.linux64_1.0.0.202111181127/tools/bin/../lib/gcc/arm-none-eabi/10.3.1/../../../../arm-none-eabi/lib/thumb/v7e-m+fp/hard/libc.a(lib_a-memset.o)
 .text          0x0000000000000000        0x0 /local/st/stm32cubeide_1.9.0/plugins/com.st.stm32cube.ide.mcu.externaltools.gnu-tools-for-stm32.10.3-2021.10.linux64_1.0.0.202111181127/tools/bin/../lib/gcc/arm-none-eabi/10.3.1/../../../../arm-none-eabi/lib/thumb/v7e-m+fp/hard/libc.a(lib_a-__call_atexit.o)
 .data          0x0000000000000000        0x0 /local/st/stm32cubeide_1.9.0/plugins/com.st.stm32cube.ide.mcu.externaltools.gnu-tools-for-stm32.10.3-2021.10.linux64_1.0.0.202111181127/tools/bin/../lib/gcc/arm-none-eabi/10.3.1/../../../../arm-none-eabi/lib/thumb/v7e-m+fp/hard/libc.a(lib_a-__call_atexit.o)
 .bss           0x0000000000000000        0x0 /local/st/stm32cubeide_1.9.0/plugins/com.st.stm32cube.ide.mcu.externaltools.gnu-tools-for-stm32.10.3-2021.10.linux64_1.0.0.202111181127/tools/bin/../lib/gcc/arm-none-eabi/10.3.1/../../../../arm-none-eabi/lib/thumb/v7e-m+fp/hard/libc.a(lib_a-__call_atexit.o)
 .text.__call_exitprocs
                0x0000000000000000       0xb8 /local/st/stm32cubeide_1.9.0/plugins/com.st.stm32cube.ide.mcu.externaltools.gnu-tools-for-stm32.10.3-2021.10.linux64_1.0.0.202111181127/tools/bin/../lib/gcc/arm-none-eabi/10.3.1/../../../../arm-none-eabi/lib/thumb/v7e-m+fp/hard/libc.a(lib_a-__call_atexit.o)
 .text          0x0000000000000000        0x0 /local/st/stm32cubeide_1.9.0/plugins/com.st.stm32cube.ide.mcu.externaltools.gnu-tools-for-stm32.10.3-2021.10.linux64_1.0.0.202111181127/tools/bin/../lib/gcc/arm-none-eabi/10.3.1/../../../../arm-none-eabi/lib/thumb/v7e-m+fp/hard/libc.a(lib_a-atexit.o)
 .data          0x0000000000000000        0x0 /local/st/stm32cubeide_1.9.0/plugins/com.st.stm32cube.ide.mcu.externaltools.gnu-tools-for-stm32.10.3-2021.10.linux64_1.0.0.202111181127/tools/bin/../lib/gcc/arm-none-eabi/10.3.1/../../../../arm-none-eabi/lib/thumb/v7e-m+fp/hard/libc.a(lib_a-atexit.o)
 .bss           0x0000000000000000        0x0 /local/st/stm32cubeide_1.9.0/plugins/com.st.stm32cube.ide.mcu.externaltools.gnu-tools-for-stm32.10.3-2021.10.linux64_1.0.0.202111181127/tools/bin/../lib/gcc/arm-none-eabi/10.3.1/../../../../arm-none-eabi/lib/thumb/v7e-m+fp/hard/libc.a(lib_a-atexit.o)
 .text          0x0000000000000000        0x0 /local/st/stm32cubeide_1.9.0/plugins/com.st.stm32cube.ide.mcu.externaltools.gnu-tools-for-stm32.10.3-2021.10.linux64_1.0.0.202111181127/tools/bin/../lib/gcc/arm-none-eabi/10.3.1/../../../../arm-none-eabi/lib/thumb/v7e-m+fp/hard/libc.a(lib_a-fini.o)
 .data          0x0000000000000000        0x0 /local/st/stm32cubeide_1.9.0/plugins/com.st.stm32cube.ide.mcu.externaltools.gnu-tools-for-stm32.10.3-2021.10.linux64_1.0.0.202111181127/tools/bin/../lib/gcc/arm-none-eabi/10.3.1/../../../../arm-none-eabi/lib/thumb/v7e-m+fp/hard/libc.a(lib_a-fini.o)
 .bss           0x0000000000000000        0x0 /local/st/stm32cubeide_1.9.0/plugins/com.st.stm32cube.ide.mcu.externaltools.gnu-tools-for-stm32.10.3-2021.10.linux64_1.0.0.202111181127/tools/bin/../lib/gcc/arm-none-eabi/10.3.1/../../../../arm-none-eabi/lib/thumb/v7e-m+fp/hard/libc.a(lib_a-fini.o)
 .text          0x0000000000000000        0x0 /local/st/stm32cubeide_1.9.0/plugins/com.st.stm32cube.ide.mcu.externaltools.gnu-tools-for-stm32.10.3-2021.10.linux64_1.0.0.202111181127/tools/bin/../lib/gcc/arm-none-eabi/10.3.1/../../../../arm-none-eabi/lib/thumb/v7e-m+fp/hard/libc.a(lib_a-lock.o)
 .data          0x0000000000000000        0x0 /local/st/stm32cubeide_1.9.0/plugins/com.st.stm32cube.ide.mcu.externaltools.gnu-tools-for-stm32.10.3-2021.10.linux64_1.0.0.202111181127/tools/bin/../lib/gcc/arm-none-eabi/10.3.1/../../../../arm-none-eabi/lib/thumb/v7e-m+fp/hard/libc.a(lib_a-lock.o)
 .bss           0x0000000000000000        0x0 /local/st/stm32cubeide_1.9.0/plugins/com.st.stm32cube.ide.mcu.externaltools.gnu-tools-for-stm32.10.3-2021.10.linux64_1.0.0.202111181127/tools/bin/../lib/gcc/arm-none-eabi/10.3.1/../../../../arm-none-eabi/lib/thumb/v7e-m+fp/hard/libc.a(lib_a-lock.o)
 .text.__retarget_lock_init
                0x0000000000000000        0x2 /local/st/stm32cubeide_1.9.0/plugins/com.st.stm32cube.ide.mcu.externaltools.gnu-tools-for-stm32.10.3-2021.10.linux64_1.0.0.202111181127/tools/bin/../lib/gcc/arm-none-eabi/10.3.1/../../../../arm-none-eabi/lib/thumb/v7e-m+fp/hard/libc.a(lib_a-lock.o)
 .text.__retarget_lock_init_recursive
                0x0000000000000000        0x2 /local/st/stm32cubeide_1.9.0/plugins/com.st.stm32cube.ide.mcu.externaltools.gnu-tools-for-stm32.10.3-2021.10.linux64_1.0.0.202111181127/tools/bin/../lib/gcc/arm-none-eabi/10.3.1/../../../../arm-none-eabi/lib/thumb/v7e-m+fp/hard/libc.a(lib_a-lock.o)
 .text.__retarget_lock_close
                0x0000000000000000        0x2 /local/st/stm32cubeide_1.9.0/plugins/com.st.stm32cube.ide.mcu.externaltools.gnu-tools-for-stm32.10.3-2021.10.linux64_1.0.0.202111181127/tools/bin/../lib/gcc/arm-none-eabi/10.3.1/../../../../arm-none-eabi/lib/thumb/v7e-m+fp/hard/libc.a(lib_a-lock.o)
 .text.__retarget_lock_close_recursive
                0x0000000000000000        0x2 /local/st/stm32cubeide_1.9.0/plugins/com.st.stm32cube.ide.mcu.externaltools.gnu-tools-for-stm32.10.3-2021.10.linux64_1.0.0.202111181127/tools/bin/../lib/gcc/arm-none-eabi/10.3.1/../../../../arm-none-eabi/lib/thumb/v7e-m+fp/hard/libc.a(lib_a-lock.o)
 .text.__retarget_lock_acquire
                0x0000000000000000        0x2 /local/st/stm32cubeide_1.9.0/plugins/com.st.stm32cube.ide.mcu.externaltools.gnu-tools-for-stm32.10.3-2021.10.linux64_1.0.0.202111181127/tools/bin/../lib/gcc/arm-none-eabi/10.3.1/../../../../arm-none-eabi/lib/thumb/v7e-m+fp/hard/libc.a(lib_a-lock.o)
 .text.__retarget_lock_try_acquire
                0x0000000000000000        0x4 /local/st/stm32cubeide_1.9.0/plugins/com.st.stm32cube.ide.mcu.externaltools.gnu-tools-for-stm32.10.3-2021.10.linux64_1.0.0.202111181127/tools/bin/../lib/gcc/arm-none-eabi/10.3.1/../../../../arm-none-eabi/lib/thumb/v7e-m+fp/hard/libc.a(lib_a-lock.o)
 .text.__retarget_lock_try_acquire_recursive
                0x0000000000000000        0x4 /local/st/stm32cubeide_1.9.0/plugins/com.st.stm32cube.ide.mcu.externaltools.gnu-tools-for-stm32.10.3-2021.10.linux64_1.0.0.202111181127/tools/bin/../lib/gcc/arm-none-eabi/10.3.1/../../../../arm-none-eabi/lib/thumb/v7e-m+fp/hard/libc.a(lib_a-lock.o)
 .text.__retarget_lock_release
                0x0000000000000000        0x2 /local/st/stm32cubeide_1.9.0/plugins/com.st.stm32cube.ide.mcu.externaltools.gnu-tools-for-stm32.10.3-2021.10.linux64_1.0.0.202111181127/tools/bin/../lib/gcc/arm-none-eabi/10.3.1/../../../../arm-none-eabi/lib/thumb/v7e-m+fp/hard/libc.a(lib_a-lock.o)
 .bss.__lock___arc4random_mutex
                0x0000000000000000        0x1 /local/st/stm32cubeide_1.9.0/plugins/com.st.stm32cube.ide.mcu.externaltools.gnu-tools-for-stm32.10.3-2021.10.linux64_1.0.0.202111181127/tools/bin/../lib/gcc/arm-none-eabi/10.3.1/../../../../arm-none-eabi/lib/thumb/v7e-m+fp/hard/libc.a(lib_a-lock.o)
 .bss.__lock___at_quick_exit_mutex
                0x0000000000000000        0x1 /local/st/stm32cubeide_1.9.0/plugins/com.st.stm32cube.ide.mcu.externaltools.gnu-tools-for-stm32.10.3-2021.10.linux64_1.0.0.202111181127/tools/bin/../lib/gcc/arm-none-eabi/10.3.1/../../../../arm-none-eabi/lib/thumb/v7e-m+fp/hard/libc.a(lib_a-lock.o)
 .bss.__lock___dd_hash_mutex
                0x0000000000000000        0x1 /local/st/stm32cubeide_1.9.0/plugins/com.st.stm32cube.ide.mcu.externaltools.gnu-tools-for-stm32.10.3-2021.10.linux64_1.0.0.202111181127/tools/bin/../lib/gcc/arm-none-eabi/10.3.1/../../../../arm-none-eabi/lib/thumb/v7e-m+fp/hard/libc.a(lib_a-lock.o)
 .bss.__lock___env_recursive_mutex
                0x0000000000000000        0x1 /local/st/stm32cubeide_1.9.0/plugins/com.st.stm32cube.ide.mcu.externaltools.gnu-tools-for-stm32.10.3-2021.10.linux64_1.0.0.202111181127/tools/bin/../lib/gcc/arm-none-eabi/10.3.1/../../../../arm-none-eabi/lib/thumb/v7e-m+fp/hard/libc.a(lib_a-lock.o)
 .bss.__lock___malloc_recursive_mutex
                0x0000000000000000        0x1 /local/st/stm32cubeide_1.9.0/plugins/com.st.stm32cube.ide.mcu.externaltools.gnu-tools-for-stm32.10.3-2021.10.linux64_1.0.0.202111181127/tools/bin/../lib/gcc/arm-none-eabi/10.3.1/../../../../arm-none-eabi/lib/thumb/v7e-m+fp/hard/libc.a(lib_a-lock.o)
 .bss.__lock___sfp_recursive_mutex
                0x0000000000000000        0x1 /local/st/stm32cubeide_1.9.0/plugins/com.st.stm32cube.ide.mcu.externaltools.gnu-tools-for-stm32.10.3-2021.10.linux64_1.0.0.202111181127/tools/bin/../lib/gcc/arm-none-eabi/10.3.1/../../../../arm-none-eabi/lib/thumb/v7e-m+fp/hard/libc.a(lib_a-lock.o)
 .bss.__lock___sinit_recursive_mutex
                0x0000000000000000        0x1 /local/st/stm32cubeide_1.9.0/plugins/com.st.stm32cube.ide.mcu.externaltools.gnu-tools-for-stm32.10.3-2021.10.linux64_1.0.0.202111181127/tools/bin/../lib/gcc/arm-none-eabi/10.3.1/../../../../arm-none-eabi/lib/thumb/v7e-m+fp/hard/libc.a(lib_a-lock.o)
 .bss.__lock___tz_mutex
                0x0000000000000000        0x1 /local/st/stm32cubeide_1.9.0/plugins/com.st.stm32cube.ide.mcu.externaltools.gnu-tools-for-stm32.10.3-2021.10.linux64_1.0.0.202111181127/tools/bin/../lib/gcc/arm-none-eabi/10.3.1/../../../../arm-none-eabi/lib/thumb/v7e-m+fp/hard/libc.a(lib_a-lock.o)
 .text          0x0000000000000000        0x0 /local/st/stm32cubeide_1.9.0/plugins/com.st.stm32cube.ide.mcu.externaltools.gnu-tools-for-stm32.10.3-2021.10.linux64_1.0.0.202111181127/tools/bin/../lib/gcc/arm-none-eabi/10.3.1/../../../../arm-none-eabi/lib/thumb/v7e-m+fp/hard/libc.a(lib_a-__atexit.o)
 .data          0x0000000000000000        0x0 /local/st/stm32cubeide_1.9.0/plugins/com.st.stm32cube.ide.mcu.externaltools.gnu-tools-for-stm32.10.3-2021.10.linux64_1.0.0.202111181127/tools/bin/../lib/gcc/arm-none-eabi/10.3.1/../../../../arm-none-eabi/lib/thumb/v7e-m+fp/hard/libc.a(lib_a-__atexit.o)
 .bss           0x0000000000000000        0x0 /local/st/stm32cubeide_1.9.0/plugins/com.st.stm32cube.ide.mcu.externaltools.gnu-tools-for-stm32.10.3-2021.10.linux64_1.0.0.202111181127/tools/bin/../lib/gcc/arm-none-eabi/10.3.1/../../../../arm-none-eabi/lib/thumb/v7e-m+fp/hard/libc.a(lib_a-__atexit.o)
 .data          0x0000000000000000        0x0 /tmp/ccQz56z6.o
 .data          0x0000000000000000        0x0 /tmp/cc8ivsO8.o
 .bss           0x0000000000000000        0x0 /tmp/cc8ivsO8.o
 .data          0x0000000000000000        0x0 /tmp/ccU2GVL6.o
 .bss           0x0000000000000000        0x0 /tmp/ccU2GVL6.o
 .data          0x0000000000000000        0x0 /tmp/ccJlJ9h9.o
 .bss           0x0000000000000000        0x0 /tmp/ccJlJ9h9.o
 .text          0x0000000000000000     0x123e /tmp/ccFGNiS6.o
 .data          0x0000000000000000        0x0 /tmp/ccFGNiS6.o
 .bss           0x0000000000000000        0x0 /tmp/ccFGNiS6.o
 .debug_info    0x0000000000000000     0x1265 /tmp/ccFGNiS6.o
 .debug_abbrev  0x0000000000000000      0x299 /tmp/ccFGNiS6.o
 .debug_aranges
                0x0000000000000000       0x20 /tmp/ccFGNiS6.o
 .debug_line    0x0000000000000000      0xacb /tmp/ccFGNiS6.o
 .debug_str     0x0000000000000000      0xbf6 /tmp/ccFGNiS6.o
 .comment       0x0000000000000000       0x51 /tmp/ccFGNiS6.o
 .debug_frame   0x0000000000000000      0x508 /tmp/ccFGNiS6.o
 .ARM.attributes
                0x0000000000000000       0x34 /tmp/ccFGNiS6.o
 .text          0x0000000000000000       0xbc /tmp/ccGcy0j7.o
 .data          0x0000000000000000        0x0 /tmp/ccGcy0j7.o
 .bss           0x0000000000000000        0x0 /tmp/ccGcy0j7.o
 .debug_info    0x0000000000000000      0x569 /tmp/ccGcy0j7.o
 .debug_abbrev  0x0000000000000000      0x18d /tmp/ccGcy0j7.o
 .debug_aranges
                0x0000000000000000       0x20 /tmp/ccGcy0j7.o
 .debug_line    0x0000000000000000      0x352 /tmp/ccGcy0j7.o
 .debug_str     0x0000000000000000      0x56d /tmp/ccGcy0j7.o
 .comment       0x0000000000000000       0x51 /tmp/ccGcy0j7.o
 .debug_frame   0x0000000000000000       0x60 /tmp/ccGcy0j7.o
 .ARM.attributes
                0x0000000000000000       0x34 /tmp/ccGcy0j7.o
 .data          0x0000000000000000        0x0 /tmp/cc32KGaa.o
 .bss           0x0000000000000000        0x0 /tmp/cc32KGaa.o
 .text          0x0000000000000000     0x165c /tmp/ccGeXnSa.o
 .data          0x0000000000000000        0x0 /tmp/ccGeXnSa.o
 .bss           0x0000000000000000        0x0 /tmp/ccGeXnSa.o
 .debug_info    0x0000000000000000      0xf63 /tmp/ccGeXnSa.o
 .debug_abbrev  0x0000000000000000      0x282 /tmp/ccGeXnSa.o
 .debug_aranges
                0x0000000000000000       0x20 /tmp/ccGeXnSa.o
 .debug_line    0x0000000000000000     0x100b /tmp/ccGeXnSa.o
 .debug_str     0x0000000000000000      0xa38 /tmp/ccGeXnSa.o
 .comment       0x0000000000000000       0x51 /tmp/ccGeXnSa.o
 .debug_frame   0x0000000000000000      0x568 /tmp/ccGeXnSa.o
 .ARM.attributes
                0x0000000000000000       0x34 /tmp/ccGeXnSa.o
 .data          0x0000000000000000        0x0 /tmp/cc6bzXc8.o
 .bss           0x0000000000000000        0x0 /tmp/cc6bzXc8.o
 .text          0x0000000000000000     0x3d2c /tmp/ccZ1hUm6.o
 .data          0x0000000000000000        0x0 /tmp/ccZ1hUm6.o
 .bss           0x0000000000000000        0x0 /tmp/ccZ1hUm6.o
 .debug_info    0x0000000000000000     0x239c /tmp/ccZ1hUm6.o
 .debug_abbrev  0x0000000000000000      0x27e /tmp/ccZ1hUm6.o
 .debug_aranges
                0x0000000000000000       0x20 /tmp/ccZ1hUm6.o
 .debug_line    0x0000000000000000     0x1b75 /tmp/ccZ1hUm6.o
 .debug_str     0x0000000000000000     0x1413 /tmp/ccZ1hUm6.o
 .comment       0x0000000000000000       0x51 /tmp/ccZ1hUm6.o
 .debug_frame   0x0000000000000000      0xfb4 /tmp/ccZ1hUm6.o
 .ARM.attributes
                0x0000000000000000       0x34 /tmp/ccZ1hUm6.o
 .text          0x0000000000000000     0x1484 /tmp/cclA5sd9.o
 .data          0x0000000000000000        0x0 /tmp/cclA5sd9.o
 .bss           0x0000000000000000        0x0 /tmp/cclA5sd9.o
 .debug_info    0x0000000000000000     0x10c0 /tmp/cclA5sd9.o
 .debug_abbrev  0x0000000000000000      0x259 /tmp/cclA5sd9.o
 .debug_aranges
                0x0000000000000000       0x20 /tmp/cclA5sd9.o
 .debug_line    0x0000000000000000      0xb62 /tmp/cclA5sd9.o
 .debug_str     0x0000000000000000      0xce8 /tmp/cclA5sd9.o
 .comment       0x0000000000000000       0x51 /tmp/cclA5sd9.o
 .debug_frame   0x0000000000000000      0x574 /tmp/cclA5sd9.o
 .ARM.attributes
                0x0000000000000000       0x34 /tmp/cclA5sd9.o
 .text          0x0000000000000000        0x0 /tmp/ccgxI9ma.o
 .data          0x0000000000000000        0x0 /tmp/ccgxI9ma.o
 .bss           0x0000000000000000        0x0 /tmp/ccgxI9ma.o
 .debug_info    0x0000000000000000       0x64 /tmp/ccgxI9ma.o
 .debug_abbrev  0x0000000000000000       0x26 /tmp/ccgxI9ma.o
 .debug_aranges
                0x0000000000000000       0x18 /tmp/ccgxI9ma.o
 .debug_line    0x0000000000000000       0x1d /tmp/ccgxI9ma.o
 .debug_str     0x0000000000000000      0x1d4 /tmp/ccgxI9ma.o
 .comment       0x0000000000000000       0x51 /tmp/ccgxI9ma.o
 .ARM.attributes
                0x0000000000000000       0x34 /tmp/ccgxI9ma.o
 .text          0x0000000000000000        0x0 /tmp/ccghMqS7.o
 .data          0x0000000000000000        0x0 /tmp/ccghMqS7.o
 .bss           0x0000000000000000        0x0 /tmp/ccghMqS7.o
 .debug_info    0x0000000000000000       0x64 /tmp/ccghMqS7.o
 .debug_abbrev  0x0000000000000000       0x26 /tmp/ccghMqS7.o
 .debug_aranges
                0x0000000000000000       0x18 /tmp/ccghMqS7.o
 .debug_line    0x0000000000000000       0x1d /tmp/ccghMqS7.o
 .debug_str     0x0000000000000000      0x1d7 /tmp/ccghMqS7.o
 .comment       0x0000000000000000       0x51 /tmp/ccghMqS7.o
 .ARM.attributes
                0x0000000000000000       0x34 /tmp/ccghMqS7.o
 .data          0x0000000000000000        0x0 /tmp/cciUY417.o
 .bss           0x0000000000000000        0x0 /tmp/cciUY417.o
 .data          0x0000000000000000        0x0 /tmp/cc3wtEv7.o
 .bss           0x0000000000000000        0x0 /tmp/cc3wtEv7.o
 .data          0x0000000000000000        0x0 /tmp/ccp2viVa.o
 .bss           0x0000000000000000        0x0 /tmp/ccp2viVa.o
 .data          0x0000000000000000        0x0 /tmp/ccIrs1j9.o
 .bss           0x0000000000000000        0x0 /tmp/ccIrs1j9.o
 .rodata        0x0000000000000000       0x90 /tmp/ccIrs1j9.o
 .text          0x0000000000000000       0x14 /tmp/cc8buNx9.o
 .data          0x0000000000000000        0x0 /tmp/cc8buNx9.o
 .bss           0x0000000000000000        0x0 /tmp/cc8buNx9.o
 .text          0x0000000000000000      0x640 /tmp/ccgz0NI7.o
 .data          0x0000000000000000        0xc /tmp/ccgz0NI7.o
 .bss           0x0000000000000000       0x54 /tmp/ccgz0NI7.o
 .rodata        0x0000000000000000        0x9 /tmp/ccgz0NI7.o
 .debug_info    0x0000000000000000     0x120d /tmp/ccgz0NI7.o
 .debug_abbrev  0x0000000000000000      0x2e6 /tmp/ccgz0NI7.o
 .debug_aranges
                0x0000000000000000       0x20 /tmp/ccgz0NI7.o
 .debug_line    0x0000000000000000      0x63d /tmp/ccgz0NI7.o
 .debug_str     0x0000000000000000     0x106e /tmp/ccgz0NI7.o
 .comment       0x0000000000000000       0x51 /tmp/ccgz0NI7.o
 .debug_frame   0x0000000000000000      0x358 /tmp/ccgz0NI7.o
 .ARM.attributes
                0x0000000000000000       0x34 /tmp/ccgz0NI7.o
 .data          0x0000000000000000        0x0 /tmp/ccAfoW16.o
 .bss           0x0000000000000000        0x0 /tmp/ccAfoW16.o
 .data          0x0000000000000000        0x0 /tmp/ccWvbzN6.o
 .bss           0x0000000000000000        0x0 /tmp/ccWvbzN6.o
 .bss           0x0000000000000000        0x0 /tmp/ccdgGUOa.o
 .data          0x0000000000000000        0x0 /tmp/ccRh20K6.o
 .bss           0x0000000000000000        0x0 /tmp/ccRh20K6.o
 .bss           0x0000000000000000        0x1 /tmp/cc7TedQ6.o
 .data          0x0000000000000000        0x0 /tmp/ccUzcmp7.o
 .bss           0x0000000000000000        0x0 /tmp/ccUzcmp7.o
 .bss           0x0000000000000000        0x0 /tmp/cclA9jB6.o
 .data          0x0000000000000000        0x0 /tmp/ccC4Hkw8.o
 .bss           0x0000000000000000        0x0 /tmp/ccC4Hkw8.o
 .data          0x0000000000000000        0x0 /tmp/cccXmvw9.o
 .bss           0x0000000000000000        0x0 /tmp/cccXmvw9.o
 .data          0x0000000000000000        0x0 /local/st/stm32cubeide_1.9.0/plugins/com.st.stm32cube.ide.mcu.externaltools.gnu-tools-for-stm32.10.3-2021.10.linux64_1.0.0.202111181127/tools/bin/../lib/gcc/arm-none-eabi/10.3.1/thumb/v7e-m+fp/hard/libgcc.a(_arm_fixunsdfsi.o)
 .bss           0x0000000000000000        0x0 /local/st/stm32cubeide_1.9.0/plugins/com.st.stm32cube.ide.mcu.externaltools.gnu-tools-for-stm32.10.3-2021.10.linux64_1.0.0.202111181127/tools/bin/../lib/gcc/arm-none-eabi/10.3.1/thumb/v7e-m+fp/hard/libgcc.a(_arm_fixunsdfsi.o)
 .text          0x0000000000000000        0x0 /local/st/stm32cubeide_1.9.0/plugins/com.st.stm32cube.ide.mcu.externaltools.gnu-tools-for-stm32.10.3-2021.10.linux64_1.0.0.202111181127/tools/bin/../lib/gcc/arm-none-eabi/10.3.1/../../../../arm-none-eabi/lib/thumb/v7e-m+fp/hard/libg.a(lib_a-memcpy-stub.o)
 .data          0x0000000000000000        0x0 /local/st/stm32cubeide_1.9.0/plugins/com.st.stm32cube.ide.mcu.externaltools.gnu-tools-for-stm32.10.3-2021.10.linux64_1.0.0.202111181127/tools/bin/../lib/gcc/arm-none-eabi/10.3.1/../../../../arm-none-eabi/lib/thumb/v7e-m+fp/hard/libg.a(lib_a-memcpy-stub.o)
 .bss           0x0000000000000000        0x0 /local/st/stm32cubeide_1.9.0/plugins/com.st.stm32cube.ide.mcu.externaltools.gnu-tools-for-stm32.10.3-2021.10.linux64_1.0.0.202111181127/tools/bin/../lib/gcc/arm-none-eabi/10.3.1/../../../../arm-none-eabi/lib/thumb/v7e-m+fp/hard/libg.a(lib_a-memcpy-stub.o)
 .text          0x0000000000000000        0x0 /local/st/stm32cubeide_1.9.0/plugins/com.st.stm32cube.ide.mcu.externaltools.gnu-tools-for-stm32.10.3-2021.10.linux64_1.0.0.202111181127/tools/bin/../lib/gcc/arm-none-eabi/10.3.1/thumb/v7e-m+fp/hard/crtend.o
 .data          0x0000000000000000        0x0 /local/st/stm32cubeide_1.9.0/plugins/com.st.stm32cube.ide.mcu.externaltools.gnu-tools-for-stm32.10.3-2021.10.linux64_1.0.0.202111181127/tools/bin/../lib/gcc/arm-none-eabi/10.3.1/thumb/v7e-m+fp/hard/crtend.o
 .bss           0x0000000000000000        0x0 /local/st/stm32cubeide_1.9.0/plugins/com.st.stm32cube.ide.mcu.externaltools.gnu-tools-for-stm32.10.3-2021.10.linux64_1.0.0.202111181127/tools/bin/../lib/gcc/arm-none-eabi/10.3.1/thumb/v7e-m+fp/hard/crtend.o
 .rodata        0x0000000000000000       0x24 /local/st/stm32cubeide_1.9.0/plugins/com.st.stm32cube.ide.mcu.externaltools.gnu-tools-for-stm32.10.3-2021.10.linux64_1.0.0.202111181127/tools/bin/../lib/gcc/arm-none-eabi/10.3.1/thumb/v7e-m+fp/hard/crtend.o
 .eh_frame      0x0000000000000000        0x4 /local/st/stm32cubeide_1.9.0/plugins/com.st.stm32cube.ide.mcu.externaltools.gnu-tools-for-stm32.10.3-2021.10.linux64_1.0.0.202111181127/tools/bin/../lib/gcc/arm-none-eabi/10.3.1/thumb/v7e-m+fp/hard/crtend.o
 .ARM.attributes
                0x0000000000000000       0x34 /local/st/stm32cubeide_1.9.0/plugins/com.st.stm32cube.ide.mcu.externaltools.gnu-tools-for-stm32.10.3-2021.10.linux64_1.0.0.202111181127/tools/bin/../lib/gcc/arm-none-eabi/10.3.1/thumb/v7e-m+fp/hard/crtend.o
 .text          0x0000000000000000        0x0 /local/st/stm32cubeide_1.9.0/plugins/com.st.stm32cube.ide.mcu.externaltools.gnu-tools-for-stm32.10.3-2021.10.linux64_1.0.0.202111181127/tools/bin/../lib/gcc/arm-none-eabi/10.3.1/thumb/v7e-m+fp/hard/crtn.o
 .data          0x0000000000000000        0x0 /local/st/stm32cubeide_1.9.0/plugins/com.st.stm32cube.ide.mcu.externaltools.gnu-tools-for-stm32.10.3-2021.10.linux64_1.0.0.202111181127/tools/bin/../lib/gcc/arm-none-eabi/10.3.1/thumb/v7e-m+fp/hard/crtn.o
 .bss           0x0000000000000000        0x0 /local/st/stm32cubeide_1.9.0/plugins/com.st.stm32cube.ide.mcu.externaltools.gnu-tools-for-stm32.10.3-2021.10.linux64_1.0.0.202111181127/tools/bin/../lib/gcc/arm-none-eabi/10.3.1/thumb/v7e-m+fp/hard/crtn.o

Memory Configuration

Name             Origin             Length             Attributes
FLASH            0x0000000008000000 0x0000000000080000 xr
RAM              0x0000000020000000 0x0000000000020000 xrw
*default*        0x0000000000000000 0xffffffffffffffff

Linker script and memory map

LOAD /local/st/stm32cubeide_1.9.0/plugins/com.st.stm32cube.ide.mcu.externaltools.gnu-tools-for-stm32.10.3-2021.10.linux64_1.0.0.202111181127/tools/bin/../lib/gcc/arm-none-eabi/10.3.1/thumb/v7e-m+fp/hard/crti.o
LOAD /local/st/stm32cubeide_1.9.0/plugins/com.st.stm32cube.ide.mcu.externaltools.gnu-tools-for-stm32.10.3-2021.10.linux64_1.0.0.202111181127/tools/bin/../lib/gcc/arm-none-eabi/10.3.1/thumb/v7e-m+fp/hard/crtbegin.o
LOAD /local/st/stm32cubeide_1.9.0/plugins/com.st.stm32cube.ide.mcu.externaltools.gnu-tools-for-stm32.10.3-2021.10.linux64_1.0.0.202111181127/tools/bin/../lib/gcc/arm-none-eabi/10.3.1/../../../../arm-none-eabi/lib/thumb/v7e-m+fp/hard/crt0.o
LOAD /local/st/stm32cubeide_1.9.0/plugins/com.st.stm32cube.ide.mcu.externaltools.gnu-tools-for-stm32.10.3-2021.10.linux64_1.0.0.202111181127/tools/bin/../lib/gcc/arm-none-eabi/10.3.1/../../../../arm-none-eabi/lib/thumb/v7e-m+fp/hard/libc.a
LOAD /local/st/stm32cubeide_1.9.0/plugins/com.st.stm32cube.ide.mcu.externaltools.gnu-tools-for-stm32.10.3-2021.10.linux64_1.0.0.202111181127/tools/bin/../lib/gcc/arm-none-eabi/10.3.1/thumb/v7e-m+fp/hard/libgcc.a
LOAD /local/st/stm32cubeide_1.9.0/plugins/com.st.stm32cube.ide.mcu.externaltools.gnu-tools-for-stm32.10.3-2021.10.linux64_1.0.0.202111181127/tools/bin/../lib/gcc/arm-none-eabi/10.3.1/thumb/v7e-m+fp/hard/libgcov.a
LOAD /local/st/stm32cubeide_1.9.0/plugins/com.st.stm32cube.ide.mcu.externaltools.gnu-tools-for-stm32.10.3-2021.10.linux64_1.0.0.202111181127/tools/bin/../lib/gcc/arm-none-eabi/10.3.1/../../../../arm-none-eabi/lib/thumb/v7e-m+fp/hard/libm.a
LOAD /tmp/ccQz56z6.o
LOAD /tmp/cc8ivsO8.o
LOAD /tmp/ccU2GVL6.o
LOAD /tmp/ccJlJ9h9.o
LOAD /tmp/ccFGNiS6.o
LOAD /tmp/ccGcy0j7.o
LOAD /tmp/cc32KGaa.o
LOAD /tmp/ccGeXnSa.o
LOAD /tmp/cc6bzXc8.o
LOAD /tmp/ccZ1hUm6.o
LOAD /tmp/cclA5sd9.o
LOAD /tmp/ccgxI9ma.o
LOAD /tmp/ccghMqS7.o
LOAD /tmp/cciUY417.o
LOAD /tmp/cc3wtEv7.o
LOAD /tmp/ccp2viVa.o
LOAD /tmp/ccIrs1j9.o
LOAD /tmp/cc8buNx9.o
LOAD /tmp/ccgz0NI7.o
LOAD /tmp/ccAfoW16.o
LOAD /tmp/ccWvbzN6.o
LOAD /tmp/ccdgGUOa.o
LOAD /tmp/ccRh20K6.o
LOAD /tmp/cc7TedQ6.o
LOAD /tmp/ccUzcmp7.o
LOAD /tmp/cclA9jB6.o
LOAD /tmp/ccC4Hkw8.o
LOAD /tmp/cccXmvw9.o
START GROUP
LOAD /local/st/stm32cubeide_1.9.0/plugins/com.st.stm32cube.ide.mcu.externaltools.gnu-tools-for-stm32.10.3-2021.10.linux64_1.0.0.202111181127/tools/bin/../lib/gcc/arm-none-eabi/10.3.1/thumb/v7e-m+fp/hard/libgcc.a
LOAD /local/st/stm32cubeide_1.9.0/plugins/com.st.stm32cube.ide.mcu.externaltools.gnu-tools-for-stm32.10.3-2021.10.linux64_1.0.0.202111181127/tools/bin/../lib/gcc/arm-none-eabi/10.3.1/../../../../arm-none-eabi/lib/thumb/v7e-m+fp/hard/libg.a
LOAD /local/st/stm32cubeide_1.9.0/plugins/com.st.stm32cube.ide.mcu.externaltools.gnu-tools-for-stm32.10.3-2021.10.linux64_1.0.0.202111181127/tools/bin/../lib/gcc/arm-none-eabi/10.3.1/../../../../arm-none-eabi/lib/thumb/v7e-m+fp/hard/libc.a
END GROUP
LOAD /local/st/stm32cubeide_1.9.0/plugins/com.st.stm32cube.ide.mcu.externaltools.gnu-tools-for-stm32.10.3-2021.10.linux64_1.0.0.202111181127/tools/bin/../lib/gcc/arm-none-eabi/10.3.1/thumb/v7e-m+fp/hard/crtend.o
LOAD /local/st/stm32cubeide_1.9.0/plugins/com.st.stm32cube.ide.mcu.externaltools.gnu-tools-for-stm32.10.3-2021.10.linux64_1.0.0.202111181127/tools/bin/../lib/gcc/arm-none-eabi/10.3.1/thumb/v7e-m+fp/hard/crtn.o
                0x000000002001ffff                _estack = 0x2001ffff
                0x0000000000000200                _Min_Heap_Size = 0x200
                0x0000000000000200                _Min_Stack_Size = 0x200

.isr_vector     0x0000000008000000      0x198
                0x0000000008000000                . = ALIGN (0x4)
 *(.isr_vector)
 .isr_vector    0x0000000008000000      0x198 /tmp/cc8buNx9.o
                0x0000000008000000                g_pfnVectors
                0x0000000008000198                . = ALIGN (0x4)

.text           0x0000000008000198    0x10544
                0x0000000008000198                . = ALIGN (0x4)
 *(.text)
 .text          0x0000000008000198       0x40 /local/st/stm32cubeide_1.9.0/plugins/com.st.stm32cube.ide.mcu.externaltools.gnu-tools-for-stm32.10.3-2021.10.linux64_1.0.0.202111181127/tools/bin/../lib/gcc/arm-none-eabi/10.3.1/thumb/v7e-m+fp/hard/crtbegin.o
 .text          0x00000000080001d8      0x318 /tmp/ccQz56z6.o
                0x00000000080001d8                HAL_Init
                0x000000000800021c                HAL_DeInit
                0x0000000008000290                HAL_InitTick
                0x00000000080002c8                HAL_IncTick
                0x00000000080002e4                HAL_GetTick
                0x00000000080002fc                HAL_Delay
                0x000000000800032a                HAL_SuspendTick
                0x0000000008000348                HAL_ResumeTick
                0x0000000008000368                HAL_GetHalVersion
                0x000000000800037a                HAL_GetREVID
                0x0000000008000394                HAL_GetDEVID
                0x00000000080003b0                HAL_DBGMCU_EnableDBGSleepMode
                0x00000000080003d0                HAL_DBGMCU_DisableDBGSleepMode
                0x00000000080003f0                HAL_DBGMCU_EnableDBGStopMode
                0x0000000008000410                HAL_DBGMCU_DisableDBGStopMode
                0x0000000008000430                HAL_DBGMCU_EnableDBGStandbyMode
                0x0000000008000450                HAL_DBGMCU_DisableDBGStandbyMode
                0x0000000008000470                HAL_EnableCompensationCell
                0x00000000080004b0                HAL_DisableCompensationCell
 .text          0x00000000080004f0      0xd04 /tmp/cc8ivsO8.o
                0x00000000080004f0                HAL_RCC_DeInit
                0x0000000008000568                HAL_RCC_OscConfig
                0x0000000008000a14                HAL_RCC_ClockConfig
                0x0000000008000cc8                HAL_RCC_MCOConfig
                0x0000000008000d78                HAL_RCC_EnableCSS
                0x0000000008000d90                HAL_RCC_DisableCSS
                0x0000000008000da8                HAL_RCC_GetSysClockFreq
                0x0000000008000ec4                HAL_RCC_GetHCLKFreq
                0x0000000008000f1c                HAL_RCC_GetPCLK1Freq
                0x0000000008000f68                HAL_RCC_GetPCLK2Freq
                0x0000000008000fb4                HAL_RCC_GetOscConfig
                0x0000000008001158                HAL_RCC_GetClockConfig
                0x00000000080011bc                HAL_RCC_NMI_IRQHandler
                0x00000000080011e4                HAL_RCC_CSSCallback
 .text          0x00000000080011f4      0x5a4 /tmp/ccU2GVL6.o
                0x00000000080011f4                HAL_GPIO_Init
                0x000000000800153c                HAL_GPIO_DeInit
                0x000000000800167c                HAL_GPIO_ReadPin
                0x00000000080016ac                HAL_GPIO_WritePin
                0x00000000080016dc                HAL_GPIO_TogglePin
                0x0000000008001700                HAL_GPIO_LockPin
                0x0000000008001750                HAL_GPIO_EXTI_IRQHandler
 .text          0x0000000008001798      0x548 /tmp/ccJlJ9h9.o
                0x0000000008001b34                HAL_NVIC_SetPriorityGrouping
                0x0000000008001b4a                HAL_NVIC_SetPriority
                0x0000000008001b82                HAL_NVIC_EnableIRQ
                0x0000000008001b9e                HAL_NVIC_DisableIRQ
                0x0000000008001bba                HAL_NVIC_SystemReset
                0x0000000008001bc6                HAL_SYSTICK_Config
                0x0000000008001bde                HAL_NVIC_GetPriorityGrouping
                0x0000000008001bec                HAL_NVIC_GetPriority
                0x0000000008001c18                HAL_NVIC_SetPendingIRQ
                0x0000000008001c34                HAL_NVIC_GetPendingIRQ
                0x0000000008001c52                HAL_NVIC_ClearPendingIRQ
                0x0000000008001c6e                HAL_NVIC_GetActive
                0x0000000008001c8c                HAL_SYSTICK_CLKSourceConfig
                0x0000000008001cc4                HAL_SYSTICK_IRQHandler
                0x0000000008001cd0                HAL_SYSTICK_Callback
 .text          0x0000000008001ce0     0x16dc /tmp/cc32KGaa.o
                0x0000000008001ce0                HAL_UART_Init
                0x0000000008001d6a                HAL_HalfDuplex_Init
                0x0000000008001e04                HAL_LIN_Init
                0x0000000008001ec0                HAL_MultiProcessor_Init
                0x0000000008001f90                HAL_UART_DeInit
                0x0000000008001fd0                HAL_UART_MspInit
                0x0000000008001fe4                HAL_UART_MspDeInit
                0x0000000008001ff8                HAL_UART_Transmit
                0x000000000800214a                HAL_UART_Receive
                0x00000000080022ba                HAL_UART_Transmit_IT
                0x0000000008002388                HAL_UART_Receive_IT
                0x0000000008002456                HAL_UART_Transmit_DMA
                0x000000000800254c                HAL_UART_Receive_DMA
                0x0000000008002630                HAL_UART_DMAPause
                0x00000000080026cc                HAL_UART_DMAResume
                0x000000000800278c                HAL_UART_DMAStop
                0x00000000080027ea                HAL_UART_IRQHandler
                0x00000000080029e4                HAL_UART_TxCpltCallback
                0x00000000080029f8                HAL_UART_TxHalfCpltCallback
                0x0000000008002a20                HAL_UART_RxHalfCpltCallback
                0x0000000008002a34                HAL_UART_ErrorCallback
                0x0000000008002a48                HAL_LIN_SendBreak
                0x0000000008002a9c                HAL_MultiProcessor_EnterMuteMode
                0x0000000008002af0                HAL_MultiProcessor_ExitMuteMode
                0x0000000008002b44                HAL_HalfDuplex_EnableTransmitter
                0x0000000008002bac                HAL_HalfDuplex_EnableReceiver
                0x0000000008002c14                HAL_UART_GetState
                0x0000000008002c30                HAL_UART_GetError
 .text          0x00000000080033bc     0x71b4 /tmp/cc6bzXc8.o
                0x00000000080033bc                HAL_DMA_Init
                0x0000000008003494                HAL_DMA_DeInit
                0x00000000080046b0                HAL_DMA_Start
                0x0000000008004712                HAL_DMA_Start_IT
                0x00000000080047c4                HAL_DMA_Abort
                0x0000000008004840                HAL_DMA_PollForTransfer
                0x00000000080076a0                HAL_DMA_IRQHandler
                0x000000000800a4e0                HAL_DMA_GetState
                0x000000000800a4fc                HAL_DMA_GetError
 .text          0x000000000800a570     0x31fc /tmp/cciUY417.o
                0x000000000800a570                HAL_I2C_Init
                0x000000000800a71c                HAL_I2C_DeInit
                0x000000000800a76c                HAL_I2C_MspInit
                0x000000000800a780                HAL_I2C_MspDeInit
                0x000000000800a794                HAL_I2C_Master_Transmit
                0x000000000800a8fc                HAL_I2C_Master_Receive
                0x000000000800abfc                HAL_I2C_Slave_Transmit
                0x000000000800ad98                HAL_I2C_Slave_Receive
                0x000000000800af18                HAL_I2C_Master_Transmit_IT
                0x000000000800affa                HAL_I2C_Master_Receive_IT
                0x000000000800b16a                HAL_I2C_Slave_Transmit_IT
                0x000000000800b216                HAL_I2C_Slave_Receive_IT
                0x000000000800b2c2                HAL_I2C_Master_Transmit_DMA
                0x000000000800b3d0                HAL_I2C_Master_Receive_DMA
                0x000000000800b508                HAL_I2C_Slave_Transmit_DMA
                0x000000000800b654                HAL_I2C_Slave_Receive_DMA
                0x000000000800b758                HAL_I2C_Mem_Write
                0x000000000800b8b8                HAL_I2C_Mem_Read
                0x000000000800bbb4                HAL_I2C_Mem_Write_IT
                0x000000000800bc8e                HAL_I2C_Mem_Read_IT
                0x000000000800be08                HAL_I2C_Mem_Write_DMA
                0x000000000800bf10                HAL_I2C_Mem_Read_DMA
                0x000000000800c054                HAL_I2C_IsDeviceReady
                0x000000000800c260                HAL_I2C_EV_IRQHandler
                0x000000000800c556                HAL_I2C_ER_IRQHandler
                0x000000000800c722                HAL_I2C_MasterTxCpltCallback
                0x000000000800c736                HAL_I2C_MasterRxCpltCallback
                0x000000000800c74a                HAL_I2C_SlaveTxCpltCallback
                0x000000000800c75e                HAL_I2C_SlaveRxCpltCallback
                0x000000000800c772                HAL_I2C_MemTxCpltCallback
                0x000000000800c786                HAL_I2C_MemRxCpltCallback
                0x000000000800c79a                HAL_I2C_ErrorCallback
                0x000000000800c7ae                HAL_I2C_GetState
                0x000000000800c7ca                HAL_I2C_GetError
 .text          0x000000000800d76c      0x730 /tmp/cc3wtEv7.o
                0x000000000800d76c                SPI_I2S_DeInit
                0x000000000800d780                SPI_Init
                0x000000000800d808                I2S_Init
                0x000000000800d978                SPI_StructInit
                0x000000000800d9c2                I2S_StructInit
                0x000000000800d9fa                SPI_Cmd
                0x000000000800da34                I2S_Cmd
                0x000000000800da6e                SPI_DataSizeConfig
                0x000000000800daa0                SPI_BiDirectionalLineConfig
                0x000000000800dadc                SPI_NSSInternalSoftwareConfig
                0x000000000800db1a                SPI_SSOutputCmd
                0x000000000800db54                SPI_TIModeCmd
                0x000000000800db8e                I2S_FullDuplexConfig
                0x000000000800dc24                SPI_I2S_ReceiveData
                0x000000000800dc3e                SPI_I2S_SendData
                0x000000000800dc5c                SPI_CalculateCRC
                0x000000000800dc96                SPI_TransmitCRC
                0x000000000800dcb6                SPI_GetCRC
                0x000000000800dce8                SPI_GetCRCPolynomial
                0x000000000800dd02                SPI_I2S_DMACmd
                0x000000000800dd42                SPI_I2S_ITConfig
                0x000000000800dd9c                SPI_I2S_GetFlagStatus
                0x000000000800ddd0                SPI_I2S_ClearFlag
                0x000000000800ddf4                SPI_I2S_GetITStatus
                0x000000000800de66                SPI_I2S_ClearITPendingBit
 .text          0x000000000800de9c      0x71c /tmp/ccp2viVa.o
                0x000000000800de9c                DMA_DeInit
                0x000000000800e044                DMA_Init
                0x000000000800e0f4                DMA_StructInit
                0x000000000800e162                DMA_Cmd
                0x000000000800e19a                DMA_PeriphIncOffsetSizeConfig
                0x000000000800e1d0                DMA_FlowControllerConfig
                0x000000000800e206                DMA_SetCurrDataCounter
                0x000000000800e224                DMA_GetCurrDataCounter
                0x000000000800e23e                DMA_DoubleBufferModeConfig
                0x000000000800e27c                DMA_DoubleBufferModeCmd
                0x000000000800e2b4                DMA_MemoryTargetConfig
                0x000000000800e2e0                DMA_GetCurrentMemoryTarget
                0x000000000800e310                DMA_GetCmdStatus
                0x000000000800e340                DMA_GetFIFOStatus
                0x000000000800e364                DMA_GetFlagStatus
                0x000000000800e3dc                DMA_ClearFlag
                0x000000000800e438                DMA_ITConfig
                0x000000000800e4ac                DMA_GetITStatus
                0x000000000800e55c                DMA_ClearITPendingBit
 .text          0x000000000800e5b8      0x118 /tmp/ccIrs1j9.o
                0x000000000800e5b8                I2S_RxCpltCallback
                0x000000000800e640                main
 .text          0x000000000800e6d0      0x304 /tmp/ccAfoW16.o
                0x000000000800e6d0                HAL_MspInit
                0x000000000800e720                HAL_DMA_MspInit
                0x000000000800e758                HAL_GPIO_MEASURE_MspInit
                0x000000000800e784                HAL_WolfsonReset_MspInit
                0x000000000800e7b0                HAL_UARTCOM_MspInit
                0x000000000800e80c                HAL_GPIO_LED_MspInit
                0x000000000800e838                HAL_i2c_MspInit
                0x000000000800e89c                HAL_timer_MspInit
                0x000000000800e8e0                HAL_i2s_MspInit
                0x000000000800e9b8                HAL_MspDeInit
 .text          0x000000000800e9d4      0x14c /tmp/ccWvbzN6.o
                0x000000000800e9d4                NMI_Handler
                0x000000000800e9e2                HardFault_Handler
                0x000000000800e9e8                MemManage_Handler
                0x000000000800e9ee                BusFault_Handler
                0x000000000800e9f4                UsageFault_Handler
                0x000000000800e9fa                DebugMon_Handler
                0x000000000800ea08                SysTick_Handler
                0x000000000800ea14                OTG_FS_IRQHandler
                0x000000000800ea22                TIM4_IRQHandler
                0x000000000800ea30                TIM5_IRQHandler
                0x000000000800ea3e                EXTI0_IRQHandler
                0x000000000800ea4c                EXTI1_IRQHandler
                0x000000000800ea5a                I2C1_EV_IRQHandler
                0x000000000800ea6c                I2C1_ER_IRQHandler
                0x000000000800ea80                EXTI15_10_IRQHandler
                0x000000000800ea90                USART2_IRQHandler
                0x000000000800eaa4                USART6_IRQHandler
                0x000000000800eab8                SPI2_IRQHandler
                0x000000000800eaf4                I2S2_IRQHandler
                0x000000000800eb02                DMA1_Stream3_IRQHandler
                0x000000000800eb10                DMA1_Stream4_IRQHandler
 .text          0x000000000800eb20      0x16c /tmp/ccdgGUOa.o
                0x000000000800eb20                SystemInit
                0x000000000800eb8c                SystemCoreClockUpdate
 .text          0x000000000800ec8c       0x8c /tmp/ccRh20K6.o
                0x000000000800ec8c                SystemClock_Config
 .text          0x000000000800ed18      0x7a0 /tmp/cc7TedQ6.o
                0x000000000800ed18                prbs
                0x000000000800edb8                Codec_WriteRegister
                0x000000000800edda                configure_codec
                0x000000000800f2cc                stm32_wm5102_init
 .text          0x000000000800f4b8      0x560 /tmp/ccUzcmp7.o
                0x000000000800f4b8                i2c1_Init
                0x000000000800f508                i2c1_WriteBuffer
                0x000000000800f53c                i2c1_ReadBuffer
                0x000000000800f570                i2c1_ReadRegBuffer
                0x000000000800f5d4                i2c1_WriteRegBuffer
                0x000000000800f624                i2c1_WriteRegByte_IT
                0x000000000800f670                i2c1_ReadRegBuffer_IT
                0x000000000800f6d8                i2c1_WriteReg16Byte
                0x000000000800f724                i2c1_WriteReg16Word16
                0x000000000800f77c                i2c1_WriteReg16Word32
                0x000000000800f7e0                i2c1_ReadReg16Byte
                0x000000000800f84c                i2c1_WriteReg32Word16
                0x000000000800f8b0                i2c1_ReadReg16Word16
                0x000000000800f92c                i2c1_ReadReg16Word32
                0x000000000800f9ac                i2c1_ReadReg16Buffer
 .text          0x000000000800fa18      0xa40 /tmp/cclA9jB6.o
                0x000000000800fa18                uart2_Init
                0x000000000800fa70                uart6_Init
                0x000000000800fac8                uart_Write
                0x000000000800faf0                put_char
                0x000000000800fb14                putchar_stlink
                0x000000000800fb38                putchar_zigbee
                0x000000000800fb5c                HAL_UART_RxCpltCallback
                0x000000000800fd14                float2str
                0x000000000800fe64                put_string
                0x000000000800fe90                put_string_stlink
                0x000000000800febc                put_string_zigbee
                0x000000000800fee8                term_printf
                0x000000000800fefa                term_printf_stlink
                0x00000000080101a8                term_printf_zigbee
 .text          0x0000000008010458       0x54 /tmp/ccC4Hkw8.o
                0x0000000008010458                HAL_GPIO_EXTI_Callback
 .text          0x00000000080104ac       0x50 /tmp/cccXmvw9.o
                0x00000000080104ac                i2s2_Init
 .text          0x00000000080104fc       0x40 /local/st/stm32cubeide_1.9.0/plugins/com.st.stm32cube.ide.mcu.externaltools.gnu-tools-for-stm32.10.3-2021.10.linux64_1.0.0.202111181127/tools/bin/../lib/gcc/arm-none-eabi/10.3.1/thumb/v7e-m+fp/hard/libgcc.a(_arm_fixunsdfsi.o)
                0x00000000080104fc                __fixunsdfsi
                0x00000000080104fc                __aeabi_d2uiz
 *(.text*)
 .text.__libc_init_array
                0x000000000801053c       0x48 /local/st/stm32cubeide_1.9.0/plugins/com.st.stm32cube.ide.mcu.externaltools.gnu-tools-for-stm32.10.3-2021.10.linux64_1.0.0.202111181127/tools/bin/../lib/gcc/arm-none-eabi/10.3.1/../../../../arm-none-eabi/lib/thumb/v7e-m+fp/hard/libc.a(lib_a-init.o)
                0x000000000801053c                __libc_init_array
 .text.startup.register_fini
                0x0000000008010584       0x14 /local/st/stm32cubeide_1.9.0/plugins/com.st.stm32cube.ide.mcu.externaltools.gnu-tools-for-stm32.10.3-2021.10.linux64_1.0.0.202111181127/tools/bin/../lib/gcc/arm-none-eabi/10.3.1/../../../../arm-none-eabi/lib/thumb/v7e-m+fp/hard/libc.a(lib_a-__call_atexit.o)
 .text.atexit   0x0000000008010598        0xc /local/st/stm32cubeide_1.9.0/plugins/com.st.stm32cube.ide.mcu.externaltools.gnu-tools-for-stm32.10.3-2021.10.linux64_1.0.0.202111181127/tools/bin/../lib/gcc/arm-none-eabi/10.3.1/../../../../arm-none-eabi/lib/thumb/v7e-m+fp/hard/libc.a(lib_a-atexit.o)
                0x0000000008010598                atexit
 .text.__libc_fini_array
                0x00000000080105a4       0x28 /local/st/stm32cubeide_1.9.0/plugins/com.st.stm32cube.ide.mcu.externaltools.gnu-tools-for-stm32.10.3-2021.10.linux64_1.0.0.202111181127/tools/bin/../lib/gcc/arm-none-eabi/10.3.1/../../../../arm-none-eabi/lib/thumb/v7e-m+fp/hard/libc.a(lib_a-fini.o)
                0x00000000080105a4                __libc_fini_array
 .text.__retarget_lock_acquire_recursive
                0x00000000080105cc        0x2 /local/st/stm32cubeide_1.9.0/plugins/com.st.stm32cube.ide.mcu.externaltools.gnu-tools-for-stm32.10.3-2021.10.linux64_1.0.0.202111181127/tools/bin/../lib/gcc/arm-none-eabi/10.3.1/../../../../arm-none-eabi/lib/thumb/v7e-m+fp/hard/libc.a(lib_a-lock.o)
                0x00000000080105cc                __retarget_lock_acquire_recursive
 .text.__retarget_lock_release_recursive
                0x00000000080105ce        0x2 /local/st/stm32cubeide_1.9.0/plugins/com.st.stm32cube.ide.mcu.externaltools.gnu-tools-for-stm32.10.3-2021.10.linux64_1.0.0.202111181127/tools/bin/../lib/gcc/arm-none-eabi/10.3.1/../../../../arm-none-eabi/lib/thumb/v7e-m+fp/hard/libc.a(lib_a-lock.o)
                0x00000000080105ce                __retarget_lock_release_recursive
 .text.__register_exitproc
                0x00000000080105d0       0x84 /local/st/stm32cubeide_1.9.0/plugins/com.st.stm32cube.ide.mcu.externaltools.gnu-tools-for-stm32.10.3-2021.10.linux64_1.0.0.202111181127/tools/bin/../lib/gcc/arm-none-eabi/10.3.1/../../../../arm-none-eabi/lib/thumb/v7e-m+fp/hard/libc.a(lib_a-__atexit.o)
                0x00000000080105d0                __register_exitproc
 .text.Reset_Handler
                0x0000000008010654       0x50 /tmp/cc8buNx9.o
                0x0000000008010654                Reset_Handler
 .text.Default_Handler
                0x00000000080106a4        0x2 /tmp/cc8buNx9.o
                0x00000000080106a4                RTC_Alarm_IRQHandler
                0x00000000080106a4                EXTI2_IRQHandler
                0x00000000080106a4                SPI4_IRQHandler
                0x00000000080106a4                TIM1_CC_IRQHandler
                0x00000000080106a4                DMA2_Stream5_IRQHandler
                0x00000000080106a4                DMA1_Stream5_IRQHandler
                0x00000000080106a4                PVD_IRQHandler
                0x00000000080106a4                SDIO_IRQHandler
                0x00000000080106a4                TAMP_STAMP_IRQHandler
                0x00000000080106a4                PendSV_Handler
                0x00000000080106a4                EXTI3_IRQHandler
                0x00000000080106a4                TIM1_UP_TIM10_IRQHandler
                0x00000000080106a4                I2C3_ER_IRQHandler
                0x00000000080106a4                I2C2_EV_IRQHandler
                0x00000000080106a4                DMA1_Stream2_IRQHandler
                0x00000000080106a4                FPU_IRQHandler
                0x00000000080106a4                DMA2_Stream2_IRQHandler
                0x00000000080106a4                SPI1_IRQHandler
                0x00000000080106a4                TIM1_BRK_TIM9_IRQHandler
                0x00000000080106a4                DMA2_Stream3_IRQHandler
                0x00000000080106a4                DMA2_Stream0_IRQHandler
                0x00000000080106a4                DMA1_Stream6_IRQHandler
                0x00000000080106a4                DMA1_Stream1_IRQHandler
                0x00000000080106a4                TIM3_IRQHandler
                0x00000000080106a4                RCC_IRQHandler
                0x00000000080106a4                Default_Handler
                0x00000000080106a4                ADC_IRQHandler
                0x00000000080106a4                DMA1_Stream7_IRQHandler
                0x00000000080106a4                SPI5_IRQHandler
                0x00000000080106a4                DMA2_Stream7_IRQHandler
                0x00000000080106a4                I2C3_EV_IRQHandler
                0x00000000080106a4                EXTI9_5_IRQHandler
                0x00000000080106a4                RTC_WKUP_IRQHandler
                0x00000000080106a4                DMA1_Stream0_IRQHandler
                0x00000000080106a4                SVC_Handler
                0x00000000080106a4                EXTI4_IRQHandler
                0x00000000080106a4                WWDG_IRQHandler
                0x00000000080106a4                TIM2_IRQHandler
                0x00000000080106a4                OTG_FS_WKUP_IRQHandler
                0x00000000080106a4                TIM1_TRG_COM_TIM11_IRQHandler
                0x00000000080106a4                I2C2_ER_IRQHandler
                0x00000000080106a4                DMA2_Stream1_IRQHandler
                0x00000000080106a4                FLASH_IRQHandler
                0x00000000080106a4                DMA2_Stream4_IRQHandler
                0x00000000080106a4                USART1_IRQHandler
                0x00000000080106a4                SPI3_IRQHandler
                0x00000000080106a4                DMA2_Stream6_IRQHandler
 .text.memcpy   0x00000000080106a6       0x1c /local/st/stm32cubeide_1.9.0/plugins/com.st.stm32cube.ide.mcu.externaltools.gnu-tools-for-stm32.10.3-2021.10.linux64_1.0.0.202111181127/tools/bin/../lib/gcc/arm-none-eabi/10.3.1/../../../../arm-none-eabi/lib/thumb/v7e-m+fp/hard/libg.a(lib_a-memcpy-stub.o)
                0x00000000080106a6                memcpy
 *(.glue_7)
 .glue_7        0x00000000080106c2        0x0 linker stubs
 *(.glue_7t)
 .glue_7t       0x00000000080106c2        0x0 linker stubs
 *(.eh_frame)
 *fill*         0x00000000080106c2        0x2 
 .eh_frame      0x00000000080106c4        0x0 /local/st/stm32cubeide_1.9.0/plugins/com.st.stm32cube.ide.mcu.externaltools.gnu-tools-for-stm32.10.3-2021.10.linux64_1.0.0.202111181127/tools/bin/../lib/gcc/arm-none-eabi/10.3.1/thumb/v7e-m+fp/hard/crtbegin.o
 *(.init)
 .init          0x00000000080106c4        0x4 /local/st/stm32cubeide_1.9.0/plugins/com.st.stm32cube.ide.mcu.externaltools.gnu-tools-for-stm32.10.3-2021.10.linux64_1.0.0.202111181127/tools/bin/../lib/gcc/arm-none-eabi/10.3.1/thumb/v7e-m+fp/hard/crti.o
                0x00000000080106c4                _init
 .init          0x00000000080106c8        0x8 /local/st/stm32cubeide_1.9.0/plugins/com.st.stm32cube.ide.mcu.externaltools.gnu-tools-for-stm32.10.3-2021.10.linux64_1.0.0.202111181127/tools/bin/../lib/gcc/arm-none-eabi/10.3.1/thumb/v7e-m+fp/hard/crtn.o
 *(.fini)
 .fini          0x00000000080106d0        0x4 /local/st/stm32cubeide_1.9.0/plugins/com.st.stm32cube.ide.mcu.externaltools.gnu-tools-for-stm32.10.3-2021.10.linux64_1.0.0.202111181127/tools/bin/../lib/gcc/arm-none-eabi/10.3.1/thumb/v7e-m+fp/hard/crti.o
                0x00000000080106d0                _fini
 .fini          0x00000000080106d4        0x8 /local/st/stm32cubeide_1.9.0/plugins/com.st.stm32cube.ide.mcu.externaltools.gnu-tools-for-stm32.10.3-2021.10.linux64_1.0.0.202111181127/tools/bin/../lib/gcc/arm-none-eabi/10.3.1/thumb/v7e-m+fp/hard/crtn.o
                0x00000000080106dc                . = ALIGN (0x4)
                0x00000000080106dc                _etext = .

.vfp11_veneer   0x00000000080106dc        0x0
 .vfp11_veneer  0x00000000080106dc        0x0 linker stubs

.v4_bx          0x00000000080106dc        0x0
 .v4_bx         0x00000000080106dc        0x0 linker stubs

.iplt           0x00000000080106dc        0x0
 .iplt          0x00000000080106dc        0x0 /local/st/stm32cubeide_1.9.0/plugins/com.st.stm32cube.ide.mcu.externaltools.gnu-tools-for-stm32.10.3-2021.10.linux64_1.0.0.202111181127/tools/bin/../lib/gcc/arm-none-eabi/10.3.1/thumb/v7e-m+fp/hard/crtbegin.o

.rodata         0x00000000080106dc       0x28
                0x00000000080106dc                . = ALIGN (0x4)
 *(.rodata)
 .rodata        0x00000000080106dc       0x10 /tmp/cc8ivsO8.o
                0x00000000080106dc                APBAHBPrescTable
 .rodata        0x00000000080106ec       0x11 /tmp/cclA9jB6.o
 *(.rodata*)
 *fill*         0x00000000080106fd        0x3 
 .rodata._global_impure_ptr
                0x0000000008010700        0x4 /local/st/stm32cubeide_1.9.0/plugins/com.st.stm32cube.ide.mcu.externaltools.gnu-tools-for-stm32.10.3-2021.10.linux64_1.0.0.202111181127/tools/bin/../lib/gcc/arm-none-eabi/10.3.1/../../../../arm-none-eabi/lib/thumb/v7e-m+fp/hard/libc.a(lib_a-impure.o)
                0x0000000008010700                _global_impure_ptr
                0x0000000008010704                . = ALIGN (0x4)

.rel.dyn        0x0000000008010704        0x0
 .rel.iplt      0x0000000008010704        0x0 /local/st/stm32cubeide_1.9.0/plugins/com.st.stm32cube.ide.mcu.externaltools.gnu-tools-for-stm32.10.3-2021.10.linux64_1.0.0.202111181127/tools/bin/../lib/gcc/arm-none-eabi/10.3.1/thumb/v7e-m+fp/hard/crtbegin.o

.ARM.extab
 *(.ARM.extab* .gnu.linkonce.armextab.*)

.ARM            0x0000000008010704        0x0
                0x0000000008010704                __exidx_start = .
 *(.ARM.exidx*)
                0x0000000008010704                __exidx_end = .

.preinit_array  0x0000000008010704        0x0
                0x0000000008010704                PROVIDE (__preinit_array_start = .)
 *(.preinit_array*)
                0x0000000008010704                PROVIDE (__preinit_array_end = .)

.init_array     0x0000000008010704        0x8
                0x0000000008010704                PROVIDE (__init_array_start = .)
 *(SORT_BY_NAME(.init_array.*))
 .init_array.00000
                0x0000000008010704        0x4 /local/st/stm32cubeide_1.9.0/plugins/com.st.stm32cube.ide.mcu.externaltools.gnu-tools-for-stm32.10.3-2021.10.linux64_1.0.0.202111181127/tools/bin/../lib/gcc/arm-none-eabi/10.3.1/../../../../arm-none-eabi/lib/thumb/v7e-m+fp/hard/libc.a(lib_a-__call_atexit.o)
 *(.init_array*)
 .init_array    0x0000000008010708        0x4 /local/st/stm32cubeide_1.9.0/plugins/com.st.stm32cube.ide.mcu.externaltools.gnu-tools-for-stm32.10.3-2021.10.linux64_1.0.0.202111181127/tools/bin/../lib/gcc/arm-none-eabi/10.3.1/thumb/v7e-m+fp/hard/crtbegin.o
                0x000000000801070c                PROVIDE (__init_array_end = .)

.fini_array     0x000000000801070c        0x4
                0x000000000801070c                PROVIDE (__fini_array_start = .)
 *(SORT_BY_NAME(.fini_array.*))
 *(.fini_array*)
 .fini_array    0x000000000801070c        0x4 /local/st/stm32cubeide_1.9.0/plugins/com.st.stm32cube.ide.mcu.externaltools.gnu-tools-for-stm32.10.3-2021.10.linux64_1.0.0.202111181127/tools/bin/../lib/gcc/arm-none-eabi/10.3.1/thumb/v7e-m+fp/hard/crtbegin.o
                0x0000000008010710                PROVIDE (__fini_array_end = .)
                0x0000000008010710                _sidata = LOADADDR (.data)

.data           0x0000000020000000      0x45c load address 0x0000000008010710
                0x0000000020000000                . = ALIGN (0x4)
                0x0000000020000000                _sdata = .
 *(.data)
 .data          0x0000000020000000       0x14 /tmp/ccdgGUOa.o
                0x0000000020000000                SystemCoreClock
                0x0000000020000004                AHBPrescTable
 .data          0x0000000020000014        0x6 /tmp/cc7TedQ6.o
                0x0000000020000014                fb
                0x0000000020000018                sreg
 *fill*         0x000000002000001a        0x2 
 .data          0x000000002000001c       0x11 /tmp/cclA9jB6.o
 *(.data*)
 *fill*         0x000000002000002d        0x3 
 .data.impure_data
                0x0000000020000030      0x428 /local/st/stm32cubeide_1.9.0/plugins/com.st.stm32cube.ide.mcu.externaltools.gnu-tools-for-stm32.10.3-2021.10.linux64_1.0.0.202111181127/tools/bin/../lib/gcc/arm-none-eabi/10.3.1/../../../../arm-none-eabi/lib/thumb/v7e-m+fp/hard/libc.a(lib_a-impure.o)
 .data.__atexit_recursive_mutex
                0x0000000020000458        0x4 /local/st/stm32cubeide_1.9.0/plugins/com.st.stm32cube.ide.mcu.externaltools.gnu-tools-for-stm32.10.3-2021.10.linux64_1.0.0.202111181127/tools/bin/../lib/gcc/arm-none-eabi/10.3.1/../../../../arm-none-eabi/lib/thumb/v7e-m+fp/hard/libc.a(lib_a-__call_atexit.o)
                0x0000000020000458                __atexit_recursive_mutex
                0x000000002000045c                . = ALIGN (0x4)
                0x000000002000045c                _edata = .

.igot.plt       0x000000002000045c        0x0 load address 0x0000000008010b6c
 .igot.plt      0x000000002000045c        0x0 /local/st/stm32cubeide_1.9.0/plugins/com.st.stm32cube.ide.mcu.externaltools.gnu-tools-for-stm32.10.3-2021.10.linux64_1.0.0.202111181127/tools/bin/../lib/gcc/arm-none-eabi/10.3.1/thumb/v7e-m+fp/hard/crtbegin.o
                0x000000002000045c                . = ALIGN (0x4)

.bss            0x000000002000045c      0x338 load address 0x0000000008010b6c
                0x000000002000045c                _sbss = .
                0x000000002000045c                __bss_start__ = _sbss
 *(.bss)
 .bss           0x000000002000045c       0x1c /local/st/stm32cubeide_1.9.0/plugins/com.st.stm32cube.ide.mcu.externaltools.gnu-tools-for-stm32.10.3-2021.10.linux64_1.0.0.202111181127/tools/bin/../lib/gcc/arm-none-eabi/10.3.1/thumb/v7e-m+fp/hard/crtbegin.o
 .bss           0x0000000020000478        0x4 /tmp/ccQz56z6.o
 *(.bss*)
 .bss.__lock___atexit_recursive_mutex
                0x000000002000047c        0x1 /local/st/stm32cubeide_1.9.0/plugins/com.st.stm32cube.ide.mcu.externaltools.gnu-tools-for-stm32.10.3-2021.10.linux64_1.0.0.202111181127/tools/bin/../lib/gcc/arm-none-eabi/10.3.1/../../../../arm-none-eabi/lib/thumb/v7e-m+fp/hard/libc.a(lib_a-lock.o)
                0x000000002000047c                __lock___atexit_recursive_mutex
 *(COMMON)
 *fill*         0x000000002000047d        0x3 
 COMMON         0x0000000020000480       0x80 /tmp/ccIrs1j9.o
                0x0000000020000480                Uart6Handle
                0x00000000200004c0                Uart2Handle
 COMMON         0x0000000020000500      0x23c /tmp/cc7TedQ6.o
                0x0000000020000500                pongOUT
                0x0000000020000580                pongIN
                0x0000000020000600                pingIN
                0x0000000020000680                pingOUT
                0x0000000020000700                DMA_InitStructure
 COMMON         0x000000002000073c       0x3c /tmp/ccUzcmp7.o
                0x000000002000073c                hi2c1
 COMMON         0x0000000020000778        0xa /tmp/cclA9jB6.o
                0x0000000020000778                rec_buf2
                0x000000002000077c                rec_buf6
                0x0000000020000780                rec_buf
 *fill*         0x0000000020000782        0x2 
 COMMON         0x0000000020000784       0x10 /tmp/cccXmvw9.o
                0x0000000020000784                I2S_InitStructure
                0x0000000020000794                . = ALIGN (0x4)
                0x0000000020000794                _ebss = .
                0x0000000020000794                __bss_end__ = _ebss

._user_heap_stack
                0x0000000020000794      0x400 load address 0x0000000008010b6c
                0x0000000020000794                . = ALIGN (0x4)
                [!provide]                        PROVIDE (end = .)
                [!provide]                        PROVIDE (_end = .)
                0x0000000020000994                . = (. + _Min_Heap_Size)
 *fill*         0x0000000020000794      0x200 
                0x0000000020000b94                . = (. + _Min_Stack_Size)
 *fill*         0x0000000020000994      0x200 
                0x0000000020000b94                . = ALIGN (0x4)

/DISCARD/
 libc.a(*)
 libm.a(*)
 libgcc.a(*)

.ARM.attributes
                0x0000000000000000       0x2e
 *(.ARM.attributes)
 .ARM.attributes
                0x0000000000000000       0x1e /local/st/stm32cubeide_1.9.0/plugins/com.st.stm32cube.ide.mcu.externaltools.gnu-tools-for-stm32.10.3-2021.10.linux64_1.0.0.202111181127/tools/bin/../lib/gcc/arm-none-eabi/10.3.1/thumb/v7e-m+fp/hard/crti.o
 .ARM.attributes
                0x000000000000001e       0x34 /local/st/stm32cubeide_1.9.0/plugins/com.st.stm32cube.ide.mcu.externaltools.gnu-tools-for-stm32.10.3-2021.10.linux64_1.0.0.202111181127/tools/bin/../lib/gcc/arm-none-eabi/10.3.1/thumb/v7e-m+fp/hard/crtbegin.o
 .ARM.attributes
                0x0000000000000052       0x34 /local/st/stm32cubeide_1.9.0/plugins/com.st.stm32cube.ide.mcu.externaltools.gnu-tools-for-stm32.10.3-2021.10.linux64_1.0.0.202111181127/tools/bin/../lib/gcc/arm-none-eabi/10.3.1/../../../../arm-none-eabi/lib/thumb/v7e-m+fp/hard/libc.a(lib_a-impure.o)
 .ARM.attributes
                0x0000000000000086       0x34 /local/st/stm32cubeide_1.9.0/plugins/com.st.stm32cube.ide.mcu.externaltools.gnu-tools-for-stm32.10.3-2021.10.linux64_1.0.0.202111181127/tools/bin/../lib/gcc/arm-none-eabi/10.3.1/../../../../arm-none-eabi/lib/thumb/v7e-m+fp/hard/libc.a(lib_a-init.o)
 .ARM.attributes
                0x00000000000000ba       0x34 /local/st/stm32cubeide_1.9.0/plugins/com.st.stm32cube.ide.mcu.externaltools.gnu-tools-for-stm32.10.3-2021.10.linux64_1.0.0.202111181127/tools/bin/../lib/gcc/arm-none-eabi/10.3.1/../../../../arm-none-eabi/lib/thumb/v7e-m+fp/hard/libc.a(lib_a-__call_atexit.o)
 .ARM.attributes
                0x00000000000000ee       0x34 /local/st/stm32cubeide_1.9.0/plugins/com.st.stm32cube.ide.mcu.externaltools.gnu-tools-for-stm32.10.3-2021.10.linux64_1.0.0.202111181127/tools/bin/../lib/gcc/arm-none-eabi/10.3.1/../../../../arm-none-eabi/lib/thumb/v7e-m+fp/hard/libc.a(lib_a-atexit.o)
 .ARM.attributes
                0x0000000000000122       0x34 /local/st/stm32cubeide_1.9.0/plugins/com.st.stm32cube.ide.mcu.externaltools.gnu-tools-for-stm32.10.3-2021.10.linux64_1.0.0.202111181127/tools/bin/../lib/gcc/arm-none-eabi/10.3.1/../../../../arm-none-eabi/lib/thumb/v7e-m+fp/hard/libc.a(lib_a-fini.o)
 .ARM.attributes
                0x0000000000000156       0x34 /local/st/stm32cubeide_1.9.0/plugins/com.st.stm32cube.ide.mcu.externaltools.gnu-tools-for-stm32.10.3-2021.10.linux64_1.0.0.202111181127/tools/bin/../lib/gcc/arm-none-eabi/10.3.1/../../../../arm-none-eabi/lib/thumb/v7e-m+fp/hard/libc.a(lib_a-lock.o)
 .ARM.attributes
                0x000000000000018a       0x34 /local/st/stm32cubeide_1.9.0/plugins/com.st.stm32cube.ide.mcu.externaltools.gnu-tools-for-stm32.10.3-2021.10.linux64_1.0.0.202111181127/tools/bin/../lib/gcc/arm-none-eabi/10.3.1/../../../../arm-none-eabi/lib/thumb/v7e-m+fp/hard/libc.a(lib_a-__atexit.o)
 .ARM.attributes
                0x00000000000001be       0x34 /tmp/ccQz56z6.o
 .ARM.attributes
                0x00000000000001f2       0x34 /tmp/cc8ivsO8.o
 .ARM.attributes
                0x0000000000000226       0x34 /tmp/ccU2GVL6.o
 .ARM.attributes
                0x000000000000025a       0x34 /tmp/ccJlJ9h9.o
 .ARM.attributes
                0x000000000000028e       0x34 /tmp/cc32KGaa.o
 .ARM.attributes
                0x00000000000002c2       0x34 /tmp/cc6bzXc8.o
 .ARM.attributes
                0x00000000000002f6       0x34 /tmp/cciUY417.o
 .ARM.attributes
                0x000000000000032a       0x34 /tmp/cc3wtEv7.o
 .ARM.attributes
                0x000000000000035e       0x34 /tmp/ccp2viVa.o
 .ARM.attributes
                0x0000000000000392       0x34 /tmp/ccIrs1j9.o
 .ARM.attributes
                0x00000000000003c6       0x23 /tmp/cc8buNx9.o
 .ARM.attributes
                0x00000000000003e9       0x34 /tmp/ccAfoW16.o
 .ARM.attributes
                0x000000000000041d       0x34 /tmp/ccWvbzN6.o
 .ARM.attributes
                0x0000000000000451       0x34 /tmp/ccdgGUOa.o
 .ARM.attributes
                0x0000000000000485       0x34 /tmp/ccRh20K6.o
 .ARM.attributes
                0x00000000000004b9       0x34 /tmp/cc7TedQ6.o
 .ARM.attributes
                0x00000000000004ed       0x34 /tmp/ccUzcmp7.o
 .ARM.attributes
                0x0000000000000521       0x34 /tmp/cclA9jB6.o
 .ARM.attributes
                0x0000000000000555       0x34 /tmp/ccC4Hkw8.o
 .ARM.attributes
                0x0000000000000589       0x34 /tmp/cccXmvw9.o
 .ARM.attributes
                0x00000000000005bd       0x1e /local/st/stm32cubeide_1.9.0/plugins/com.st.stm32cube.ide.mcu.externaltools.gnu-tools-for-stm32.10.3-2021.10.linux64_1.0.0.202111181127/tools/bin/../lib/gcc/arm-none-eabi/10.3.1/thumb/v7e-m+fp/hard/libgcc.a(_arm_fixunsdfsi.o)
 .ARM.attributes
                0x00000000000005db       0x34 /local/st/stm32cubeide_1.9.0/plugins/com.st.stm32cube.ide.mcu.externaltools.gnu-tools-for-stm32.10.3-2021.10.linux64_1.0.0.202111181127/tools/bin/../lib/gcc/arm-none-eabi/10.3.1/../../../../arm-none-eabi/lib/thumb/v7e-m+fp/hard/libg.a(lib_a-memcpy-stub.o)
 .ARM.attributes
                0x000000000000060f       0x1e /local/st/stm32cubeide_1.9.0/plugins/com.st.stm32cube.ide.mcu.externaltools.gnu-tools-for-stm32.10.3-2021.10.linux64_1.0.0.202111181127/tools/bin/../lib/gcc/arm-none-eabi/10.3.1/thumb/v7e-m+fp/hard/crtn.o
OUTPUT(template.elf elf32-littlearm)
LOAD linker stubs
LOAD /local/st/stm32cubeide_1.9.0/plugins/com.st.stm32cube.ide.mcu.externaltools.gnu-tools-for-stm32.10.3-2021.10.linux64_1.0.0.202111181127/tools/bin/../lib/gcc/arm-none-eabi/10.3.1/../../../../arm-none-eabi/lib/thumb/v7e-m+fp/hard/libc.a
LOAD /local/st/stm32cubeide_1.9.0/plugins/com.st.stm32cube.ide.mcu.externaltools.gnu-tools-for-stm32.10.3-2021.10.linux64_1.0.0.202111181127/tools/bin/../lib/gcc/arm-none-eabi/10.3.1/../../../../arm-none-eabi/lib/thumb/v7e-m+fp/hard/libm.a
LOAD /local/st/stm32cubeide_1.9.0/plugins/com.st.stm32cube.ide.mcu.externaltools.gnu-tools-for-stm32.10.3-2021.10.linux64_1.0.0.202111181127/tools/bin/../lib/gcc/arm-none-eabi/10.3.1/thumb/v7e-m+fp/hard/libgcc.a

.debug_frame    0x0000000000000000     0x2dc4
 .debug_frame   0x0000000000000000       0x2c /local/st/stm32cubeide_1.9.0/plugins/com.st.stm32cube.ide.mcu.externaltools.gnu-tools-for-stm32.10.3-2021.10.linux64_1.0.0.202111181127/tools/bin/../lib/gcc/arm-none-eabi/10.3.1/../../../../arm-none-eabi/lib/thumb/v7e-m+fp/hard/libc.a(lib_a-init.o)
 .debug_frame   0x000000000000002c       0x58 /local/st/stm32cubeide_1.9.0/plugins/com.st.stm32cube.ide.mcu.externaltools.gnu-tools-for-stm32.10.3-2021.10.linux64_1.0.0.202111181127/tools/bin/../lib/gcc/arm-none-eabi/10.3.1/../../../../arm-none-eabi/lib/thumb/v7e-m+fp/hard/libc.a(lib_a-__call_atexit.o)
 .debug_frame   0x0000000000000084       0x20 /local/st/stm32cubeide_1.9.0/plugins/com.st.stm32cube.ide.mcu.externaltools.gnu-tools-for-stm32.10.3-2021.10.linux64_1.0.0.202111181127/tools/bin/../lib/gcc/arm-none-eabi/10.3.1/../../../../arm-none-eabi/lib/thumb/v7e-m+fp/hard/libc.a(lib_a-atexit.o)
 .debug_frame   0x00000000000000a4       0x38 /local/st/stm32cubeide_1.9.0/plugins/com.st.stm32cube.ide.mcu.externaltools.gnu-tools-for-stm32.10.3-2021.10.linux64_1.0.0.202111181127/tools/bin/../lib/gcc/arm-none-eabi/10.3.1/../../../../arm-none-eabi/lib/thumb/v7e-m+fp/hard/libc.a(lib_a-fini.o)
 .debug_frame   0x00000000000000dc       0xb0 /local/st/stm32cubeide_1.9.0/plugins/com.st.stm32cube.ide.mcu.externaltools.gnu-tools-for-stm32.10.3-2021.10.linux64_1.0.0.202111181127/tools/bin/../lib/gcc/arm-none-eabi/10.3.1/../../../../arm-none-eabi/lib/thumb/v7e-m+fp/hard/libc.a(lib_a-lock.o)
 .debug_frame   0x000000000000018c       0x34 /local/st/stm32cubeide_1.9.0/plugins/com.st.stm32cube.ide.mcu.externaltools.gnu-tools-for-stm32.10.3-2021.10.linux64_1.0.0.202111181127/tools/bin/../lib/gcc/arm-none-eabi/10.3.1/../../../../arm-none-eabi/lib/thumb/v7e-m+fp/hard/libc.a(lib_a-__atexit.o)
 .debug_frame   0x00000000000001c0      0x2c0 /tmp/ccQz56z6.o
 .debug_frame   0x0000000000000480      0x204 /tmp/cc8ivsO8.o
 .debug_frame   0x0000000000000684      0x14c /tmp/ccU2GVL6.o
 .debug_frame   0x00000000000007d0      0x428 /tmp/ccJlJ9h9.o
 .debug_frame   0x0000000000000bf8      0x5e0 /tmp/cc32KGaa.o
 .debug_frame   0x00000000000011d8      0x194 /tmp/cc6bzXc8.o
 .debug_frame   0x000000000000136c      0x8a4 /tmp/cciUY417.o
 .debug_frame   0x0000000000001c10      0x3f8 /tmp/cc3wtEv7.o
 .debug_frame   0x0000000000002008      0x308 /tmp/ccp2viVa.o
 .debug_frame   0x0000000000002310       0x54 /tmp/ccIrs1j9.o
 .debug_frame   0x0000000000002364      0x158 /tmp/ccAfoW16.o
 .debug_frame   0x00000000000024bc      0x26c /tmp/ccWvbzN6.o
 .debug_frame   0x0000000000002728       0x58 /tmp/ccdgGUOa.o
 .debug_frame   0x0000000000002780       0x34 /tmp/ccRh20K6.o
 .debug_frame   0x00000000000027b4       0xa8 /tmp/cc7TedQ6.o
 .debug_frame   0x000000000000285c      0x224 /tmp/ccUzcmp7.o
 .debug_frame   0x0000000000002a80      0x294 /tmp/cclA9jB6.o
 .debug_frame   0x0000000000002d14       0x38 /tmp/ccC4Hkw8.o
 .debug_frame   0x0000000000002d4c       0x2c /tmp/cccXmvw9.o
 .debug_frame   0x0000000000002d78       0x24 /local/st/stm32cubeide_1.9.0/plugins/com.st.stm32cube.ide.mcu.externaltools.gnu-tools-for-stm32.10.3-2021.10.linux64_1.0.0.202111181127/tools/bin/../lib/gcc/arm-none-eabi/10.3.1/thumb/v7e-m+fp/hard/libgcc.a(_arm_fixunsdfsi.o)
 .debug_frame   0x0000000000002d9c       0x28 /local/st/stm32cubeide_1.9.0/plugins/com.st.stm32cube.ide.mcu.externaltools.gnu-tools-for-stm32.10.3-2021.10.linux64_1.0.0.202111181127/tools/bin/../lib/gcc/arm-none-eabi/10.3.1/../../../../arm-none-eabi/lib/thumb/v7e-m+fp/hard/libg.a(lib_a-memcpy-stub.o)

.debug_info     0x0000000000000000     0xd1c1
 .debug_info    0x0000000000000000      0x8a5 /tmp/ccQz56z6.o
 .debug_info    0x00000000000008a5      0xd75 /tmp/cc8ivsO8.o
 .debug_info    0x000000000000161a      0x731 /tmp/ccU2GVL6.o
 .debug_info    0x0000000000001d4b      0xb32 /tmp/ccJlJ9h9.o
 .debug_info    0x000000000000287d      0xfdd /tmp/cc32KGaa.o
 .debug_info    0x000000000000385a      0x670 /tmp/cc6bzXc8.o
 .debug_info    0x0000000000003eca     0x19d3 /tmp/cciUY417.o
 .debug_info    0x000000000000589d      0xaf9 /tmp/cc3wtEv7.o
 .debug_info    0x0000000000006396      0x76d /tmp/ccp2viVa.o
 .debug_info    0x0000000000006b03      0xdc7 /tmp/ccIrs1j9.o
 .debug_info    0x00000000000078ca       0x22 /tmp/cc8buNx9.o
 .debug_info    0x00000000000078ec      0xb5e /tmp/ccAfoW16.o
 .debug_info    0x000000000000844a      0xa62 /tmp/ccWvbzN6.o
 .debug_info    0x0000000000008eac      0x4e6 /tmp/ccdgGUOa.o
 .debug_info    0x0000000000009392      0x92f /tmp/ccRh20K6.o
 .debug_info    0x0000000000009cc1      0xd9c /tmp/cc7TedQ6.o
 .debug_info    0x000000000000aa5d      0xea1 /tmp/ccUzcmp7.o
 .debug_info    0x000000000000b8fe      0xb46 /tmp/cclA9jB6.o
 .debug_info    0x000000000000c444      0x570 /tmp/ccC4Hkw8.o
 .debug_info    0x000000000000c9b4      0x6e5 /tmp/cccXmvw9.o
 .debug_info    0x000000000000d099      0x128 /local/st/stm32cubeide_1.9.0/plugins/com.st.stm32cube.ide.mcu.externaltools.gnu-tools-for-stm32.10.3-2021.10.linux64_1.0.0.202111181127/tools/bin/../lib/gcc/arm-none-eabi/10.3.1/../../../../arm-none-eabi/lib/thumb/v7e-m+fp/hard/libg.a(lib_a-memcpy-stub.o)

.debug_abbrev   0x0000000000000000     0x25dd
 .debug_abbrev  0x0000000000000000      0x2a8 /tmp/ccQz56z6.o
 .debug_abbrev  0x00000000000002a8      0x2c6 /tmp/cc8ivsO8.o
 .debug_abbrev  0x000000000000056e      0x1b8 /tmp/ccU2GVL6.o
 .debug_abbrev  0x0000000000000726      0x2cd /tmp/ccJlJ9h9.o
 .debug_abbrev  0x00000000000009f3      0x282 /tmp/cc32KGaa.o
 .debug_abbrev  0x0000000000000c75      0x1bf /tmp/cc6bzXc8.o
 .debug_abbrev  0x0000000000000e34      0x271 /tmp/cciUY417.o
 .debug_abbrev  0x00000000000010a5      0x178 /tmp/cc3wtEv7.o
 .debug_abbrev  0x000000000000121d      0x137 /tmp/ccp2viVa.o
 .debug_abbrev  0x0000000000001354      0x297 /tmp/ccIrs1j9.o
 .debug_abbrev  0x00000000000015eb       0x12 /tmp/cc8buNx9.o
 .debug_abbrev  0x00000000000015fd      0x188 /tmp/ccAfoW16.o
 .debug_abbrev  0x0000000000001785      0x1b5 /tmp/ccWvbzN6.o
 .debug_abbrev  0x000000000000193a      0x126 /tmp/ccdgGUOa.o
 .debug_abbrev  0x0000000000001a60      0x167 /tmp/ccRh20K6.o
 .debug_abbrev  0x0000000000001bc7      0x25d /tmp/cc7TedQ6.o
 .debug_abbrev  0x0000000000001e24      0x1db /tmp/ccUzcmp7.o
 .debug_abbrev  0x0000000000001fff      0x2a4 /tmp/cclA9jB6.o
 .debug_abbrev  0x00000000000022a3      0x13c /tmp/ccC4Hkw8.o
 .debug_abbrev  0x00000000000023df      0x140 /tmp/cccXmvw9.o
 .debug_abbrev  0x000000000000251f       0xbe /local/st/stm32cubeide_1.9.0/plugins/com.st.stm32cube.ide.mcu.externaltools.gnu-tools-for-stm32.10.3-2021.10.linux64_1.0.0.202111181127/tools/bin/../lib/gcc/arm-none-eabi/10.3.1/../../../../arm-none-eabi/lib/thumb/v7e-m+fp/hard/libg.a(lib_a-memcpy-stub.o)

.debug_aranges  0x0000000000000000      0x2a8
 .debug_aranges
                0x0000000000000000       0x20 /tmp/ccQz56z6.o
 .debug_aranges
                0x0000000000000020       0x20 /tmp/cc8ivsO8.o
 .debug_aranges
                0x0000000000000040       0x20 /tmp/ccU2GVL6.o
 .debug_aranges
                0x0000000000000060       0x20 /tmp/ccJlJ9h9.o
 .debug_aranges
                0x0000000000000080       0x20 /tmp/cc32KGaa.o
 .debug_aranges
                0x00000000000000a0       0x20 /tmp/cc6bzXc8.o
 .debug_aranges
                0x00000000000000c0       0x20 /tmp/cciUY417.o
 .debug_aranges
                0x00000000000000e0       0x20 /tmp/cc3wtEv7.o
 .debug_aranges
                0x0000000000000100       0x20 /tmp/ccp2viVa.o
 .debug_aranges
                0x0000000000000120       0x20 /tmp/ccIrs1j9.o
 .debug_aranges
                0x0000000000000140       0x28 /tmp/cc8buNx9.o
 .debug_aranges
                0x0000000000000168       0x20 /tmp/ccAfoW16.o
 .debug_aranges
                0x0000000000000188       0x20 /tmp/ccWvbzN6.o
 .debug_aranges
                0x00000000000001a8       0x20 /tmp/ccdgGUOa.o
 .debug_aranges
                0x00000000000001c8       0x20 /tmp/ccRh20K6.o
 .debug_aranges
                0x00000000000001e8       0x20 /tmp/cc7TedQ6.o
 .debug_aranges
                0x0000000000000208       0x20 /tmp/ccUzcmp7.o
 .debug_aranges
                0x0000000000000228       0x20 /tmp/cclA9jB6.o
 .debug_aranges
                0x0000000000000248       0x20 /tmp/ccC4Hkw8.o
 .debug_aranges
                0x0000000000000268       0x20 /tmp/cccXmvw9.o
 .debug_aranges
                0x0000000000000288       0x20 /local/st/stm32cubeide_1.9.0/plugins/com.st.stm32cube.ide.mcu.externaltools.gnu-tools-for-stm32.10.3-2021.10.linux64_1.0.0.202111181127/tools/bin/../lib/gcc/arm-none-eabi/10.3.1/../../../../arm-none-eabi/lib/thumb/v7e-m+fp/hard/libg.a(lib_a-memcpy-stub.o)

.debug_line     0x0000000000000000     0xd29f
 .debug_line    0x0000000000000000      0x58a /tmp/ccQz56z6.o
 .debug_line    0x000000000000058a      0xbf5 /tmp/cc8ivsO8.o
 .debug_line    0x000000000000117f      0x67f /tmp/ccU2GVL6.o
 .debug_line    0x00000000000017fe      0x6ca /tmp/ccJlJ9h9.o
 .debug_line    0x0000000000001ec8      0xec3 /tmp/cc32KGaa.o
 .debug_line    0x0000000000002d8b     0x4984 /tmp/cc6bzXc8.o
 .debug_line    0x000000000000770f     0x1e4d /tmp/cciUY417.o
 .debug_line    0x000000000000955c      0x605 /tmp/cc3wtEv7.o
 .debug_line    0x0000000000009b61      0x641 /tmp/ccp2viVa.o
 .debug_line    0x000000000000a1a2      0x568 /tmp/ccIrs1j9.o
 .debug_line    0x000000000000a70a       0x7b /tmp/cc8buNx9.o
 .debug_line    0x000000000000a785      0x3d7 /tmp/ccAfoW16.o
 .debug_line    0x000000000000ab5c      0x41f /tmp/ccWvbzN6.o
 .debug_line    0x000000000000af7b      0x459 /tmp/ccdgGUOa.o
 .debug_line    0x000000000000b3d4      0x325 /tmp/ccRh20K6.o
 .debug_line    0x000000000000b6f9      0x4d2 /tmp/cc7TedQ6.o
 .debug_line    0x000000000000bbcb      0x63d /tmp/ccUzcmp7.o
 .debug_line    0x000000000000c208      0x89f /tmp/cclA9jB6.o
 .debug_line    0x000000000000caa7      0x2f4 /tmp/ccC4Hkw8.o
 .debug_line    0x000000000000cd9b      0x362 /tmp/cccXmvw9.o
 .debug_line    0x000000000000d0fd      0x1a2 /local/st/stm32cubeide_1.9.0/plugins/com.st.stm32cube.ide.mcu.externaltools.gnu-tools-for-stm32.10.3-2021.10.linux64_1.0.0.202111181127/tools/bin/../lib/gcc/arm-none-eabi/10.3.1/../../../../arm-none-eabi/lib/thumb/v7e-m+fp/hard/libg.a(lib_a-memcpy-stub.o)

.debug_str      0x0000000000000000     0x32ae
 .debug_str     0x0000000000000000      0x916 /tmp/ccQz56z6.o
                                        0x971 (size before relaxing)
 .debug_str     0x0000000000000916      0x344 /tmp/cc8ivsO8.o
                                        0x6e5 (size before relaxing)
 .debug_str     0x0000000000000c5a      0x166 /tmp/ccU2GVL6.o
                                        0x4f2 (size before relaxing)
 .debug_str     0x0000000000000dc0      0x2a9 /tmp/ccJlJ9h9.o
                                        0x9a9 (size before relaxing)
 .debug_str     0x0000000000001069      0x76d /tmp/cc32KGaa.o
                                        0xa62 (size before relaxing)
 .debug_str     0x00000000000017d6      0x13a /tmp/cc6bzXc8.o
                                        0x608 (size before relaxing)
 .debug_str     0x0000000000001910      0x731 /tmp/cciUY417.o
                                        0xc78 (size before relaxing)
 .debug_str     0x0000000000002041      0x3ae /tmp/cc3wtEv7.o
                                        0x6cc (size before relaxing)
 .debug_str     0x00000000000023ef      0x325 /tmp/ccp2viVa.o
                                        0x5a9 (size before relaxing)
 .debug_str     0x0000000000002714      0x35a /tmp/ccIrs1j9.o
                                        0xb49 (size before relaxing)
 .debug_str     0x0000000000002a6e       0x2b /tmp/cc8buNx9.o
                                         0x75 (size before relaxing)
 .debug_str     0x0000000000002a99       0xb5 /tmp/ccAfoW16.o
                                        0xc3e (size before relaxing)
 .debug_str     0x0000000000002b4e      0x191 /tmp/ccWvbzN6.o
                                        0xa43 (size before relaxing)
 .debug_str     0x0000000000002cdf       0x42 /tmp/ccdgGUOa.o
                                        0x383 (size before relaxing)
 .debug_str     0x0000000000002d21       0x12 /tmp/ccRh20K6.o
                                        0x8ba (size before relaxing)
 .debug_str     0x0000000000002d33      0x100 /tmp/cc7TedQ6.o
                                        0xa8f (size before relaxing)
 .debug_str     0x0000000000002e33      0x161 /tmp/ccUzcmp7.o
                                        0xa0a (size before relaxing)
 .debug_str     0x0000000000002f94      0x13b /tmp/cclA9jB6.o
                                        0x7f2 (size before relaxing)
 .debug_str     0x00000000000030cf       0x13 /tmp/ccC4Hkw8.o
                                        0x64d (size before relaxing)
 .debug_str     0x00000000000030e2       0x24 /tmp/cccXmvw9.o
                                        0x716 (size before relaxing)
 .debug_str     0x0000000000003106      0x1a8 /local/st/stm32cubeide_1.9.0/plugins/com.st.stm32cube.ide.mcu.externaltools.gnu-tools-for-stm32.10.3-2021.10.linux64_1.0.0.202111181127/tools/bin/../lib/gcc/arm-none-eabi/10.3.1/../../../../arm-none-eabi/lib/thumb/v7e-m+fp/hard/libg.a(lib_a-memcpy-stub.o)
                                        0x24b (size before relaxing)

.comment        0x0000000000000000       0x50
 .comment       0x0000000000000000       0x50 /tmp/ccQz56z6.o
                                         0x51 (size before relaxing)
 .comment       0x0000000000000050       0x51 /tmp/cc8ivsO8.o
 .comment       0x0000000000000050       0x51 /tmp/ccU2GVL6.o
 .comment       0x0000000000000050       0x51 /tmp/ccJlJ9h9.o
 .comment       0x0000000000000050       0x51 /tmp/cc32KGaa.o
 .comment       0x0000000000000050       0x51 /tmp/cc6bzXc8.o
 .comment       0x0000000000000050       0x51 /tmp/cciUY417.o
 .comment       0x0000000000000050       0x51 /tmp/cc3wtEv7.o
 .comment       0x0000000000000050       0x51 /tmp/ccp2viVa.o
 .comment       0x0000000000000050       0x51 /tmp/ccIrs1j9.o
 .comment       0x0000000000000050       0x51 /tmp/ccAfoW16.o
 .comment       0x0000000000000050       0x51 /tmp/ccWvbzN6.o
 .comment       0x0000000000000050       0x51 /tmp/ccdgGUOa.o
 .comment       0x0000000000000050       0x51 /tmp/ccRh20K6.o
 .comment       0x0000000000000050       0x51 /tmp/cc7TedQ6.o
 .comment       0x0000000000000050       0x51 /tmp/ccUzcmp7.o
 .comment       0x0000000000000050       0x51 /tmp/cclA9jB6.o
 .comment       0x0000000000000050       0x51 /tmp/ccC4Hkw8.o
 .comment       0x0000000000000050       0x51 /tmp/cccXmvw9.o
 .comment       0x0000000000000050       0x51 /local/st/stm32cubeide_1.9.0/plugins/com.st.stm32cube.ide.mcu.externaltools.gnu-tools-for-stm32.10.3-2021.10.linux64_1.0.0.202111181127/tools/bin/../lib/gcc/arm-none-eabi/10.3.1/../../../../arm-none-eabi/lib/thumb/v7e-m+fp/hard/libg.a(lib_a-memcpy-stub.o)

.debug_ranges   0x0000000000000000       0x30
 .debug_ranges  0x0000000000000000       0x20 /tmp/cc8buNx9.o
 .debug_ranges  0x0000000000000020       0x10 /local/st/stm32cubeide_1.9.0/plugins/com.st.stm32cube.ide.mcu.externaltools.gnu-tools-for-stm32.10.3-2021.10.linux64_1.0.0.202111181127/tools/bin/../lib/gcc/arm-none-eabi/10.3.1/../../../../arm-none-eabi/lib/thumb/v7e-m+fp/hard/libg.a(lib_a-memcpy-stub.o)

.debug_loc      0x0000000000000000       0xd9
 .debug_loc     0x0000000000000000       0xd9 /local/st/stm32cubeide_1.9.0/plugins/com.st.stm32cube.ide.mcu.externaltools.gnu-tools-for-stm32.10.3-2021.10.linux64_1.0.0.202111181127/tools/bin/../lib/gcc/arm-none-eabi/10.3.1/../../../../arm-none-eabi/lib/thumb/v7e-m+fp/hard/libg.a(lib_a-memcpy-stub.o)
